 AS V1.42 Beta [Bld 137] - source file Z80mon.asm - page 1 - 2019/04/23 22時12分22秒


       1/       0 :                     ;-----------------------------------------------------------------------
       2/       0 :                     ; Z80 Monitor KUNI-NET
       3/       0 :                     ;-----------------------------------------------------------------------
       4/       0 :                     ; 以下のルーチンはSBC8080データパックのASMソースを参考にさせていただきました。
       5/       0 :                     ;  SERINT 	8251シリアル割り込みルーチン
       6/       0 :                     ;  CIN		シリアル1文字入力ルーチン
       7/       0 :                     ;  COUT		シリアル1文字出力ルーチン
       8/       0 :                     ;  CKINCHAR	シリアルバッファチェックルーチン
       9/       0 :                     
      10/       0 : =DH                 CR		EQU	0DH
      11/       0 : =AH                 LF		EQU	0AH
      12/       0 : =1BH                ESC		EQU	1BH
      13/       0 : =3H                 CTRLC	EQU	03H
      14/       0 : =CH                 CLS		EQU	0CH
      15/       0 : =20H                SPC		EQU	20h
      16/       0 : =0H                 NULL	EQU 00h
      17/       0 : =7H                 BEEP	EQU 07h
      18/       0 : =8H                 BS		EQU 08h
      19/       0 : =9H                 TAB		EQU 09h
      20/       0 : =7FH                DEL		EQU 7Fh
      21/       0 :                     ;
      22/       0 : =0H                 UARTRD	EQU	00H
      23/       0 : =1H                 UARTRC	EQU	01H
      24/       0 :                     ;
      25/       0 : =3FH                BUFSIZ	EQU	3FH
      26/       0 : =30H                BUFFUL	EQU	30H
      27/       0 : =5H                 BUFEMP	EQU	5
      28/       0 :                     ;
      29/       0 : =17H                RTSHIG	EQU	00010111B
      30/       0 : =37H                RTSLOW	EQU	00110111B
      31/       0 :                     
      32/       0 :                     
      33/       0 :                     ;------------------------------------------------------------------------------
      34/       0 :                     ; RAM バッファ & STACK
      35/       0 :                     ;------------------------------------------------------------------------------
      36/    4000 :                     		ORG	4000h
      37/    4000 :                     ;
      38/    4000 :                     SERBUF	DS	BUFSIZ
      39/    403F :                     SERINP	DS	2
      40/    4041 :                     SERRDP	DS	2
      41/    4043 :                     SERCNT	DS	1
      42/    4044 :                     BASFLG	DS	1
      43/    4045 :                     ;
      44/    4045 :                     INBUF   DS  20
      45/    4059 : =14H                INMAX   EQU  $-INBUF
      46/    4059 :                     INEND   DS  1
      47/    405A :                     ;
      48/    405A :                     ARGC	DS	1
      49/    405B :                     ARGV_1	DS	2
      50/    405D :                     ARGV_2	DS	2
      51/    405F :                     ARGV_3	DS	2
      52/    4061 : =3H                 ARG_MAX	EQU ($-ARGV_1)/2
      53/    4061 : =7H                 ARG_AREA_LEN EQU $-ARGC
      54/    4061 :                     ;
      55/    4061 :                         	DS	32
      56/    4081 : =4081H              STACK   	EQU    $
      57/    4081 :                     
      58/    4081 :                     
      59/    4081 :                     
      60/       0 :                     		ORG	0000h
 AS V1.42 Beta [Bld 137] - source file Z80mon.asm - page 2 - 2019/04/23 22時12分22秒


      61/       0 :                     ;------------------------------------------------------------------------------
      62/       0 :                     ; RST00 リセット
      63/       0 :                     ;------------------------------------------------------------------------------
      64/       0 : F3                  RST00		DI		
      65/       1 : C3 57 01            		JP	INIT	
      66/       4 :                     
      67/       4 :                     ;------------------------------------------------------------------------------
      68/       4 :                     ; RST08 1文字送信
      69/       4 :                     ;------------------------------------------------------------------------------
      70/       8 :                     	ORG	0008H
      71/       8 : C3 A7 00            RST08		JP	COUT
      72/       B :                     
      73/       B :                     ;------------------------------------------------------------------------------
      74/       B :                     ; RST10 1文字受信
      75/       B :                     ;------------------------------------------------------------------------------
      76/      10 :                     	ORG	0010H
      77/      10 : C3 79 00            RST10		JP	CIN
      78/      13 :                     
      79/      13 :                     ;------------------------------------------------------------------------------
      80/      13 :                     ; RST18 入力バッファチェック
      81/      13 :                     ;------------------------------------------------------------------------------
      82/      18 :                     	ORG	0018H
      83/      18 : C3 B3 00            RST18		JP	CKINCHAR
      84/      1B :                     
      85/      1B :                     ;------------------------------------------------------------------------------
      86/      1B :                     ; RST38 8251A割り込みルーチン
      87/      1B :                     ;------------------------------------------------------------------------------
      88/      38 :                     	ORG	0038H
      89/      38 : C3 3B 00            RST38:	JP	SERINT 
      90/      3B :                     
      91/      3B :                     ;------------------------------------------------------------------------------
      92/      3B :                     ; 8251割り込みルーチン
      93/      3B :                     ;------------------------------------------------------------------------------
      94/      3B : F5                  SERINT:	PUSH	AF
      95/      3C : E5                  	PUSH	HL
      96/      3D : DB 01               	IN	A,(UARTRC)
      97/      3F : E6 02               	AND	00000010B
      98/      41 : CA 75 00            	JP	Z,RTS0
      99/      44 : DB 00               	IN	A,(UARTRD)
     100/      46 : F5                  	PUSH	AF
     101/      47 : 3A 43 40            	LD	A,(SERCNT)
     102/      4A : FE 3F               	CP	BUFSIZ
     103/      4C : C2 53 00            	JP	NZ,NOTFUL
     104/      4F : F1                  	POP	AF
     105/      50 : C3 75 00            	JP	RTS0
     106/      53 : 2A 3F 40            NOTFUL:	LD	HL,(SERINP)
     107/      56 : 23                  	INC	HL
     108/      57 : 7D                  	LD	A,L
     109/      58 : FE 3F               	CP	SERINP & 0FFH
     110/      5A : C2 60 00            	JP	NZ,NOTWRP
     111/      5D : 21 00 40            	LD	HL,SERBUF
     112/      60 : 22 3F 40            NOTWRP:	LD	(SERINP),HL
     113/      63 : F1                  	POP	AF
     114/      64 : 77                  	LD	(HL),A
     115/      65 : 3A 43 40            	LD	A,(SERCNT)
     116/      68 : 3C                  	INC	A
     117/      69 : 32 43 40            	LD	(SERCNT),A
     118/      6C : FE 30               	CP	BUFFUL
     119/      6E : DA 75 00            	JP	C,RTS0
     120/      71 : 3E 17               	LD	A,RTSHIG
 AS V1.42 Beta [Bld 137] - source file Z80mon.asm - page 3 - 2019/04/23 22時12分22秒


     121/      73 : D3 01               	OUT	(UARTRC),A
     122/      75 : E1                  RTS0:	POP	HL
     123/      76 : F1                  	POP	AF
     124/      77 : FB                  	EI
     125/      78 : C9                  	RET
     126/      79 :                     
     127/      79 :                     ;------------------------------------------------------------------------------
     128/      79 :                     ; 1文字入力(バッファから)
     129/      79 :                     ;------------------------------------------------------------------------------
     130/      79 :                     CIN:
     131/      79 : 3A 43 40            	LD	A,(SERCNT)
     132/      7C : FE 00               	CP	00H
     133/      7E : CA 79 00            	JP	Z,CIN
     134/      81 : E5                  	PUSH	HL
     135/      82 : 2A 41 40            	LD	HL,(SERRDP)
     136/      85 : 23                  	INC	HL
     137/      86 : 7D                  	LD	A,L
     138/      87 : FE 3F               	CP	SERINP & 0FFH
     139/      89 : C2 8F 00            	JP	NZ,NRWRAP
     140/      8C : 21 00 40            	LD	HL,SERBUF
     141/      8F : F3                  NRWRAP:	DI
     142/      90 : 22 41 40            	LD	(SERRDP),HL
     143/      93 : 3A 43 40            	LD	A,(SERCNT)
     144/      96 : 3D                  	DEC	A
     145/      97 : 32 43 40            	LD	(SERCNT),A
     146/      9A : FE 05               	CP	BUFEMP
     147/      9C : D2 A3 00            	JP	NC,RTS1
     148/      9F : 3E 37               	LD	A,RTSLOW
     149/      A1 : D3 01               	OUT	(UARTRC),A
     150/      A3 : 7E                  RTS1:	LD	A,(HL)
     151/      A4 : FB                  	EI
     152/      A5 : E1                  	POP	HL
     153/      A6 : C9                  	RET	
     154/      A7 :                     
     155/      A7 :                     ;------------------------------------------------------------------------------
     156/      A7 :                     ; 1文字出力
     157/      A7 :                     ;------------------------------------------------------------------------------
     158/      A7 : F5                  COUT:		PUSH	AF
     159/      A8 : DB 01               COUT1:	IN	A,(UARTRC)
     160/      AA : E6 01               	AND	01H     
     161/      AC : CA A8 00            	JP	Z,COUT1
     162/      AF : F1                  	POP	AF
     163/      B0 : D3 00               	OUT	(UARTRD),A
     164/      B2 : C9                  	RET
     165/      B3 :                     
     166/      B3 :                     ;------------------------------------------------------------------------------
     167/      B3 :                     ; 入力バッファチェック
     168/      B3 :                     ;------------------------------------------------------------------------------
     169/      B3 : 3A 43 40            CKINCHAR	LD	A,(SERCNT)
     170/      B6 : FE 00               	CP	00H
     171/      B8 : C9                  	RET
     172/      B9 :                     
     173/      B9 :                     ;==============================================================================
     174/      B9 :                     ;------------------------------------------------------------------------------
     175/      B9 :                     ; 1文字入力 英字大文字対応
     176/      B9 :                     ;------------------------------------------------------------------------------
     177/      B9 :                     GETC:
     178/      B9 : D7                      RST 10h
     179/      BA : FE 61                   CP 'a'
     180/      BC : F8                      RET M
 AS V1.42 Beta [Bld 137] - source file Z80mon.asm - page 4 - 2019/04/23 22時12分22秒


     181/      BD : FE 7B                   CP 'z'+1
     182/      BF : F0                      RET P
     183/      C0 : D6 20                   SUB A,20H
     184/      C2 : C9                      RET
     185/      C3 :                     
     186/      C3 :                     ;------------------------------------------------------------------------------
     187/      C3 :                     ; 文字列入力 エコーバックつき
     188/      C3 :                     ;------------------------------------------------------------------------------
     189/      C3 :                     STRIN:
     190/      C3 :                     ; INBUF クリア
     191/      C3 : 3E 00                   LD A,00H
     192/      C5 : 32 45 40                LD (INBUF),A
     193/      C8 : 21 45 40                LD HL,INBUF
     194/      CB : 11 46 40                LD DE,INBUF+1
     195/      CE : 01 14 00                LD BC,INMAX
     196/      D1 : ED B0                   LDIR
     197/      D3 :                     ;
     198/      D3 : 21 45 40                LD HL,INBUF
     199/      D6 :                     ;
     200/      D6 :                     _STRIN_LOOP:
     201/      D6 : CD B9 00                CALL GETC
     202/      D9 : FE 0D                   CP 0Dh
     203/      DB : 28 3F                   JR Z,_STRIN_END
     204/      DD : FE 08                   CP BS
     205/      DF : 28 23                   JR Z,_BS_RTN
     206/      E1 : FE 7F               	CP DEL
     207/      E3 : 28 1F                   JR Z,_BS_RTN
     208/      E5 : FE 1B               	CP ESC
     209/      E7 : 28 19               	JR Z,_ESC_RTN
     210/      E9 :                     ;
     211/      E9 :                     ; バッファENDにきた?
     212/      E9 : 47                  	LD B,A
     213/      EA : 11 59 40            	LD DE,INEND
     214/      ED : 7A                  	LD A,D
     215/      EE : BC                  	CP H
     216/      EF : 20 05               	JR NZ,_CHAR_SET
     217/      F1 : 7B                  	LD A,E
     218/      F2 : BD                  	CP L
     219/      F3 : 28 08               	JR Z,_WARN_BEEP
     220/      F5 : 78                  	LD A,B
     221/      F6 :                     _CHAR_SET:
     222/      F6 : 77                      LD (HL),A
     223/      F7 : 23                      INC HL
     224/      F8 : CD 29 01                call CPRINT
     225/      FB : 18 D9                   JR _STRIN_LOOP
     226/      FD :                     ;
     227/      FD :                     _WARN_BEEP:
     228/      FD : 3E 07               	LD A,BEEP
     229/      FF : CF                  	RST 08h
     230/     100 : 18 D4                   JR _STRIN_LOOP
     231/     102 :                     ;
     232/     102 :                     _ESC_RTN:
     233/     102 : 3F                  	CCF
     234/     103 : C9                  	RET
     235/     104 :                     ;
     236/     104 :                     _BS_RTN:
     237/     104 : 11 45 40            	LD DE,INBUF
     238/     107 : 7A                  	LD A,D
     239/     108 : BC                  	CP H
     240/     109 : 20 04               	JR NZ,_BS_RTN2
 AS V1.42 Beta [Bld 137] - source file Z80mon.asm - page 5 - 2019/04/23 22時12分22秒


     241/     10B : 7B                  	LD A,E
     242/     10C : BD                  	CP L
     243/     10D : 28 EE               	JR Z,_WARN_BEEP
     244/     10F :                     ;
     245/     10F :                     _BS_RTN2:
     246/     10F : E5                      PUSH HL
     247/     110 : 21 58 04                LD HL,BSTXT
     248/     113 : CD 20 01                CALL STRPR
     249/     116 : E1                      POP HL
     250/     117 : 2B                      DEC HL
     251/     118 : 36 00                   LD (HL),00h
     252/     11A : 18 BA                   JR _STRIN_LOOP
     253/     11C :                     ;
     254/     11C :                     _STRIN_END:
     255/     11C : CD 2F 01                CALL CRLF_PRINT
     256/     11F : C9                      RET
     257/     120 :                     
     258/     120 :                     ;------------------------------------------------------------------------------
     259/     120 :                     ; 文字列出力
     260/     120 :                     ;------------------------------------------------------------------------------
     261/     120 :                     STRPR:
     262/     120 : 7E                      LD A,(HL)
     263/     121 : B7                      OR A
     264/     122 : C8                      RET Z
     265/     123 : CD 29 01                CALL CPRINT
     266/     126 : 23                      INC HL
     267/     127 : 18 F7                   JR STRPR
     268/     129 :                     
     269/     129 :                     ;------------------------------------------------------------------------------
     270/     129 :                     ; 文字出力 (CRLF対応)
     271/     129 :                     ; IN: A - キャラクタ
     272/     129 :                     ; RET: なし
     273/     129 :                     ;------------------------------------------------------------------------------
     274/     129 :                     CPRINT:
     275/     129 : FE 0D                   CP 0Dh
     276/     12B : 28 02                   JR Z,CRLF_PRINT
     277/     12D : CF                      RST 08h
     278/     12E : C9                      RET
     279/     12F :                     
     280/     12F :                     ;------------------------------------------------------------------------------
     281/     12F :                     ; CRLF出力 (CRLF対応)
     282/     12F :                     ;------------------------------------------------------------------------------
     283/     12F :                     CRLF_PRINT:
     284/     12F : 3E 0D                   LD A,0DH
     285/     131 : CF                      RST 08H
     286/     132 : 3E 0A                   LD A,0AH
     287/     134 : CF                      RST 08h
     288/     135 : C9                      RET
     289/     136 :                     
     290/     136 :                     ;------------------------------------------------------------------------------
     291/     136 :                     ; ブランク出力 
     292/     136 :                     ;------------------------------------------------------------------------------
     293/     136 :                     SPC_PRINT:
     294/     136 : 3E 20                   LD A,SPC
     295/     138 : CF                      RST 08H
     296/     139 : C9                      RET
     297/     13A :                     
     298/     13A :                     ;------------------------------------------------------------------------------
     299/     13A :                     ; Hex2桁出力
     300/     13A :                     ;------------------------------------------------------------------------------
 AS V1.42 Beta [Bld 137] - source file Z80mon.asm - page 6 - 2019/04/23 22時12分22秒


     301/     13A :                     HEX2OUT:
     302/     13A : C5                  	PUSH BC
     303/     13B : 47                  	LD B,A
     304/     13C : CB 3F               	SRL A
     305/     13E : CB 3F               	SRL A
     306/     140 : CB 3F               	SRL A
     307/     142 : CB 3F               	SRL A
     308/     144 : CD 4F 01            	CALL _HEX_CNV_PR
     309/     147 : 78                  	LD A,B
     310/     148 : E6 0F               	AND 0Fh
     311/     14A : CD 4F 01            	CALL _HEX_CNV_PR
     312/     14D : C1                  	POP BC
     313/     14E : C9                  	RET
     314/     14F :                     ;
     315/     14F :                     _HEX_CNV_PR:	
     316/     14F : C6 90               	ADD A,90h
     317/     151 : 27                  	DAA
     318/     152 : CE 40               	ADC	A,40h
     319/     154 : 27                  	DAA
     320/     155 : CF                  	RST 08h
     321/     156 : C9                  	RET
     322/     157 :                     
     323/     157 :                     
     324/     157 :                     ;==============================================================================
     325/     157 :                     ;------------------------------------------------------------------------------
     326/     157 :                     ; 初期化
     327/     157 :                     ;------------------------------------------------------------------------------
     328/     157 :                     INIT:		
     329/     157 : 31 81 40                LD  SP,STACK
     330/     15A : 21 00 40            	LD	HL,SERBUF
     331/     15D : 22 3F 40            	LD	(SERINP),HL
     332/     160 : 22 41 40            	LD	(SERRDP),HL
     333/     163 : AF                  	XOR	A
     334/     164 : 32 43 40            	LD	(SERCNT),A
     335/     167 : D3 01               	OUT	(UARTRC),A
     336/     169 : D3 01               	OUT	(UARTRC),A
     337/     16B : D3 01               	OUT	(UARTRC),A
     338/     16D : 3E 40               	LD	A,01000000B
     339/     16F : D3 01               	OUT	(UARTRC),A
     340/     171 : 3E 4E               	LD	A,01001110B
     341/     173 : D3 01               	OUT	(UARTRC),A
     342/     175 : 3E 37               	LD	A,RTSLOW
     343/     177 : D3 01               	OUT	(UARTRC),A
     344/     179 : FB                  	EI
     345/     17A :                     ;
     346/     17A :                     ;--------------------------------------------------------------------------------
     347/     17A :                     ; メイン
     348/     17A :                     ;--------------------------------------------------------------------------------
     349/     17A :                     MAIN:
     350/     17A : 21 35 04                LD HL,OPENMSG
     351/     17D : CD 20 01                CALL STRPR
     352/     180 :                     _MAIN_LOOP:
     353/     180 : 21 80 01            	LD HL,_MAIN_LOOP
     354/     183 : E5                  	PUSH HL
     355/     184 :                     ;
     356/     184 : 3E 3E                   LD A,'>'
     357/     186 : CF                      RST 08h
     358/     187 : DD 21 01 04             LD IX,CMD_TBL
     359/     18B : CD B9 00            	CALL GETC
     360/     18E : CF                      RST 08H
 AS V1.42 Beta [Bld 137] - source file Z80mon.asm - page 7 - 2019/04/23 22時12分22秒


     361/     18F :                     ;
     362/     18F :                     _CMD_LOOP:
     363/     18F : F5                  	PUSH AF
     364/     190 : DD 7E 00                LD A,(IX+0)
     365/     193 : B7                  	OR A
     366/     194 : 28 14               	JR Z,_ERROR_EXIT
     367/     196 : 47                  	LD B,A
     368/     197 : F1                  	POP AF
     369/     198 : B8                      CP B
     370/     199 : 20 07               	JR NZ,_NEXT_CMD
     371/     19B : DD 6E 01                LD L,(IX+1)
     372/     19E : DD 66 02            	LD H,(IX+2)
     373/     1A1 : E9                  	JP (HL)
     374/     1A2 :                     ;
     375/     1A2 :                     _NEXT_CMD:
     376/     1A2 : DD 23               	INC IX
     377/     1A4 : DD 23               	INC IX
     378/     1A6 : DD 23               	INC IX
     379/     1A8 : 18 E5               	JR _CMD_LOOP
     380/     1AA :                     ;;
     381/     1AA :                     _ERROR_EXIT
     382/     1AA : F1                  	POP AF
     383/     1AB : CD 2F 01            	CALL CRLF_PRINT
     384/     1AE : 21 35 05            	LD HL,HATENA_MSG
     385/     1B1 : CD 20 01            	CALL STRPR
     386/     1B4 : CD 2F 01            	CALL CRLF_PRINT
     387/     1B7 : C9                  	RET
     388/     1B8 :                     
     389/     1B8 :                     ;================================================================================
     390/     1B8 :                     ; ヘルプ出力
     391/     1B8 :                     ;================================================================================
     392/     1B8 :                     HELP_OUT:
     393/     1B8 : 21 5C 04                LD HL,HELP_MSG
     394/     1BB : 18 05               	JR _PRINT_END
     395/     1BD :                     ;
     396/     1BD :                     ;================================================================================
     397/     1BD :                     ; バージョン出力
     398/     1BD :                     ;================================================================================
     399/     1BD :                     VERSION_OUT:
     400/     1BD : 21 1A 04                LD HL,VERMSG
     401/     1C0 : 18 00               	JR _PRINT_END
     402/     1C2 :                     ;
     403/     1C2 :                     ;--------------------------------------------------------------------------------
     404/     1C2 :                     ; メッセージ出力してメインへリターン
     405/     1C2 :                     ;--------------------------------------------------------------------------------
     406/     1C2 :                     _PRINT_END:
     407/     1C2 : CD 2F 01            	CALL CRLF_PRINT
     408/     1C5 : CD 20 01                CALL STRPR
     409/     1C8 : CD 2F 01            	CALL CRLF_PRINT
     410/     1CB : C9                      RET
     411/     1CC :                     
     412/     1CC :                     ;--------------------------------------------------------------------------------
     413/     1CC :                     ; HEX4桁出力
     414/     1CC :                     ;--------------------------------------------------------------------------------
     415/     1CC :                     HEX4OUT:
     416/     1CC : F5                  	PUSH AF
     417/     1CD : 7C                  	LD A,H
     418/     1CE : CD 3A 01            	CALL HEX2OUT
     419/     1D1 : 7D                  	LD A,L
     420/     1D2 : CD 3A 01            	CALL HEX2OUT
 AS V1.42 Beta [Bld 137] - source file Z80mon.asm - page 8 - 2019/04/23 22時12分22秒


     421/     1D5 : F1                  	POP AF
     422/     1D6 : C9                  	RET
     423/     1D7 :                     
     424/     1D7 :                     ;--------------------------------------------------------------------------------
     425/     1D7 :                     ; 入力行パース
     426/     1D7 :                     ;--------------------------------------------------------------------------------
     427/     1D7 :                     PARSER:
     428/     1D7 :                     ; 編集エリア初期化
     429/     1D7 : 21 5A 40            	LD HL,ARGC
     430/     1DA : 3E 00               	LD A,0
     431/     1DC : 77                  	LD (HL),A
     432/     1DD : 11 5B 40            	LD DE,ARGC+1
     433/     1E0 : 01 06 00            	LD BC,ARG_AREA_LEN-1
     434/     1E3 : ED B0               	LDIR
     435/     1E5 :                     ; 入力パラメーター パース開始
     436/     1E5 : 4F                  	LD C,A
     437/     1E6 : 21 44 40            	LD HL,INBUF-1
     438/     1E9 : DD 21 5B 40         	LD IX,ARGV_1
     439/     1ED :                     ;
     440/     1ED :                     _PARSE_LOOP:
     441/     1ED : 23                  	INC HL
     442/     1EE : 7E                  	LD A,(HL)
     443/     1EF : FE 00               	CP NULL
     444/     1F1 : C8                  	RET Z
     445/     1F2 : FE 20               	CP SPC
     446/     1F4 : 28 F7               	JR Z,_PARSE_LOOP
     447/     1F6 : 0C                      INC C
     448/     1F7 : 79                  	LD A,C
     449/     1F8 : FE 04               	CP ARG_MAX+1
     450/     1FA : 30 1B               	JR NC,_PARSE_ERR
     451/     1FC : 32 5A 40            	LD (ARGC),A
     452/     1FF : DD 75 00            	LD (IX+0),L
     453/     202 : DD 74 01            	LD (IX+1),H
     454/     205 : DD 23               	INC IX
     455/     207 : DD 23               	INC IX
     456/     209 :                     _PARAM_LOOP:
     457/     209 : 23                  	INC HL
     458/     20A : 7E                  	LD A,(HL)
     459/     20B : FE 00               	CP NULL
     460/     20D : C8                  	RET Z
     461/     20E : FE 20               	CP SPC
     462/     210 : 20 F7               	JR NZ,_PARAM_LOOP
     463/     212 : 3E 00               	LD A,NULL
     464/     214 : 77                  	LD (HL),A
     465/     215 : 18 D6               	JR _PARSE_LOOP
     466/     217 :                     ;
     467/     217 :                     _PARSE_ERR:
     468/     217 : 3F                  	CCF
     469/     218 : C9                  	RET
     470/     219 :                     
     471/     219 :                     ;--------------------------------------------------------------------------------
     472/     219 :                     ; HEX 2桁キャラクタ → Aレジスタ
     473/     219 :                     ;--------------------------------------------------------------------------------
     474/     219 :                     HEX2BIN:
     475/     219 : 7E                  	LD A,(HL)
     476/     21A : CD 2F 02            	CALL _ATOBIN
     477/     21D : D8                  	RET C
     478/     21E : CB 27               	SLA A
     479/     220 : CB 27               	SLA A
     480/     222 : CB 27               	SLA A
 AS V1.42 Beta [Bld 137] - source file Z80mon.asm - page 9 - 2019/04/23 22時12分22秒


     481/     224 : CB 27               	SLA A
     482/     226 : 47                  	LD B,A
     483/     227 : 23                  	INC HL
     484/     228 : 7E                  	LD A,(HL)
     485/     229 : CD 2F 02            	CALL _ATOBIN
     486/     22C : D8                  	RET C
     487/     22D : 80                  	ADD A,B
     488/     22E : C9                  	RET
     489/     22F :                     ;
     490/     22F :                     _ATOBIN:
     491/     22F : FE 30               	CP '0'
     492/     231 : D8                  	RET C
     493/     232 : FE 3A               	CP '9'+1
     494/     234 : 38 09               	JR C,_ATOBIN1
     495/     236 : FE 41               	CP 'A'
     496/     238 : D8                  	RET C
     497/     239 : FE 47               	CP 'F'+1
     498/     23B : 3F                  	CCF
     499/     23C : D8                  	RET C
     500/     23D : C6 09               	ADD A,09H
     501/     23F :                     _ATOBIN1:
     502/     23F : E6 0F               	AND 0Fh
     503/     241 : C9                  	RET
     504/     242 :                     ;
     505/     242 :                     
     506/     242 :                     ;--------------------------------------------------------------------------------
     507/     242 :                     ; 4バイト16進数文字列→バイナリ(HL)へ
     508/     242 :                     ;--------------------------------------------------------------------------------
     509/     242 :                     HEX4BIN:
     510/     242 : CD 19 02            	CALL HEX2BIN
     511/     245 : D8                  	RET C
     512/     246 : 57                  	LD D,A
     513/     247 : 23                  	INC HL
     514/     248 : CD 19 02            	CALL HEX2BIN
     515/     24B : D8                  	RET C
     516/     24C : 5F                  	LD E,A
     517/     24D : D5                  	PUSH DE
     518/     24E : E1                  	POP HL
     519/     24F : C9                  	RET
     520/     250 :                     ;
     521/     250 :                     ;================================================================================
     522/     250 :                     ; メモリーダンプ
     523/     250 :                     ;================================================================================
     524/     250 :                     MEM_DUMP:
     525/     250 : CD 36 01                CALL SPC_PRINT
     526/     253 :                     ;
     527/     253 : CD C3 00                CALL STRIN
     528/     256 : CD D7 01            	CALL PARSER
     529/     259 : 38 41               	JR C,_PARAM_ERR
     530/     25B :                     ; 入力パラメータ数チェック
     531/     25B : 3A 5A 40            	LD A,(ARGC)
     532/     25E : FE 02               	CP 2
     533/     260 : 20 3A               	JR NZ,_PARAM_ERR
     534/     262 :                     ; 開始アドレス取得
     535/     262 : 2A 5B 40            	LD HL,(ARGV_1)
     536/     265 : CD 42 02            	CALL HEX4BIN
     537/     268 : 38 32               	JR C,_PARAM_ERR
     538/     26A : E5                  	PUSH HL
     539/     26B : DD E1               	POP IX
     540/     26D :                     ; 終了アドレス取得
 AS V1.42 Beta [Bld 137] - source file Z80mon.asm - page 10 - 2019/04/23 22時12分22秒


     541/     26D : 2A 5D 40            	LD HL,(ARGV_2)
     542/     270 : CD 42 02            	CALL HEX4BIN
     543/     273 : 38 27               	JR C,_PARAM_ERR
     544/     275 : E5                  	PUSH HL
     545/     276 : D1                  	POP DE
     546/     277 : DD E5               	PUSH IX
     547/     279 : E1                  	POP HL
     548/     27A :                     ; ダンプ実施
     549/     27A :                     _DUMP_LOOP:
     550/     27A : DF                  	RST 18h
     551/     27B : 28 05               	JR Z,_DUMP_GO
     552/     27D : D7                  	RST 10h
     553/     27E : FE 1B               	CP ESC
     554/     280 : 28 20               	JR Z,_ABORT_DUMP
     555/     282 :                     _DUMP_GO:
     556/     282 : E5                  	PUSH HL
     557/     283 : CD D3 02            	CALL DUMP16
     558/     286 : E1                  	POP HL
     559/     287 : CD A8 02            	CALL ASC16
     560/     28A : CD 2F 01            	CALL CRLF_PRINT
     561/     28D :                     ; 終了判定
     562/     28D : 7A                  	LD A,D
     563/     28E : BC                  	CP H
     564/     28F : F8                  	RET M   ; メインループへ
     565/     290 : 7B                  	LD A,E
     566/     291 : BD                  	CP L
     567/     292 : FA 97 02            	JP M,_DUMP_END_CHECK
     568/     295 : 18 E3               	JR _DUMP_LOOP
     569/     297 :                     ;
     570/     297 :                     _DUMP_END_CHECK:
     571/     297 : 7A                  	LD A,D
     572/     298 : BC                  	CP H
     573/     299 : 20 DF               	JR NZ,_DUMP_LOOP
     574/     29B : C9                  	RET
     575/     29C :                     ;
     576/     29C :                     _PARAM_ERR:
     577/     29C : 21 08 05            	LD HL,PARAM_ERRMSG
     578/     29F : C3 C2 01            	JP _PRINT_END
     579/     2A2 :                     ;
     580/     2A2 :                     _ABORT_DUMP:
     581/     2A2 : 21 1B 05            	LD HL,ABORT_MSG
     582/     2A5 : C3 C2 01            	JP _PRINT_END
     583/     2A8 :                     ;--------------------------------------------------------------------------------
     584/     2A8 :                     ; 16バイト分 ASCII出力
     585/     2A8 :                     ;--------------------------------------------------------------------------------
     586/     2A8 :                     ASC16:
     587/     2A8 : CD 36 01            	CALL SPC_PRINT
     588/     2AB : 3E 3A               	LD A,':'
     589/     2AD : CF                  	RST 08h
     590/     2AE : CD 36 01            	CALL SPC_PRINT
     591/     2B1 : 0E 10               	LD C,10h
     592/     2B3 :                     ;
     593/     2B3 :                     _ASC16_LOOP:
     594/     2B3 : 7E                  	LD A,(HL)
     595/     2B4 : FE 20               	CP ' '
     596/     2B6 : FA BE 02            	JP M,_ASC16_DOT
     597/     2B9 : FE 7F               	CP 7Fh
     598/     2BB : FA C0 02            	JP M,_ASC16_PRINT
     599/     2BE :                     _ASC16_DOT:
     600/     2BE : 3E 2E               	LD A,'.'
 AS V1.42 Beta [Bld 137] - source file Z80mon.asm - page 11 - 2019/04/23 22時12分22秒


     601/     2C0 :                     _ASC16_PRINT:
     602/     2C0 : CF                  	RST 08h	
     603/     2C1 : 23                  	INC HL
     604/     2C2 : 0D                  	DEC C
     605/     2C3 : C8                  	RET Z
     606/     2C4 : 18 ED               	JR _ASC16_LOOP
     607/     2C6 :                     
     608/     2C6 :                     ;--------------------------------------------------------------------------------
     609/     2C6 :                     ; アドレス部分出力
     610/     2C6 :                     ;--------------------------------------------------------------------------------
     611/     2C6 :                     ADDR_OUT:
     612/     2C6 : CD CC 01            	CALL HEX4OUT
     613/     2C9 : CD 36 01            	CALL SPC_PRINT
     614/     2CC : 3E 3A               	LD A,':'
     615/     2CE : CF                  	RST 08h
     616/     2CF : CD 36 01            	CALL SPC_PRINT
     617/     2D2 : C9                  	RET
     618/     2D3 :                     
     619/     2D3 :                     ;--------------------------------------------------------------------------------
     620/     2D3 :                     ; 16バイト分 HEXダンプ出力
     621/     2D3 :                     ;--------------------------------------------------------------------------------
     622/     2D3 :                     DUMP16:
     623/     2D3 : CD C6 02            	CALL ADDR_OUT
     624/     2D6 : 0E 10               	LD C,10h
     625/     2D8 :                     _DUMP16_LOOP:
     626/     2D8 : CD E3 02            	CALL DUMP_AT
     627/     2DB : CD 36 01            	CALL SPC_PRINT
     628/     2DE : 23                  	INC HL
     629/     2DF : 0D                  	DEC C
     630/     2E0 : C8                  	RET Z
     631/     2E1 : 18 F5               	JR _DUMP16_LOOP
     632/     2E3 :                     
     633/     2E3 :                     ;--------------------------------------------------------------------------------
     634/     2E3 :                     ; 1バイト分 HEXダンプ出力
     635/     2E3 :                     ;--------------------------------------------------------------------------------
     636/     2E3 :                     DUMP_AT:
     637/     2E3 : 7E                  	LD A,(HL)
     638/     2E4 : CD 3A 01            	CALL HEX2OUT
     639/     2E7 : C9                  	RET
     640/     2E8 :                     
     641/     2E8 :                     ;--------------------------------------------------------------------------------
     642/     2E8 :                     ; strlen
     643/     2E8 :                     ;--------------------------------------------------------------------------------
     644/     2E8 :                     STR_LEN:
     645/     2E8 : E5                  	PUSH HL
     646/     2E9 : C5                  	PUSH BC
     647/     2EA : 0E 00               	LD C,0
     648/     2EC :                     _STR_LEN_LOOP:
     649/     2EC : 7E                  	LD A,(HL)
     650/     2ED : FE 00               	CP NULL
     651/     2EF : 28 04               	JR Z,_STR_LEN_EXIT
     652/     2F1 : 23                  	INC HL
     653/     2F2 : 0C                  	INC C
     654/     2F3 : 18 F7               	JR _STR_LEN_LOOP
     655/     2F5 :                     ;
     656/     2F5 :                     _STR_LEN_EXIT:
     657/     2F5 : 79                  	LD A,C
     658/     2F6 : C1                  	POP BC
     659/     2F7 : E1                  	POP HL
     660/     2F8 : C9                  	RET
 AS V1.42 Beta [Bld 137] - source file Z80mon.asm - page 12 - 2019/04/23 22時12分22秒


     661/     2F9 :                     ;
     662/     2F9 :                     ;================================================================================
     663/     2F9 :                     ; メモリー変更コマンド
     664/     2F9 :                     ;================================================================================
     665/     2F9 :                     MEM_CHANGE:
     666/     2F9 : CD 36 01                CALL SPC_PRINT
     667/     2FC :                     ;
     668/     2FC : CD C3 00                CALL STRIN
     669/     2FF : CD D7 01            	CALL PARSER
     670/     302 :                     ;
     671/     302 :                     ; 入力パラメータ数チェック
     672/     302 : 3A 5A 40            	LD A,(ARGC)
     673/     305 : FE 01               	CP 1
     674/     307 : 20 93               	JR NZ,_PARAM_ERR
     675/     309 :                     ;
     676/     309 :                     ; 開始アドレス取得
     677/     309 : 2A 5B 40            	LD HL,(ARGV_1)
     678/     30C : CD 42 02            	CALL HEX4BIN
     679/     30F : 38 8B               	JR C,_PARAM_ERR
     680/     311 : E5                  	PUSH HL
     681/     312 : DD E1               	POP IX
     682/     314 :                     ;
     683/     314 : CD 2F 01            	CALL CRLF_PRINT
     684/     317 :                     _MEM_CHANGE_LOOP:
     685/     317 : DD E5               	PUSH IX
     686/     319 : E1                  	POP HL
     687/     31A : CD C6 02            	CALL ADDR_OUT
     688/     31D : DD 7E 00            	LD A,(IX+0)
     689/     320 : CD 3A 01            	CALL HEX2OUT
     690/     323 : 3E 2D               	LD A,'-'
     691/     325 : CD 29 01            	CALL CPRINT
     692/     328 : DD E5               	PUSH IX
     693/     32A :                     ;
     694/     32A : CD C3 00                CALL STRIN
     695/     32D : DA 69 03            	JP C,_MEM_CHANGE_EXIT
     696/     330 : CD D7 01            	CALL PARSER
     697/     333 :                     ; 入力パラメータ数/レングスチェック
     698/     333 : 3A 5A 40            	LD A,(ARGC)
     699/     336 : FE 00               	CP 0
     700/     338 : 28 1F               	JR Z,_NEXT_ADDR
     701/     33A : FE 01               	CP 1
     702/     33C : 20 21               	JR NZ,_HATENA_OUT
     703/     33E : 2A 5B 40            	LD HL,(ARGV_1)
     704/     341 : CD E8 02            	CALL STR_LEN
     705/     344 : FE 02               	CP 2
     706/     346 : 20 17               	JR NZ,_HATENA_OUT
     707/     348 : 2A 5B 40            	LD HL,(ARGV_1)
     708/     34B : CD 19 02            	CALL HEX2BIN
     709/     34E : 38 0F               	JR C,_HATENA_OUT
     710/     350 : DD E1               	POP IX
     711/     352 : DD 77 00            	LD (IX+0),A
     712/     355 : DD 23               	INC IX
     713/     357 : 18 BE               	JR _MEM_CHANGE_LOOP
     714/     359 :                     ;
     715/     359 :                     _NEXT_ADDR:
     716/     359 : DD E1               	POP IX
     717/     35B : DD 23               	INC IX
     718/     35D : 18 B8               	JR _MEM_CHANGE_LOOP
     719/     35F :                     ;
     720/     35F :                     _HATENA_OUT:
 AS V1.42 Beta [Bld 137] - source file Z80mon.asm - page 13 - 2019/04/23 22時12分22秒


     721/     35F : 21 35 05            	LD HL,HATENA_MSG
     722/     362 : CD 20 01            	CALL STRPR
     723/     365 : DD E1               	POP IX
     724/     367 : 18 AE               	JR _MEM_CHANGE_LOOP
     725/     369 :                     ;
     726/     369 :                     _MEM_CHANGE_EXIT:
     727/     369 : DD E1               	POP IX
     728/     36B : CD 2F 01            	CALL CRLF_PRINT
     729/     36E : C9                  	RET ;ESCキーでメイン処理へ
     730/     36F :                     
     731/     36F :                     ;
     732/     36F :                     ;================================================================================
     733/     36F :                     ; プログラム実行(G)コマンド
     734/     36F :                     ;================================================================================
     735/     36F :                     PGM_GO:
     736/     36F : CD 36 01                CALL SPC_PRINT
     737/     372 :                     ;
     738/     372 : CD C3 00                CALL STRIN
     739/     375 : CD D7 01            	CALL PARSER
     740/     378 :                     ;
     741/     378 :                     ; 入力パラメータ数チェック
     742/     378 : 3A 5A 40            	LD A,(ARGC)
     743/     37B : FE 01               	CP 1
     744/     37D :                     ;
     745/     37D :                     ; 実行アドレス取得
     746/     37D :                     ;
     747/     37D : 2A 5B 40            	LD HL,(ARGV_1)
     748/     380 : CD E8 02            	CALL STR_LEN
     749/     383 : FE 04               	CP 4
     750/     385 : C2 9C 02            	JP NZ,_PARAM_ERR
     751/     388 :                     ;
     752/     388 : 2A 5B 40            	LD HL,(ARGV_1)
     753/     38B : CD 42 02            	CALL HEX4BIN
     754/     38E : DA 9C 02            	JP C,_PARAM_ERR
     755/     391 : E9                  	JP (HL)
     756/     392 :                     ;
     757/     392 :                     ;
     758/     392 :                     ;================================================================================
     759/     392 :                     ; I/O入力コマンド
     760/     392 :                     ;================================================================================
     761/     392 :                     IO_IN:
     762/     392 : CD 36 01                CALL SPC_PRINT
     763/     395 :                     ;
     764/     395 : CD C3 00                CALL STRIN
     765/     398 : CD D7 01            	CALL PARSER
     766/     39B :                     ;
     767/     39B :                     ; 入力パラメータ数チェック
     768/     39B : 3A 5A 40            	LD A,(ARGC)
     769/     39E : FE 01               	CP 1
     770/     3A0 : C2 9C 02            	JP NZ,_PARAM_ERR
     771/     3A3 :                     ;
     772/     3A3 :                     ; I/Oアドレス取得
     773/     3A3 : 2A 5B 40            	LD HL,(ARGV_1)
     774/     3A6 : CD E8 02            	CALL STR_LEN
     775/     3A9 : FE 02               	CP 2
     776/     3AB : C2 9C 02            	JP NZ,_PARAM_ERR
     777/     3AE :                     ;
     778/     3AE : 2A 5B 40            	LD HL,(ARGV_1)
     779/     3B1 : CD 19 02            	CALL HEX2BIN
     780/     3B4 : DA 9C 02            	JP C,_PARAM_ERR
 AS V1.42 Beta [Bld 137] - source file Z80mon.asm - page 14 - 2019/04/23 22時12分22秒


     781/     3B7 : 4F                  	LD C,A
     782/     3B8 : ED 78               	IN A,(C)
     783/     3BA :                     ;
     784/     3BA : CD 3A 01            	CALL HEX2OUT
     785/     3BD : CD 2F 01            	CALL CRLF_PRINT
     786/     3C0 : C9                  	RET
     787/     3C1 :                     ;
     788/     3C1 :                     ;================================================================================
     789/     3C1 :                     ; I/O出力コマンド
     790/     3C1 :                     ;================================================================================
     791/     3C1 :                     IO_OUT:
     792/     3C1 : CD 36 01                CALL SPC_PRINT
     793/     3C4 :                     ;
     794/     3C4 : CD C3 00                CALL STRIN
     795/     3C7 : CD D7 01            	CALL PARSER
     796/     3CA :                     ;
     797/     3CA :                     ; 入力パラメータ数チェック
     798/     3CA : 3A 5A 40            	LD A,(ARGC)
     799/     3CD : FE 02               	CP 2
     800/     3CF : C2 9C 02            	JP NZ,_PARAM_ERR
     801/     3D2 :                     ;
     802/     3D2 :                     ; I/Oアドレス取得
     803/     3D2 : 2A 5B 40            	LD HL,(ARGV_1)
     804/     3D5 : CD E8 02            	CALL STR_LEN
     805/     3D8 : FE 02               	CP 2
     806/     3DA : C2 9C 02            	JP NZ,_PARAM_ERR
     807/     3DD :                     ;
     808/     3DD : 2A 5B 40            	LD HL,(ARGV_1)
     809/     3E0 : CD 19 02            	CALL HEX2BIN
     810/     3E3 : DA 9C 02            	JP C,_PARAM_ERR
     811/     3E6 : 4F                  	LD C,A
     812/     3E7 :                     ;
     813/     3E7 :                     ; 出力データ取得
     814/     3E7 : 2A 5D 40            	LD HL,(ARGV_2)
     815/     3EA : CD E8 02            	CALL STR_LEN
     816/     3ED : FE 02               	CP 2
     817/     3EF : C2 9C 02            	JP NZ,_PARAM_ERR
     818/     3F2 :                     ;
     819/     3F2 : 2A 5D 40            	LD HL,(ARGV_2)
     820/     3F5 : CD 19 02            	CALL HEX2BIN
     821/     3F8 : DA 9C 02            	JP C,_PARAM_ERR
     822/     3FB :                     ;
     823/     3FB : ED 79               	OUT (C),A
     824/     3FD :                     ;
     825/     3FD : CD 2F 01            	CALL CRLF_PRINT
     826/     400 : C9                  	RET
     827/     401 :                     ;
     828/     401 :                     ;--------------------------------------------------------------------------------
     829/     401 :                     ; コマンドテーブル
     830/     401 :                     ;--------------------------------------------------------------------------------
     831/     401 :                     CMD_TBL:
     832/     401 : 48                      DB 'H'
     833/     402 : B8 01                   DW HELP_OUT
     834/     404 : 3F                      DB '?'
     835/     405 : B8 01                   DW HELP_OUT
     836/     407 : 56                      DB 'V'
     837/     408 : BD 01                   DW VERSION_OUT
     838/     40A : 44                      DB 'D'
     839/     40B : 50 02                   DW MEM_DUMP
     840/     40D : 4D                      DB 'M'
 AS V1.42 Beta [Bld 137] - source file Z80mon.asm - page 15 - 2019/04/23 22時12分22秒


     841/     40E : F9 02                   DW MEM_CHANGE
     842/     410 : 47                      DB 'G'
     843/     411 : 6F 03                   DW PGM_GO
     844/     413 : 49                      DB 'I'
     845/     414 : 92 03                   DW IO_IN
     846/     416 : 4F                      DB 'O'
     847/     417 : C1 03                   DW IO_OUT
     848/     419 :                     ; TABLE END
     849/     419 : 00                      DB 00h
     850/     41A :                     ;
     851/     41A :                     ;--------------------------------------------------------------------------------
     852/     41A :                     ; メッセージなど
     853/     41A :                     ;--------------------------------------------------------------------------------
     854/     41A : =KUNI-NET Z8..      VERNAME EQU "KUNI-NET Z80 MONITOR v0.3"
     855/     41A : 4B 55 4E 49 2D 4E   VERMSG  DB VERNAME,CR,0
                    45 54 20 5A 38 30 
                    20 4D 4F 4E 49 54 
                    4F 52 20 76 30 2E 
                    33 0D 00 
     856/     435 : 0D 0D 2A 2A 20 4B   OPENMSG DB CR,CR,"** ",VERNAME," **",CR,0
                    55 4E 49 2D 4E 45 
                    54 20 5A 38 30 20 
                    4D 4F 4E 49 54 4F 
                    52 20 76 30 2E 33 
                    20 2A 2A 0D 00 
     857/     458 : 08 20 08 00         BSTXT	DB BS,SPC,BS,0
     858/     45C : 2D 20 2D 20 2D 20   HELP_MSG DB "- - - COMMAND HELP - - -",CR
                    43 4F 4D 4D 41 4E 
                    44 20 48 45 4C 50 
                    20 2D 20 2D 20 2D 
                    0D 
     859/     475 : 4D 20 58 58 58 58            DB "M XXXX ",TAB,TAB,"MEMORY EDIT",CR
                    20 09 09 4D 45 4D 
                    4F 52 59 20 45 44 
                    49 54 0D 
     860/     48A : 44 20 58 58 58 58            DB "D XXXX XXXX ",TAB,"MEMORY DUMP",CR
                    20 58 58 58 58 20 
                    09 4D 45 4D 4F 52 
                    59 20 44 55 4D 50 
                    0D 
     861/     4A3 : 47 20 58 58 58 58            DB "G XXXX",TAB,TAB,"PROGRAM EXECUTE",CR
                    09 09 50 52 4F 47 
                    52 41 4D 20 45 58 
                    45 43 55 54 45 0D 
     862/     4BB : 49 20 58 58 09 09            DB "I XX",TAB,TAB,"I/O INPUT",CR
                    49 2F 4F 20 49 4E 
                    50 55 54 0D 
     863/     4CB : 4F 20 58 58 20 58            DB "O XX XX",TAB,TAB,"I/O OUTPUT",CR
                    58 09 09 49 2F 4F 
                    20 4F 55 54 50 55 
                    54 0D 
     864/     4DF : 48 20 09 09 48 45            DB "H ",TAB,TAB,"HELP MESSGAE",CR
                    4C 50 20 4D 45 53 
                    53 47 41 45 0D 
     865/     4F0 : 56 20 09 09 56 45            DB "V ",TAB,TAB,"VERSION INFOMATION",CR,0
                    52 53 49 4F 4E 20 
                    49 4E 46 4F 4D 41 
                    54 49 4F 4E 0D 00 
     866/     508 : 07 2A 2A 20 50 41   PARAM_ERRMSG DB BEEP,"** PARAMETER ERR",CR,0
                    52 41 4D 45 54 45 
 AS V1.42 Beta [Bld 137] - source file Z80mon.asm - page 16 - 2019/04/23 22時12分22秒


                    52 20 45 52 52 0D 
                    00 
     867/     51B : 07 2A 2A 20 4D 45   ABORT_MSG DB BEEP,"** MEM DUMP ABORTED END",CR,0
                    4D 20 44 55 4D 50 
                    20 41 42 4F 52 54 
                    45 44 20 45 4E 44 
                    0D 00 
     868/     535 : 0D 3F 0D 00         HATENA_MSG DB CR,"?",CR,0
     869/     539 :                     
 AS V1.42 Beta [Bld 137] - source file Z80mon.asm - page 17 - 2019/04/23 22時12分22秒


  symbol table (* = unused):
  ------------------------

 ABORT_MSG :                    51B C |  ADDR_OUT :                     2C6 C |
*ARCHITECTURE :    x86_64-apple-osx - |  ARGC :                        405A C |
 ARGV_1 :                      405B C |  ARGV_2 :                      405D C |
*ARGV_3 :                      405F C |  ARG_AREA_LEN :                   7 - |
 ARG_MAX :                        3 - |  ASC16 :                        2A8 C |
*BASFLG :                      4044 C |  BEEP :                           7 - |
*BIGENDIAN :                      0 - | *BRANCHEXT :                      0 - |
 BS :                             8 - |  BSTXT :                        458 C |
 BUFEMP :                         5 - |  BUFFUL :                        30 - |
 BUFSIZ :                        3F - | *CASESENSITIVE :                  0 - |
 CIN :                           79 C |  CKINCHAR :                      B3 C |
*CLS :                            C - |  CMD_TBL :                      401 C |
*CONSTPI :        3.141592653589793 - |  COUT :                          A7 C |
 COUT1 :                         A8 C |  CPRINT :                       129 C |
 CR :                             D - |  CRLF_PRINT :                   12F C |
*CTRLC :                          3 - | *DATE :                  2019/04/23 - |
 DEL :                           7F - |  DUMP16 :                       2D3 C |
 DUMP_AT :                      2E3 C |  ESC :                           1B - |
*FALSE :                          0 - | *FULLPMMU :                       1 - |
 GETC :                          B9 C | *HAS64 :                          1 - |
*HASDSP :                         0 - | *HASFPU :                         0 - |
*HASPMMU :                        0 - |  HATENA_MSG :                   535 C |
 HELP_MSG :                     45C C |  HELP_OUT :                     1B8 C |
 HEX2BIN :                      219 C |  HEX2OUT :                      13A C |
 HEX4BIN :                      242 C |  HEX4OUT :                      1CC C |
 INBUF :                       4045 C |  INEND :                       4059 C |
*INEXTMODE :                      0 - |  INIT :                         157 C |
*INLWORDMODE :                    0 - |  INMAX :                         14 - |
*INMAXMODE :                      0 - | *INSRCMODE :                      0 - |
*INSUPMODE :                      0 - |  IO_IN :                        392 C |
 IO_OUT :                       3C1 C | *LF :                             A - |
*LISTON :                         1 - | *MACEXP :                         7 - |
*MAIN :                         17A C |  MEM_CHANGE :                   2F9 C |
 MEM_DUMP :                     250 C | *MOMCPU :                        80 - |
*MOMCPUNAME :                   Z80 - | *NESTMAX :                      100 - |
 NOTFUL :                        53 C |  NOTWRP :                        60 C |
 NRWRAP :                        8F C |  NULL :                           0 - |
 OPENMSG :                      435 C | *PACKING :                        0 - |
*PADDING :                        1 - |  PARAM_ERRMSG :                 508 C |
 PARSER :                       1D7 C |  PGM_GO :                       36F C |
*RELAXED :                        0 - | *RST00 :                          0 C |
*RST08 :                          8 C | *RST10 :                         10 C |
*RST18 :                         18 C | *RST38 :                         38 C |
 RTS0 :                          75 C |  RTS1 :                          A3 C |
 RTSHIG :                        17 - |  RTSLOW :                        37 - |
 SERBUF :                      4000 C |  SERCNT :                      4043 C |
 SERINP :                      403F C |  SERINT :                        3B C |
 SERRDP :                      4041 C |  SPC :                           20 - |
 SPC_PRINT :                    136 C |  STACK :                       4081 - |
 STRIN :                         C3 C |  STRPR :                        120 C |
 STR_LEN :                      2E8 C |  TAB :                            9 - |
*TIME :                          22\-26\-10\-1212\-27\-12\-1222\-25\-89\-11 - |
*TRUE :                           1 - |  UARTRC :                         1 - |
 UARTRD :                         0 - |  VERMSG :                       41A C |
 VERNAME :                                        KUNI-NET Z80 MONITOR v0.3 - |
*VERSION :                     142F - |  VERSION_OUT :                  1BD C |
 _ABORT_DUMP :                  2A2 C |  _ASC16_DOT :                   2BE C |
 AS V1.42 Beta [Bld 137] - source file Z80mon.asm - page 18 - 2019/04/23 22時12分22秒


 _ASC16_LOOP :                  2B3 C |  _ASC16_PRINT :                 2C0 C |
 _ATOBIN :                      22F C |  _ATOBIN1 :                     23F C |
 _BS_RTN :                      104 C |  _BS_RTN2 :                     10F C |
 _CHAR_SET :                     F6 C |  _CMD_LOOP :                    18F C |
 _DUMP16_LOOP :                 2D8 C |  _DUMP_END_CHECK :              297 C |
 _DUMP_GO :                     282 C |  _DUMP_LOOP :                   27A C |
 _ERROR_EXIT :                  1AA C |  _ESC_RTN :                     102 C |
 _HATENA_OUT :                  35F C |  _HEX_CNV_PR :                  14F C |
 _MAIN_LOOP :                   180 C |  _MEM_CHANGE_EXIT :             369 C |
 _MEM_CHANGE_LOOP :             317 C |  _NEXT_ADDR :                   359 C |
 _NEXT_CMD :                    1A2 C |  _PARAM_ERR :                   29C C |
 _PARAM_LOOP :                  209 C |  _PARSE_ERR :                   217 C |
 _PARSE_LOOP :                  1ED C |  _PRINT_END :                   1C2 C |
 _STRIN_END :                   11C C |  _STRIN_LOOP :                   D6 C |
 _STR_LEN_EXIT :                2F5 C |  _STR_LEN_LOOP :                2EC C |
 _WARN_BEEP :                    FD C |

    143 symbols
     39 unused symbols

 AS V1.42 Beta [Bld 137] - source file Z80mon.asm - page 19 - 2019/04/23 22時12分22秒


  codepages:
  ----------

STANDARD (0 changed characters)


0.01 seconds assembly time

    869 lines source file
      2 passes
      0 errors
      0 warnings
