 AS V1.42 Beta [Bld 137] - source file Z80mon.asm - page 1 - 2019/04/22 17時14分07秒


       1/       0 :                     ;-----------------------------------------------------------------------
       2/       0 :                     ; Z80 Monitor KUNI-NET
       3/       0 :                     ;-----------------------------------------------------------------------
       4/       0 :                     ; 以下のルーチンはSBC8080データパックのASMソースを参考にさせていただきました。
       5/       0 :                     ;  SERINT 	8251シリアル割り込みルーチン
       6/       0 :                     ;  CIN		シリアル1文字入力ルーチン
       7/       0 :                     ;  COUT		シリアル1文字出力ルーチン
       8/       0 :                     ;  CKINCHAR	シリアルバッファチェックルーチン
       9/       0 :                     
      10/       0 : =DH                 CR		EQU	0DH
      11/       0 : =AH                 LF		EQU	0AH
      12/       0 : =1BH                ESC		EQU	1BH
      13/       0 : =3H                 CTRLC	EQU	03H
      14/       0 : =CH                 CLS		EQU	0CH
      15/       0 : =20H                SPC		EQU	20h
      16/       0 : =0H                 NULL	EQU 00h
      17/       0 : =7H                 BEEP	EQU 07h
      18/       0 : =8H                 BS		EQU 08h
      19/       0 : =9H                 TAB		EQU 09h
      20/       0 : =7FH                DEL		EQU 7Fh
      21/       0 :                     ;
      22/       0 : =0H                 UARTRD	EQU	00H
      23/       0 : =1H                 UARTRC	EQU	01H
      24/       0 :                     ;
      25/       0 : =3FH                BUFSIZ	EQU	3FH
      26/       0 : =30H                BUFFUL	EQU	30H
      27/       0 : =5H                 BUFEMP	EQU	5
      28/       0 :                     ;
      29/       0 : =17H                RTSHIG	EQU	00010111B
      30/       0 : =37H                RTSLOW	EQU	00110111B
      31/       0 :                     
      32/       0 :                     
      33/       0 :                     ;------------------------------------------------------------------------------
      34/       0 :                     ; RAM バッファ & STACK
      35/       0 :                     ;------------------------------------------------------------------------------
      36/    4000 :                     		ORG	4000h
      37/    4000 :                     ;
      38/    4000 :                     SERBUF	DS	BUFSIZ
      39/    403F :                     SERINP	DS	2
      40/    4041 :                     SERRDP	DS	2
      41/    4043 :                     SERCNT	DS	1
      42/    4044 :                     BASFLG	DS	1
      43/    4045 :                     ;
      44/    4045 :                     INBUF   DS  20
      45/    4059 : =14H                INMAX   EQU  $-INBUF
      46/    4059 :                     INEND   DS  1
      47/    405A :                     ;
      48/    405A :                     ARGC	DS	1
      49/    405B :                     ARGV_1	DS	2
      50/    405D :                     ARGV_2	DS	2
      51/    405F :                     ARGV_3	DS	2
      52/    4061 : =3H                 ARG_MAX	EQU ($-ARGV_1)/2
      53/    4061 : =7H                 ARG_AREA_LEN EQU $-ARGC
      54/    4061 :                     ;
      55/    4061 :                         	DS	32
      56/    4081 : =4081H              STACK   	EQU    $
      57/    4081 :                     
      58/    4081 :                     
      59/    4081 :                     
      60/       0 :                     		ORG	0000h
 AS V1.42 Beta [Bld 137] - source file Z80mon.asm - page 2 - 2019/04/22 17時14分07秒


      61/       0 :                     ;------------------------------------------------------------------------------
      62/       0 :                     ; RST00 リセット
      63/       0 :                     ;------------------------------------------------------------------------------
      64/       0 : F3                  RST00		DI		
      65/       1 : C3 57 01            		JP	INIT	
      66/       4 :                     
      67/       4 :                     ;------------------------------------------------------------------------------
      68/       4 :                     ; RST08 1文字送信
      69/       4 :                     ;------------------------------------------------------------------------------
      70/       8 :                     	ORG	0008H
      71/       8 : C3 A7 00            RST08		JP	COUT
      72/       B :                     
      73/       B :                     ;------------------------------------------------------------------------------
      74/       B :                     ; RST10 1文字受信
      75/       B :                     ;------------------------------------------------------------------------------
      76/      10 :                     	ORG	0010H
      77/      10 : C3 79 00            RST10		JP	CIN
      78/      13 :                     
      79/      13 :                     ;------------------------------------------------------------------------------
      80/      13 :                     ; RST18 入力バッファチェック
      81/      13 :                     ;------------------------------------------------------------------------------
      82/      18 :                     	ORG	0018H
      83/      18 : C3 B3 00            RST18		JP	CKINCHAR
      84/      1B :                     
      85/      1B :                     ;------------------------------------------------------------------------------
      86/      1B :                     ; RST38 8251A割り込みルーチン
      87/      1B :                     ;------------------------------------------------------------------------------
      88/      38 :                     	ORG	0038H
      89/      38 : C3 3B 00            RST38:	JP	SERINT 
      90/      3B :                     
      91/      3B :                     ;------------------------------------------------------------------------------
      92/      3B :                     ; 8251割り込みルーチン
      93/      3B :                     ;------------------------------------------------------------------------------
      94/      3B : F5                  SERINT:	PUSH	AF
      95/      3C : E5                  	PUSH	HL
      96/      3D : DB 01               	IN	A,(UARTRC)
      97/      3F : E6 02               	AND	00000010B
      98/      41 : CA 75 00            	JP	Z,RTS0
      99/      44 : DB 00               	IN	A,(UARTRD)
     100/      46 : F5                  	PUSH	AF
     101/      47 : 3A 43 40            	LD	A,(SERCNT)
     102/      4A : FE 3F               	CP	BUFSIZ
     103/      4C : C2 53 00            	JP	NZ,NOTFUL
     104/      4F : F1                  	POP	AF
     105/      50 : C3 75 00            	JP	RTS0
     106/      53 : 2A 3F 40            NOTFUL:	LD	HL,(SERINP)
     107/      56 : 23                  	INC	HL
     108/      57 : 7D                  	LD	A,L
     109/      58 : FE 3F               	CP	SERINP & 0FFH
     110/      5A : C2 60 00            	JP	NZ,NOTWRP
     111/      5D : 21 00 40            	LD	HL,SERBUF
     112/      60 : 22 3F 40            NOTWRP:	LD	(SERINP),HL
     113/      63 : F1                  	POP	AF
     114/      64 : 77                  	LD	(HL),A
     115/      65 : 3A 43 40            	LD	A,(SERCNT)
     116/      68 : 3C                  	INC	A
     117/      69 : 32 43 40            	LD	(SERCNT),A
     118/      6C : FE 30               	CP	BUFFUL
     119/      6E : DA 75 00            	JP	C,RTS0
     120/      71 : 3E 17               	LD	A,RTSHIG
 AS V1.42 Beta [Bld 137] - source file Z80mon.asm - page 3 - 2019/04/22 17時14分07秒


     121/      73 : D3 01               	OUT	(UARTRC),A
     122/      75 : E1                  RTS0:	POP	HL
     123/      76 : F1                  	POP	AF
     124/      77 : FB                  	EI
     125/      78 : C9                  	RET
     126/      79 :                     
     127/      79 :                     ;------------------------------------------------------------------------------
     128/      79 :                     ; 1文字入力(バッファから)
     129/      79 :                     ;------------------------------------------------------------------------------
     130/      79 :                     CIN:
     131/      79 : 3A 43 40            	LD	A,(SERCNT)
     132/      7C : FE 00               	CP	00H
     133/      7E : CA 79 00            	JP	Z,CIN
     134/      81 : E5                  	PUSH	HL
     135/      82 : 2A 41 40            	LD	HL,(SERRDP)
     136/      85 : 23                  	INC	HL
     137/      86 : 7D                  	LD	A,L
     138/      87 : FE 3F               	CP	SERINP & 0FFH
     139/      89 : C2 8F 00            	JP	NZ,NRWRAP
     140/      8C : 21 00 40            	LD	HL,SERBUF
     141/      8F : F3                  NRWRAP:	DI
     142/      90 : 22 41 40            	LD	(SERRDP),HL
     143/      93 : 3A 43 40            	LD	A,(SERCNT)
     144/      96 : 3D                  	DEC	A
     145/      97 : 32 43 40            	LD	(SERCNT),A
     146/      9A : FE 05               	CP	BUFEMP
     147/      9C : D2 A3 00            	JP	NC,RTS1
     148/      9F : 3E 37               	LD	A,RTSLOW
     149/      A1 : D3 01               	OUT	(UARTRC),A
     150/      A3 : 7E                  RTS1:	LD	A,(HL)
     151/      A4 : FB                  	EI
     152/      A5 : E1                  	POP	HL
     153/      A6 : C9                  	RET	
     154/      A7 :                     
     155/      A7 :                     ;------------------------------------------------------------------------------
     156/      A7 :                     ; 1文字出力
     157/      A7 :                     ;------------------------------------------------------------------------------
     158/      A7 : F5                  COUT:		PUSH	AF
     159/      A8 : DB 01               COUT1:	IN	A,(UARTRC)
     160/      AA : E6 01               	AND	01H     
     161/      AC : CA A8 00            	JP	Z,COUT1
     162/      AF : F1                  	POP	AF
     163/      B0 : D3 00               	OUT	(UARTRD),A
     164/      B2 : C9                  	RET
     165/      B3 :                     
     166/      B3 :                     ;------------------------------------------------------------------------------
     167/      B3 :                     ; 入力バッファチェック
     168/      B3 :                     ;------------------------------------------------------------------------------
     169/      B3 : 3A 43 40            CKINCHAR	LD	A,(SERCNT)
     170/      B6 : FE 00               	CP	00H
     171/      B8 : C9                  	RET
     172/      B9 :                     
     173/      B9 :                     ;==============================================================================
     174/      B9 :                     ;------------------------------------------------------------------------------
     175/      B9 :                     ; 1文字入力 英字大文字対応
     176/      B9 :                     ;------------------------------------------------------------------------------
     177/      B9 :                     GETC:
     178/      B9 : D7                      RST 10h
     179/      BA : FE 61                   CP 'a'
     180/      BC : F8                      RET M
 AS V1.42 Beta [Bld 137] - source file Z80mon.asm - page 4 - 2019/04/22 17時14分07秒


     181/      BD : FE 7B                   CP 'z'+1
     182/      BF : F0                      RET P
     183/      C0 : D6 20                   SUB A,20H
     184/      C2 : C9                      RET
     185/      C3 :                     
     186/      C3 :                     ;------------------------------------------------------------------------------
     187/      C3 :                     ; 文字列入力 エコーバックつき
     188/      C3 :                     ;------------------------------------------------------------------------------
     189/      C3 :                     STRIN:
     190/      C3 :                     ; INBUF クリア
     191/      C3 : 3E 00                   LD A,00H
     192/      C5 : 32 45 40                LD (INBUF),A
     193/      C8 : 21 45 40                LD HL,INBUF
     194/      CB : 11 46 40                LD DE,INBUF+1
     195/      CE : 01 14 00                LD BC,INMAX
     196/      D1 : ED B0                   LDIR
     197/      D3 :                     ;
     198/      D3 : 21 45 40                LD HL,INBUF
     199/      D6 :                     ;
     200/      D6 :                     _STRIN_LOOP:
     201/      D6 : CD B9 00                CALL GETC
     202/      D9 : FE 0D                   CP 0Dh
     203/      DB : 28 3F                   JR Z,_STRIN_END
     204/      DD : FE 08                   CP BS
     205/      DF : 28 23                   JR Z,_BS_RTN
     206/      E1 : FE 7F               	CP DEL
     207/      E3 : 28 1F                   JR Z,_BS_RTN
     208/      E5 : FE 1B               	CP ESC
     209/      E7 : 28 19               	JR Z,_ESC_RTN
     210/      E9 :                     ;
     211/      E9 :                     ; バッファENDにきた?
     212/      E9 : 47                  	LD B,A
     213/      EA : 11 59 40            	LD DE,INEND
     214/      ED : 7A                  	LD A,D
     215/      EE : BC                  	CP H
     216/      EF : 20 05               	JR NZ,_CHAR_SET
     217/      F1 : 7B                  	LD A,E
     218/      F2 : BD                  	CP L
     219/      F3 : 28 08               	JR Z,_WARN_BEEP
     220/      F5 : 78                  	LD A,B
     221/      F6 :                     _CHAR_SET:
     222/      F6 : 77                      LD (HL),A
     223/      F7 : 23                      INC HL
     224/      F8 : CD 29 01                call CPRINT
     225/      FB : 18 D9                   JR _STRIN_LOOP
     226/      FD :                     ;
     227/      FD :                     _WARN_BEEP:
     228/      FD : 3E 07               	LD A,BEEP
     229/      FF : CF                  	RST 08h
     230/     100 : 18 D4                   JR _STRIN_LOOP
     231/     102 :                     ;
     232/     102 :                     _ESC_RTN:
     233/     102 : 3F                  	CCF
     234/     103 : C9                  	RET
     235/     104 :                     ;
     236/     104 :                     _BS_RTN:
     237/     104 : 11 45 40            	LD DE,INBUF
     238/     107 : 7A                  	LD A,D
     239/     108 : BC                  	CP H
     240/     109 : 20 04               	JR NZ,_BS_RTN2
 AS V1.42 Beta [Bld 137] - source file Z80mon.asm - page 5 - 2019/04/22 17時14分07秒


     241/     10B : 7B                  	LD A,E
     242/     10C : BD                  	CP L
     243/     10D : 28 EE               	JR Z,_WARN_BEEP
     244/     10F :                     ;
     245/     10F :                     _BS_RTN2:
     246/     10F : E5                      PUSH HL
     247/     110 : 21 BD 03                LD HL,BSTXT
     248/     113 : CD 20 01                CALL STRPR
     249/     116 : E1                      POP HL
     250/     117 : 2B                      DEC HL
     251/     118 : 36 00                   LD (HL),00h
     252/     11A : 18 BA                   JR _STRIN_LOOP
     253/     11C :                     ;
     254/     11C :                     _STRIN_END:
     255/     11C : CD 2F 01                CALL CRLF_PRINT
     256/     11F : C9                      RET
     257/     120 :                     
     258/     120 :                     ;------------------------------------------------------------------------------
     259/     120 :                     ; 文字列出力
     260/     120 :                     ;------------------------------------------------------------------------------
     261/     120 :                     STRPR:
     262/     120 : 7E                      LD A,(HL)
     263/     121 : B7                      OR A
     264/     122 : C8                      RET Z
     265/     123 : CD 29 01                CALL CPRINT
     266/     126 : 23                      INC HL
     267/     127 : 18 F7                   JR STRPR
     268/     129 :                     
     269/     129 :                     ;------------------------------------------------------------------------------
     270/     129 :                     ; 文字出力 (CRLF対応)
     271/     129 :                     ; IN: A - キャラクタ
     272/     129 :                     ; RET: なし
     273/     129 :                     ;------------------------------------------------------------------------------
     274/     129 :                     CPRINT:
     275/     129 : FE 0D                   CP 0Dh
     276/     12B : 28 02                   JR Z,CRLF_PRINT
     277/     12D : CF                      RST 08h
     278/     12E : C9                      RET
     279/     12F :                     
     280/     12F :                     ;------------------------------------------------------------------------------
     281/     12F :                     ; CRLF出力 (CRLF対応)
     282/     12F :                     ;------------------------------------------------------------------------------
     283/     12F :                     CRLF_PRINT:
     284/     12F : 3E 0D                   LD A,0DH
     285/     131 : CF                      RST 08H
     286/     132 : 3E 0A                   LD A,0AH
     287/     134 : CF                      RST 08h
     288/     135 : C9                      RET
     289/     136 :                     
     290/     136 :                     ;------------------------------------------------------------------------------
     291/     136 :                     ; ブランク出力 
     292/     136 :                     ;------------------------------------------------------------------------------
     293/     136 :                     SPC_PRINT:
     294/     136 : 3E 20                   LD A,SPC
     295/     138 : CF                      RST 08H
     296/     139 : C9                      RET
     297/     13A :                     
     298/     13A :                     ;------------------------------------------------------------------------------
     299/     13A :                     ; Hex2桁出力
     300/     13A :                     ;------------------------------------------------------------------------------
 AS V1.42 Beta [Bld 137] - source file Z80mon.asm - page 6 - 2019/04/22 17時14分07秒


     301/     13A :                     HEX2OUT:
     302/     13A : C5                  	PUSH BC
     303/     13B : 47                  	LD B,A
     304/     13C : CB 3F               	SRL A
     305/     13E : CB 3F               	SRL A
     306/     140 : CB 3F               	SRL A
     307/     142 : CB 3F               	SRL A
     308/     144 : CD 4F 01            	CALL _HEX_CNV_PR
     309/     147 : 78                  	LD A,B
     310/     148 : E6 0F               	AND 0Fh
     311/     14A : CD 4F 01            	CALL _HEX_CNV_PR
     312/     14D : C1                  	POP BC
     313/     14E : C9                  	RET
     314/     14F :                     ;
     315/     14F :                     _HEX_CNV_PR:	
     316/     14F : C6 90               	ADD A,90h
     317/     151 : 27                  	DAA
     318/     152 : CE 40               	ADC	A,40h
     319/     154 : 27                  	DAA
     320/     155 : CF                  	RST 08h
     321/     156 : C9                  	RET
     322/     157 :                     
     323/     157 :                     
     324/     157 :                     ;==============================================================================
     325/     157 :                     ;------------------------------------------------------------------------------
     326/     157 :                     ; 初期化
     327/     157 :                     ;------------------------------------------------------------------------------
     328/     157 :                     INIT:		
     329/     157 : 31 81 40                LD  SP,STACK
     330/     15A : 21 00 40            	LD	HL,SERBUF
     331/     15D : 22 3F 40            	LD	(SERINP),HL
     332/     160 : 22 41 40            	LD	(SERRDP),HL
     333/     163 : AF                  	XOR	A
     334/     164 : 32 43 40            	LD	(SERCNT),A
     335/     167 : D3 01               	OUT	(UARTRC),A
     336/     169 : D3 01               	OUT	(UARTRC),A
     337/     16B : D3 01               	OUT	(UARTRC),A
     338/     16D : 3E 40               	LD	A,01000000B
     339/     16F : D3 01               	OUT	(UARTRC),A
     340/     171 : 3E 4E               	LD	A,01001110B
     341/     173 : D3 01               	OUT	(UARTRC),A
     342/     175 : 3E 37               	LD	A,RTSLOW
     343/     177 : D3 01               	OUT	(UARTRC),A
     344/     179 : FB                  	EI
     345/     17A :                     ;
     346/     17A :                     ;--------------------------------------------------------------------------------
     347/     17A :                     ; メイン
     348/     17A :                     ;--------------------------------------------------------------------------------
     349/     17A :                     MAIN:
     350/     17A : 21 9A 03                LD HL,OPENMSG
     351/     17D : CD 20 01                CALL STRPR
     352/     180 :                     _MAIN_LOOP:
     353/     180 : 3E 3E                   LD A,'>'
     354/     182 : CF                      RST 08h
     355/     183 : DD 21 6F 03             LD IX,CMD_TBL
     356/     187 : CD B9 00            	CALL GETC
     357/     18A : CF                      RST 08H
     358/     18B :                     ;
     359/     18B :                     _CMD_LOOP:
     360/     18B : F5                  	PUSH AF
 AS V1.42 Beta [Bld 137] - source file Z80mon.asm - page 7 - 2019/04/22 17時14分07秒


     361/     18C : DD 7E 00                LD A,(IX+0)
     362/     18F : B7                  	OR A
     363/     190 : 28 14               	JR Z,_ERROR_EXIT
     364/     192 : 47                  	LD B,A
     365/     193 : F1                  	POP AF
     366/     194 : B8                      CP B
     367/     195 : 20 07               	JR NZ,_NEXT_CMD
     368/     197 : DD 6E 01                LD L,(IX+1)
     369/     19A : DD 66 02            	LD H,(IX+2)
     370/     19D : E9                  	JP (HL)
     371/     19E :                     _NEXT_CMD:
     372/     19E : DD 23               	INC IX
     373/     1A0 : DD 23               	INC IX
     374/     1A2 : DD 23               	INC IX
     375/     1A4 : 18 E5               	JR _CMD_LOOP
     376/     1A6 :                     ;;
     377/     1A6 :                     _ERROR_EXIT
     378/     1A6 : CD 2F 01            	CALL CRLF_PRINT
     379/     1A9 : 21 5E 04            	LD HL,HATENA_MSG
     380/     1AC : CD 20 01            	CALL STRPR
     381/     1AF : CD 2F 01            	CALL CRLF_PRINT
     382/     1B2 :                     _MAIN_LOOP_END:
     383/     1B2 : CD 2F 01                call    CRLF_PRINT
     384/     1B5 : 18 C9                   JR      _MAIN_LOOP
     385/     1B7 :                     
     386/     1B7 :                     ;--------------------------------------------------------------------------------
     387/     1B7 :                     ; ヘルプ出力
     388/     1B7 :                     ;--------------------------------------------------------------------------------
     389/     1B7 :                     HELP_OUT:
     390/     1B7 : 21 C1 03                LD HL,HELP_MSG
     391/     1BA : 18 03               	JR _PRINT_END
     392/     1BC :                     ;
     393/     1BC :                     ;--------------------------------------------------------------------------------
     394/     1BC :                     ; バージョン出力
     395/     1BC :                     ;--------------------------------------------------------------------------------
     396/     1BC :                     VERSION_OUT:
     397/     1BC : 21 7F 03                LD HL,VERMSG
     398/     1BF :                     _PRINT_END:
     399/     1BF : CD 2F 01            	CALL CRLF_PRINT
     400/     1C2 : CD 20 01                CALL STRPR
     401/     1C5 : CD 2F 01            	CALL CRLF_PRINT
     402/     1C8 : C3 80 01                JP _MAIN_LOOP
     403/     1CB : C9                      RET
     404/     1CC :                     
     405/     1CC :                     ;--------------------------------------------------------------------------------
     406/     1CC :                     ; HEX4桁出力
     407/     1CC :                     ;--------------------------------------------------------------------------------
     408/     1CC :                     HEX4OUT:
     409/     1CC : F5                  	PUSH AF
     410/     1CD : 7C                  	LD A,H
     411/     1CE : CD 3A 01            	CALL HEX2OUT
     412/     1D1 : 7D                  	LD A,L
     413/     1D2 : CD 3A 01            	CALL HEX2OUT
     414/     1D5 : F1                  	POP AF
     415/     1D6 : C9                  	RET
     416/     1D7 :                     
     417/     1D7 :                     ;--------------------------------------------------------------------------------
     418/     1D7 :                     ; 入力行パース
     419/     1D7 :                     ;--------------------------------------------------------------------------------
     420/     1D7 :                     PARSER:
 AS V1.42 Beta [Bld 137] - source file Z80mon.asm - page 8 - 2019/04/22 17時14分07秒


     421/     1D7 :                     ; 編集エリア初期化
     422/     1D7 : 21 5A 40            	LD HL,ARGC
     423/     1DA : 3E 00               	LD A,0
     424/     1DC : 77                  	LD (HL),A
     425/     1DD : 11 5B 40            	LD DE,ARGC+1
     426/     1E0 : 01 06 00            	LD BC,ARG_AREA_LEN-1
     427/     1E3 : ED B0               	LDIR
     428/     1E5 :                     ; 入力パラメーター パース開始
     429/     1E5 : 4F                  	LD C,A
     430/     1E6 : 21 44 40            	LD HL,INBUF-1
     431/     1E9 : DD 21 5B 40         	LD IX,ARGV_1
     432/     1ED :                     ;
     433/     1ED :                     _PARSE_LOOP:
     434/     1ED : 23                  	INC HL
     435/     1EE : 7E                  	LD A,(HL)
     436/     1EF : FE 00               	CP NULL
     437/     1F1 : C8                  	RET Z
     438/     1F2 : FE 20               	CP SPC
     439/     1F4 : 28 F7               	JR Z,_PARSE_LOOP
     440/     1F6 : 0C                      INC C
     441/     1F7 : 79                  	LD A,C
     442/     1F8 : FE 04               	CP ARG_MAX+1
     443/     1FA : 30 1B               	JR NC,_PARSE_ERR
     444/     1FC : 32 5A 40            	LD (ARGC),A
     445/     1FF : DD 75 00            	LD (IX+0),L
     446/     202 : DD 74 01            	LD (IX+1),H
     447/     205 : DD 23               	INC IX
     448/     207 : DD 23               	INC IX
     449/     209 :                     _PARAM_LOOP:
     450/     209 : 23                  	INC HL
     451/     20A : 7E                  	LD A,(HL)
     452/     20B : FE 00               	CP NULL
     453/     20D : C8                  	RET Z
     454/     20E : FE 20               	CP SPC
     455/     210 : 20 F7               	JR NZ,_PARAM_LOOP
     456/     212 : 3E 00               	LD A,NULL
     457/     214 : 77                  	LD (HL),A
     458/     215 : 18 D6               	JR _PARSE_LOOP
     459/     217 :                     ;
     460/     217 :                     _PARSE_ERR:
     461/     217 : 3F                  	CCF
     462/     218 : C9                  	RET
     463/     219 :                     
     464/     219 :                     ;--------------------------------------------------------------------------------
     465/     219 :                     ; HEX 2桁キャラクタ → Aレジスタ
     466/     219 :                     ;--------------------------------------------------------------------------------
     467/     219 :                     HEX2BIN:
     468/     219 : 7E                  	LD A,(HL)
     469/     21A : CD 2F 02            	CALL _ATOBIN
     470/     21D : D8                  	RET C
     471/     21E : CB 27               	SLA A
     472/     220 : CB 27               	SLA A
     473/     222 : CB 27               	SLA A
     474/     224 : CB 27               	SLA A
     475/     226 : 47                  	LD B,A
     476/     227 : 23                  	INC HL
     477/     228 : 7E                  	LD A,(HL)
     478/     229 : CD 2F 02            	CALL _ATOBIN
     479/     22C : D8                  	RET C
     480/     22D : 80                  	ADD A,B
 AS V1.42 Beta [Bld 137] - source file Z80mon.asm - page 9 - 2019/04/22 17時14分07秒


     481/     22E : C9                  	RET
     482/     22F :                     ;
     483/     22F :                     _ATOBIN:
     484/     22F : FE 30               	CP '0'
     485/     231 : D8                  	RET C
     486/     232 : FE 3A               	CP '9'+1
     487/     234 : 38 09               	JR C,_ATOBIN1
     488/     236 : FE 41               	CP 'A'
     489/     238 : D8                  	RET C
     490/     239 : FE 47               	CP 'F'+1
     491/     23B : 3F                  	CCF
     492/     23C : D8                  	RET C
     493/     23D : C6 09               	ADD A,09H
     494/     23F :                     _ATOBIN1:
     495/     23F : E6 0F               	AND 0Fh
     496/     241 : C9                  	RET
     497/     242 :                     ;
     498/     242 :                     
     499/     242 :                     ;--------------------------------------------------------------------------------
     500/     242 :                     ; 4バイト16進数文字列→バイナリ(HL)へ
     501/     242 :                     ;--------------------------------------------------------------------------------
     502/     242 :                     HEX4BIN:
     503/     242 : CD 19 02            	CALL HEX2BIN
     504/     245 : D8                  	RET C
     505/     246 : 57                  	LD D,A
     506/     247 : 23                  	INC HL
     507/     248 : CD 19 02            	CALL HEX2BIN
     508/     24B : D8                  	RET C
     509/     24C : 5F                  	LD E,A
     510/     24D : D5                  	PUSH DE
     511/     24E : E1                  	POP HL
     512/     24F : C9                  	RET
     513/     250 :                     ;--------------------------------------------------------------------------------
     514/     250 :                     ; メモリーダンプ
     515/     250 :                     ;--------------------------------------------------------------------------------
     516/     250 :                     MEM_DUMP:
     517/     250 : CD 36 01                CALL SPC_PRINT
     518/     253 :                     ;
     519/     253 : CD C3 00                CALL STRIN
     520/     256 : CD D7 01            	CALL PARSER
     521/     259 : 38 45               	JR C,_PARAM_ERR
     522/     25B :                     ; 入力パラメータ数チェック
     523/     25B : 3A 5A 40            	LD A,(ARGC)
     524/     25E : FE 02               	CP 2
     525/     260 : 20 3E               	JR NZ,_PARAM_ERR
     526/     262 :                     ; 開始アドレス取得
     527/     262 : 2A 5B 40            	LD HL,(ARGV_1)
     528/     265 : CD 42 02            	CALL HEX4BIN
     529/     268 : 38 36               	JR C,_PARAM_ERR
     530/     26A : E5                  	PUSH HL
     531/     26B : DD E1               	POP IX
     532/     26D :                     ; 終了アドレス取得
     533/     26D : 2A 5D 40            	LD HL,(ARGV_2)
     534/     270 : CD 42 02            	CALL HEX4BIN
     535/     273 : 38 2B               	JR C,_PARAM_ERR
     536/     275 : E5                  	PUSH HL
     537/     276 : D1                  	POP DE
     538/     277 : DD E5               	PUSH IX
     539/     279 : E1                  	POP HL
     540/     27A :                     ; ダンプ実施
 AS V1.42 Beta [Bld 137] - source file Z80mon.asm - page 10 - 2019/04/22 17時14分07秒


     541/     27A :                     _DUMP_LOOP:
     542/     27A : DF                  	RST 18h
     543/     27B : 28 05               	JR Z,_DUMP_GO
     544/     27D : D7                  	RST 10h
     545/     27E : FE 1B               	CP ESC
     546/     280 : 28 24               	JR Z,_ABORT_DUMP
     547/     282 :                     _DUMP_GO:
     548/     282 : E5                  	PUSH HL
     549/     283 : CD D7 02            	CALL DUMP16
     550/     286 : E1                  	POP HL
     551/     287 : CD AC 02            	CALL ASC16
     552/     28A : CD 2F 01            	CALL CRLF_PRINT
     553/     28D :                     ; 終了判定
     554/     28D : 7A                  	LD A,D
     555/     28E : BC                  	CP H
     556/     28F : FA 80 01            	JP M,_MAIN_LOOP
     557/     292 : 7B                  	LD A,E
     558/     293 : BD                  	CP L
     559/     294 : FA 99 02            	JP M,_DUMP_END_CHECK
     560/     297 : 18 E1               	JR _DUMP_LOOP
     561/     299 :                     ;
     562/     299 :                     _DUMP_END_CHECK:
     563/     299 : 7A                  	LD A,D
     564/     29A : BC                  	CP H
     565/     29B : 20 DD               	JR NZ,_DUMP_LOOP
     566/     29D : C3 80 01            	JP _MAIN_LOOP
     567/     2A0 :                     ;
     568/     2A0 :                     _PARAM_ERR:
     569/     2A0 : 21 31 04            	LD HL,PARAM_ERRMSG
     570/     2A3 : C3 BF 01            	JP _PRINT_END
     571/     2A6 :                     ;
     572/     2A6 :                     _ABORT_DUMP:
     573/     2A6 : 21 44 04            	LD HL,ABORT_MSG
     574/     2A9 : C3 BF 01            	JP _PRINT_END
     575/     2AC :                     ;--------------------------------------------------------------------------------
     576/     2AC :                     ; 16バイト分 ASCII出力
     577/     2AC :                     ;--------------------------------------------------------------------------------
     578/     2AC :                     ASC16:
     579/     2AC : CD 36 01            	CALL SPC_PRINT
     580/     2AF : 3E 3A               	LD A,':'
     581/     2B1 : CF                  	RST 08h
     582/     2B2 : CD 36 01            	CALL SPC_PRINT
     583/     2B5 : 0E 10               	LD C,10h
     584/     2B7 :                     ;
     585/     2B7 :                     _ASC16_LOOP:
     586/     2B7 : 7E                  	LD A,(HL)
     587/     2B8 : FE 20               	CP ' '
     588/     2BA : FA C2 02            	JP M,_ASC16_DOT
     589/     2BD : FE 7F               	CP 7Fh
     590/     2BF : FA C4 02            	JP M,_ASC16_PRINT
     591/     2C2 :                     _ASC16_DOT:
     592/     2C2 : 3E 2E               	LD A,'.'
     593/     2C4 :                     _ASC16_PRINT:
     594/     2C4 : CF                  	RST 08h	
     595/     2C5 : 23                  	INC HL
     596/     2C6 : 0D                  	DEC C
     597/     2C7 : C8                  	RET Z
     598/     2C8 : 18 ED               	JR _ASC16_LOOP
     599/     2CA :                     
     600/     2CA :                     ;--------------------------------------------------------------------------------
 AS V1.42 Beta [Bld 137] - source file Z80mon.asm - page 11 - 2019/04/22 17時14分07秒


     601/     2CA :                     ; アドレス部分出力
     602/     2CA :                     ;--------------------------------------------------------------------------------
     603/     2CA :                     ADDR_OUT:
     604/     2CA : CD CC 01            	CALL HEX4OUT
     605/     2CD : CD 36 01            	CALL SPC_PRINT
     606/     2D0 : 3E 3A               	LD A,':'
     607/     2D2 : CF                  	RST 08h
     608/     2D3 : CD 36 01            	CALL SPC_PRINT
     609/     2D6 : C9                  	RET
     610/     2D7 :                     
     611/     2D7 :                     ;--------------------------------------------------------------------------------
     612/     2D7 :                     ; 16バイト分 HEXダンプ出力
     613/     2D7 :                     ;--------------------------------------------------------------------------------
     614/     2D7 :                     DUMP16:
     615/     2D7 : CD CA 02            	CALL ADDR_OUT
     616/     2DA : 0E 10               	LD C,10h
     617/     2DC :                     _DUMP16_LOOP:
     618/     2DC : CD E7 02            	CALL DUMP_AT
     619/     2DF : CD 36 01            	CALL SPC_PRINT
     620/     2E2 : 23                  	INC HL
     621/     2E3 : 0D                  	DEC C
     622/     2E4 : C8                  	RET Z
     623/     2E5 : 18 F5               	JR _DUMP16_LOOP
     624/     2E7 :                     
     625/     2E7 :                     ;--------------------------------------------------------------------------------
     626/     2E7 :                     ; 1バイト分 HEXダンプ出力
     627/     2E7 :                     ;--------------------------------------------------------------------------------
     628/     2E7 :                     DUMP_AT:
     629/     2E7 : 7E                  	LD A,(HL)
     630/     2E8 : CD 3A 01            	CALL HEX2OUT
     631/     2EB : C9                  	RET
     632/     2EC :                     
     633/     2EC :                     ;--------------------------------------------------------------------------------
     634/     2EC :                     ; strlen
     635/     2EC :                     ;--------------------------------------------------------------------------------
     636/     2EC :                     STR_LEN:
     637/     2EC : 0E 00               	LD C,0
     638/     2EE :                     _STR_LEN_LOOP:
     639/     2EE : 7E                  	LD A,(HL)
     640/     2EF : FE 00               	CP NULL
     641/     2F1 : 28 04               	JR Z,_STR_LEN_EXIT
     642/     2F3 : 23                  	INC HL
     643/     2F4 : 0C                  	INC C
     644/     2F5 : 18 F7               	JR _STR_LEN_LOOP
     645/     2F7 :                     ;
     646/     2F7 :                     _STR_LEN_EXIT:
     647/     2F7 : 79                  	LD A,C
     648/     2F8 : C9                  	RET
     649/     2F9 :                     
     650/     2F9 :                     ;
     651/     2F9 :                     ;--------------------------------------------------------------------------------
     652/     2F9 :                     ; メモリー変更コマンド
     653/     2F9 :                     ;--------------------------------------------------------------------------------
     654/     2F9 :                     MEM_CHANGE:
     655/     2F9 : CD 36 01                CALL SPC_PRINT
     656/     2FC :                     ;
     657/     2FC : CD C3 00                CALL STRIN
     658/     2FF : CD D7 01            	CALL PARSER
     659/     302 :                     ;
     660/     302 :                     ; 入力パラメータ数チェック
 AS V1.42 Beta [Bld 137] - source file Z80mon.asm - page 12 - 2019/04/22 17時14分07秒


     661/     302 : 3A 5A 40            	LD A,(ARGC)
     662/     305 : FE 01               	CP 1
     663/     307 : 20 97               	JR NZ,_PARAM_ERR
     664/     309 :                     ;
     665/     309 :                     ; 開始アドレス取得
     666/     309 : 2A 5B 40            	LD HL,(ARGV_1)
     667/     30C : CD 42 02            	CALL HEX4BIN
     668/     30F : 38 8F               	JR C,_PARAM_ERR
     669/     311 : E5                  	PUSH HL
     670/     312 : DD E1               	POP IX
     671/     314 :                     ;
     672/     314 : CD 2F 01            	CALL CRLF_PRINT
     673/     317 :                     _MEM_CHANGE_LOOP:
     674/     317 : DD E5               	PUSH IX
     675/     319 : E1                  	POP HL
     676/     31A : CD CA 02            	CALL ADDR_OUT
     677/     31D : DD 7E 00            	LD A,(IX+0)
     678/     320 : CD 3A 01            	CALL HEX2OUT
     679/     323 : 3E 2D               	LD A,'-'
     680/     325 : CD 29 01            	CALL CPRINT
     681/     328 : DD E5               	PUSH IX
     682/     32A :                     ;
     683/     32A : CD C3 00                CALL STRIN
     684/     32D : DA 69 03            	JP C,_MEM_CHANGE_EXIT
     685/     330 : CD D7 01            	CALL PARSER
     686/     333 :                     ; 入力パラメータ数/レングスチェック
     687/     333 : 3A 5A 40            	LD A,(ARGC)
     688/     336 : FE 00               	CP 0
     689/     338 : 28 1F               	JR Z,_NEXT_ADDR
     690/     33A : FE 01               	CP 1
     691/     33C : 20 21               	JR NZ,_HATENA_OUT
     692/     33E : 2A 5B 40            	LD HL,(ARGV_1)
     693/     341 : CD EC 02            	CALL STR_LEN
     694/     344 : FE 02               	CP 2
     695/     346 : 20 17               	JR NZ,_HATENA_OUT
     696/     348 : 2A 5B 40            	LD HL,(ARGV_1)
     697/     34B : CD 19 02            	CALL HEX2BIN
     698/     34E : 38 0F               	JR C,_HATENA_OUT
     699/     350 : DD E1               	POP IX
     700/     352 : DD 77 00            	LD (IX+0),A
     701/     355 : DD 23               	INC IX
     702/     357 : 18 BE               	JR _MEM_CHANGE_LOOP
     703/     359 :                     ;
     704/     359 :                     _NEXT_ADDR:
     705/     359 : DD E1               	POP IX
     706/     35B : DD 23               	INC IX
     707/     35D : 18 B8               	JR _MEM_CHANGE_LOOP
     708/     35F :                     ;
     709/     35F :                     _HATENA_OUT:
     710/     35F : 21 5E 04            	LD HL,HATENA_MSG
     711/     362 : CD 20 01            	CALL STRPR
     712/     365 : DD E1               	POP IX
     713/     367 : 18 AE               	JR _MEM_CHANGE_LOOP
     714/     369 :                     ;
     715/     369 :                     _MEM_CHANGE_EXIT:
     716/     369 : CD 2F 01            	CALL CRLF_PRINT
     717/     36C : C3 80 01            	JP _MAIN_LOOP ;ESCキーでメイン処理へ
     718/     36F :                     ;
     719/     36F :                     ;--------------------------------------------------------------------------------
     720/     36F :                     ; コマンドテーブル
 AS V1.42 Beta [Bld 137] - source file Z80mon.asm - page 13 - 2019/04/22 17時14分07秒


     721/     36F :                     ;--------------------------------------------------------------------------------
     722/     36F :                     CMD_TBL:
     723/     36F : 48                      DB 'H'
     724/     370 : B7 01                   DW HELP_OUT
     725/     372 : 3F                      DB '?'
     726/     373 : B7 01                   DW HELP_OUT
     727/     375 : 56                      DB 'V'
     728/     376 : BC 01                   DW VERSION_OUT
     729/     378 : 44                      DB 'D'
     730/     379 : 50 02                   DW MEM_DUMP
     731/     37B : 4D                      DB 'M'
     732/     37C : F9 02                   DW MEM_CHANGE
     733/     37E :                     ; TABLE END
     734/     37E : 00                      DB 00h
     735/     37F :                     ;
     736/     37F :                     ;--------------------------------------------------------------------------------
     737/     37F :                     ; メッセージなど
     738/     37F :                     ;--------------------------------------------------------------------------------
     739/     37F : =KUNI-NET Z8..      VERNAME EQU "KUNI-NET Z80 MONITOR v0.1"
     740/     37F : 4B 55 4E 49 2D 4E   VERMSG  DB VERNAME,CR,0
                    45 54 20 5A 38 30 
                    20 4D 4F 4E 49 54 
                    4F 52 20 76 30 2E 
                    31 0D 00 
     741/     39A : 0D 0D 2A 2A 20 4B   OPENMSG DB CR,CR,"** ",VERNAME," **",CR,0
                    55 4E 49 2D 4E 45 
                    54 20 5A 38 30 20 
                    4D 4F 4E 49 54 4F 
                    52 20 76 30 2E 31 
                    20 2A 2A 0D 00 
     742/     3BD : 08 20 08 00         BSTXT	DB BS,SPC,BS,0
     743/     3C1 : 2D 20 2D 20 2D 20   HELP_MSG DB "- - - COMMAND HELP - - -",CR
                    43 4F 4D 4D 41 4E 
                    44 20 48 45 4C 50 
                    20 2D 20 2D 20 2D 
                    0D 
     744/     3DA : 4D 20 58 58 58 58            DB "M XXXX ",TAB,TAB,"MEMORY EDIT",CR
                    20 09 09 4D 45 4D 
                    4F 52 59 20 45 44 
                    49 54 0D 
     745/     3EF : 44 20 58 58 58 58            DB "D XXXX XXXX ",TAB,"MEMORY DUMP",CR
                    20 58 58 58 58 20 
                    09 4D 45 4D 4F 52 
                    59 20 44 55 4D 50 
                    0D 
     746/     408 : 48 20 09 09 48 45            DB "H ",TAB,TAB,"HELP MESSGAE",CR
                    4C 50 20 4D 45 53 
                    53 47 41 45 0D 
     747/     419 : 56 20 09 09 56 45            DB "V ",TAB,TAB,"VERSION INFOMATION",CR,0
                    52 53 49 4F 4E 20 
                    49 4E 46 4F 4D 41 
                    54 49 4F 4E 0D 00 
     748/     431 : 07 2A 2A 20 50 41   PARAM_ERRMSG DB BEEP,"** PARAMETER ERR",CR,0
                    52 41 4D 45 54 45 
                    52 20 45 52 52 0D 
                    00 
     749/     444 : 07 2A 2A 20 4D 45   ABORT_MSG DB BEEP,"** MEM DUMP ABORTED END",CR,0
                    4D 20 44 55 4D 50 
                    20 41 42 4F 52 54 
                    45 44 20 45 4E 44 
 AS V1.42 Beta [Bld 137] - source file Z80mon.asm - page 14 - 2019/04/22 17時14分07秒


                    0D 00 
     750/     45E : 0D 3F 0D 00         HATENA_MSG DB CR,"?",CR,0
     751/     462 :                     
 AS V1.42 Beta [Bld 137] - source file Z80mon.asm - page 15 - 2019/04/22 17時14分07秒


  symbol table (* = unused):
  ------------------------

 ABORT_MSG :                    444 C |  ADDR_OUT :                     2CA C |
*ARCHITECTURE :    x86_64-apple-osx - |  ARGC :                        405A C |
 ARGV_1 :                      405B C |  ARGV_2 :                      405D C |
*ARGV_3 :                      405F C |  ARG_AREA_LEN :                   7 - |
 ARG_MAX :                        3 - |  ASC16 :                        2AC C |
*BASFLG :                      4044 C |  BEEP :                           7 - |
*BIGENDIAN :                      0 - | *BRANCHEXT :                      0 - |
 BS :                             8 - |  BSTXT :                        3BD C |
 BUFEMP :                         5 - |  BUFFUL :                        30 - |
 BUFSIZ :                        3F - | *CASESENSITIVE :                  0 - |
 CIN :                           79 C |  CKINCHAR :                      B3 C |
*CLS :                            C - |  CMD_TBL :                      36F C |
*CONSTPI :        3.141592653589793 - |  COUT :                          A7 C |
 COUT1 :                         A8 C |  CPRINT :                       129 C |
 CR :                             D - |  CRLF_PRINT :                   12F C |
*CTRLC :                          3 - | *DATE :                  2019/04/22 - |
 DEL :                           7F - |  DUMP16 :                       2D7 C |
 DUMP_AT :                      2E7 C |  ESC :                           1B - |
*FALSE :                          0 - | *FULLPMMU :                       1 - |
 GETC :                          B9 C | *HAS64 :                          1 - |
*HASDSP :                         0 - | *HASFPU :                         0 - |
*HASPMMU :                        0 - |  HATENA_MSG :                   45E C |
 HELP_MSG :                     3C1 C |  HELP_OUT :                     1B7 C |
 HEX2BIN :                      219 C |  HEX2OUT :                      13A C |
 HEX4BIN :                      242 C |  HEX4OUT :                      1CC C |
 INBUF :                       4045 C |  INEND :                       4059 C |
*INEXTMODE :                      0 - |  INIT :                         157 C |
*INLWORDMODE :                    0 - |  INMAX :                         14 - |
*INMAXMODE :                      0 - | *INSRCMODE :                      0 - |
*INSUPMODE :                      0 - | *LF :                             A - |
*LISTON :                         1 - | *MACEXP :                         7 - |
*MAIN :                         17A C |  MEM_CHANGE :                   2F9 C |
 MEM_DUMP :                     250 C | *MOMCPU :                        80 - |
*MOMCPUNAME :                   Z80 - | *NESTMAX :                      100 - |
 NOTFUL :                        53 C |  NOTWRP :                        60 C |
 NRWRAP :                        8F C |  NULL :                           0 - |
 OPENMSG :                      39A C | *PACKING :                        0 - |
*PADDING :                        1 - |  PARAM_ERRMSG :                 431 C |
 PARSER :                       1D7 C | *RELAXED :                        0 - |
*RST00 :                          0 C | *RST08 :                          8 C |
*RST10 :                         10 C | *RST18 :                         18 C |
*RST38 :                         38 C |  RTS0 :                          75 C |
 RTS1 :                          A3 C |  RTSHIG :                        17 - |
 RTSLOW :                        37 - |  SERBUF :                      4000 C |
 SERCNT :                      4043 C |  SERINP :                      403F C |
 SERINT :                        3B C |  SERRDP :                      4041 C |
 SPC :                           20 - |  SPC_PRINT :                    136 C |
 STACK :                       4081 - |  STRIN :                         C3 C |
 STRPR :                        120 C |  STR_LEN :                      2EC C |
 TAB :                            9 - |
*TIME :                          17\-26\-10\-1214\-27\-12\-1207\-25\-89\-11 - |
*TRUE :                           1 - |  UARTRC :                         1 - |
 UARTRD :                         0 - |  VERMSG :                       37F C |
 VERNAME :                                        KUNI-NET Z80 MONITOR v0.1 - |
*VERSION :                     142F - |  VERSION_OUT :                  1BC C |
 _ABORT_DUMP :                  2A6 C |  _ASC16_DOT :                   2C2 C |
 _ASC16_LOOP :                  2B7 C |  _ASC16_PRINT :                 2C4 C |
 AS V1.42 Beta [Bld 137] - source file Z80mon.asm - page 16 - 2019/04/22 17時14分07秒


 _ATOBIN :                      22F C |  _ATOBIN1 :                     23F C |
 _BS_RTN :                      104 C |  _BS_RTN2 :                     10F C |
 _CHAR_SET :                     F6 C |  _CMD_LOOP :                    18B C |
 _DUMP16_LOOP :                 2DC C |  _DUMP_END_CHECK :              299 C |
 _DUMP_GO :                     282 C |  _DUMP_LOOP :                   27A C |
 _ERROR_EXIT :                  1A6 C |  _ESC_RTN :                     102 C |
 _HATENA_OUT :                  35F C |  _HEX_CNV_PR :                  14F C |
 _MAIN_LOOP :                   180 C | *_MAIN_LOOP_END :               1B2 C |
 _MEM_CHANGE_EXIT :             369 C |  _MEM_CHANGE_LOOP :             317 C |
 _NEXT_ADDR :                   359 C |  _NEXT_CMD :                    19E C |
 _PARAM_ERR :                   2A0 C |  _PARAM_LOOP :                  209 C |
 _PARSE_ERR :                   217 C |  _PARSE_LOOP :                  1ED C |
 _PRINT_END :                   1BF C |  _STRIN_END :                   11C C |
 _STRIN_LOOP :                   D6 C |  _STR_LEN_EXIT :                2F7 C |
 _STR_LEN_LOOP :                2EE C |  _WARN_BEEP :                    FD C |

    141 symbols
     40 unused symbols

 AS V1.42 Beta [Bld 137] - source file Z80mon.asm - page 17 - 2019/04/22 17時14分07秒


  codepages:
  ----------

STANDARD (0 changed characters)


0.01 seconds assembly time

    751 lines source file
      2 passes
      0 errors
      0 warnings
