 AS V1.42 Beta [Bld 137] - source file Z80mon.asm - page 1 - 2019/04/22 19時20分48秒


       1/       0 :                     ;-----------------------------------------------------------------------
       2/       0 :                     ; Z80 Monitor KUNI-NET
       3/       0 :                     ;-----------------------------------------------------------------------
       4/       0 :                     ; 以下のルーチンはSBC8080データパックのASMソースを参考にさせていただきました。
       5/       0 :                     ;  SERINT 	8251シリアル割り込みルーチン
       6/       0 :                     ;  CIN		シリアル1文字入力ルーチン
       7/       0 :                     ;  COUT		シリアル1文字出力ルーチン
       8/       0 :                     ;  CKINCHAR	シリアルバッファチェックルーチン
       9/       0 :                     
      10/       0 : =DH                 CR		EQU	0DH
      11/       0 : =AH                 LF		EQU	0AH
      12/       0 : =1BH                ESC		EQU	1BH
      13/       0 : =3H                 CTRLC	EQU	03H
      14/       0 : =CH                 CLS		EQU	0CH
      15/       0 : =20H                SPC		EQU	20h
      16/       0 : =0H                 NULL	EQU 00h
      17/       0 : =7H                 BEEP	EQU 07h
      18/       0 : =8H                 BS		EQU 08h
      19/       0 : =9H                 TAB		EQU 09h
      20/       0 : =7FH                DEL		EQU 7Fh
      21/       0 :                     ;
      22/       0 : =0H                 UARTRD	EQU	00H
      23/       0 : =1H                 UARTRC	EQU	01H
      24/       0 :                     ;
      25/       0 : =3FH                BUFSIZ	EQU	3FH
      26/       0 : =30H                BUFFUL	EQU	30H
      27/       0 : =5H                 BUFEMP	EQU	5
      28/       0 :                     ;
      29/       0 : =17H                RTSHIG	EQU	00010111B
      30/       0 : =37H                RTSLOW	EQU	00110111B
      31/       0 :                     
      32/       0 :                     
      33/       0 :                     ;------------------------------------------------------------------------------
      34/       0 :                     ; RAM バッファ & STACK
      35/       0 :                     ;------------------------------------------------------------------------------
      36/    4000 :                     		ORG	4000h
      37/    4000 :                     ;
      38/    4000 :                     SERBUF	DS	BUFSIZ
      39/    403F :                     SERINP	DS	2
      40/    4041 :                     SERRDP	DS	2
      41/    4043 :                     SERCNT	DS	1
      42/    4044 :                     BASFLG	DS	1
      43/    4045 :                     ;
      44/    4045 :                     INBUF   DS  20
      45/    4059 : =14H                INMAX   EQU  $-INBUF
      46/    4059 :                     INEND   DS  1
      47/    405A :                     ;
      48/    405A :                     ARGC	DS	1
      49/    405B :                     ARGV_1	DS	2
      50/    405D :                     ARGV_2	DS	2
      51/    405F :                     ARGV_3	DS	2
      52/    4061 : =3H                 ARG_MAX	EQU ($-ARGV_1)/2
      53/    4061 : =7H                 ARG_AREA_LEN EQU $-ARGC
      54/    4061 :                     ;
      55/    4061 :                         	DS	32
      56/    4081 : =4081H              STACK   	EQU    $
      57/    4081 :                     
      58/    4081 :                     
      59/    4081 :                     
      60/       0 :                     		ORG	0000h
 AS V1.42 Beta [Bld 137] - source file Z80mon.asm - page 2 - 2019/04/22 19時20分48秒


      61/       0 :                     ;------------------------------------------------------------------------------
      62/       0 :                     ; RST00 リセット
      63/       0 :                     ;------------------------------------------------------------------------------
      64/       0 : F3                  RST00		DI		
      65/       1 : C3 57 01            		JP	INIT	
      66/       4 :                     
      67/       4 :                     ;------------------------------------------------------------------------------
      68/       4 :                     ; RST08 1文字送信
      69/       4 :                     ;------------------------------------------------------------------------------
      70/       8 :                     	ORG	0008H
      71/       8 : C3 A7 00            RST08		JP	COUT
      72/       B :                     
      73/       B :                     ;------------------------------------------------------------------------------
      74/       B :                     ; RST10 1文字受信
      75/       B :                     ;------------------------------------------------------------------------------
      76/      10 :                     	ORG	0010H
      77/      10 : C3 79 00            RST10		JP	CIN
      78/      13 :                     
      79/      13 :                     ;------------------------------------------------------------------------------
      80/      13 :                     ; RST18 入力バッファチェック
      81/      13 :                     ;------------------------------------------------------------------------------
      82/      18 :                     	ORG	0018H
      83/      18 : C3 B3 00            RST18		JP	CKINCHAR
      84/      1B :                     
      85/      1B :                     ;------------------------------------------------------------------------------
      86/      1B :                     ; RST38 8251A割り込みルーチン
      87/      1B :                     ;------------------------------------------------------------------------------
      88/      38 :                     	ORG	0038H
      89/      38 : C3 3B 00            RST38:	JP	SERINT 
      90/      3B :                     
      91/      3B :                     ;------------------------------------------------------------------------------
      92/      3B :                     ; 8251割り込みルーチン
      93/      3B :                     ;------------------------------------------------------------------------------
      94/      3B : F5                  SERINT:	PUSH	AF
      95/      3C : E5                  	PUSH	HL
      96/      3D : DB 01               	IN	A,(UARTRC)
      97/      3F : E6 02               	AND	00000010B
      98/      41 : CA 75 00            	JP	Z,RTS0
      99/      44 : DB 00               	IN	A,(UARTRD)
     100/      46 : F5                  	PUSH	AF
     101/      47 : 3A 43 40            	LD	A,(SERCNT)
     102/      4A : FE 3F               	CP	BUFSIZ
     103/      4C : C2 53 00            	JP	NZ,NOTFUL
     104/      4F : F1                  	POP	AF
     105/      50 : C3 75 00            	JP	RTS0
     106/      53 : 2A 3F 40            NOTFUL:	LD	HL,(SERINP)
     107/      56 : 23                  	INC	HL
     108/      57 : 7D                  	LD	A,L
     109/      58 : FE 3F               	CP	SERINP & 0FFH
     110/      5A : C2 60 00            	JP	NZ,NOTWRP
     111/      5D : 21 00 40            	LD	HL,SERBUF
     112/      60 : 22 3F 40            NOTWRP:	LD	(SERINP),HL
     113/      63 : F1                  	POP	AF
     114/      64 : 77                  	LD	(HL),A
     115/      65 : 3A 43 40            	LD	A,(SERCNT)
     116/      68 : 3C                  	INC	A
     117/      69 : 32 43 40            	LD	(SERCNT),A
     118/      6C : FE 30               	CP	BUFFUL
     119/      6E : DA 75 00            	JP	C,RTS0
     120/      71 : 3E 17               	LD	A,RTSHIG
 AS V1.42 Beta [Bld 137] - source file Z80mon.asm - page 3 - 2019/04/22 19時20分48秒


     121/      73 : D3 01               	OUT	(UARTRC),A
     122/      75 : E1                  RTS0:	POP	HL
     123/      76 : F1                  	POP	AF
     124/      77 : FB                  	EI
     125/      78 : C9                  	RET
     126/      79 :                     
     127/      79 :                     ;------------------------------------------------------------------------------
     128/      79 :                     ; 1文字入力(バッファから)
     129/      79 :                     ;------------------------------------------------------------------------------
     130/      79 :                     CIN:
     131/      79 : 3A 43 40            	LD	A,(SERCNT)
     132/      7C : FE 00               	CP	00H
     133/      7E : CA 79 00            	JP	Z,CIN
     134/      81 : E5                  	PUSH	HL
     135/      82 : 2A 41 40            	LD	HL,(SERRDP)
     136/      85 : 23                  	INC	HL
     137/      86 : 7D                  	LD	A,L
     138/      87 : FE 3F               	CP	SERINP & 0FFH
     139/      89 : C2 8F 00            	JP	NZ,NRWRAP
     140/      8C : 21 00 40            	LD	HL,SERBUF
     141/      8F : F3                  NRWRAP:	DI
     142/      90 : 22 41 40            	LD	(SERRDP),HL
     143/      93 : 3A 43 40            	LD	A,(SERCNT)
     144/      96 : 3D                  	DEC	A
     145/      97 : 32 43 40            	LD	(SERCNT),A
     146/      9A : FE 05               	CP	BUFEMP
     147/      9C : D2 A3 00            	JP	NC,RTS1
     148/      9F : 3E 37               	LD	A,RTSLOW
     149/      A1 : D3 01               	OUT	(UARTRC),A
     150/      A3 : 7E                  RTS1:	LD	A,(HL)
     151/      A4 : FB                  	EI
     152/      A5 : E1                  	POP	HL
     153/      A6 : C9                  	RET	
     154/      A7 :                     
     155/      A7 :                     ;------------------------------------------------------------------------------
     156/      A7 :                     ; 1文字出力
     157/      A7 :                     ;------------------------------------------------------------------------------
     158/      A7 : F5                  COUT:		PUSH	AF
     159/      A8 : DB 01               COUT1:	IN	A,(UARTRC)
     160/      AA : E6 01               	AND	01H     
     161/      AC : CA A8 00            	JP	Z,COUT1
     162/      AF : F1                  	POP	AF
     163/      B0 : D3 00               	OUT	(UARTRD),A
     164/      B2 : C9                  	RET
     165/      B3 :                     
     166/      B3 :                     ;------------------------------------------------------------------------------
     167/      B3 :                     ; 入力バッファチェック
     168/      B3 :                     ;------------------------------------------------------------------------------
     169/      B3 : 3A 43 40            CKINCHAR	LD	A,(SERCNT)
     170/      B6 : FE 00               	CP	00H
     171/      B8 : C9                  	RET
     172/      B9 :                     
     173/      B9 :                     ;==============================================================================
     174/      B9 :                     ;------------------------------------------------------------------------------
     175/      B9 :                     ; 1文字入力 英字大文字対応
     176/      B9 :                     ;------------------------------------------------------------------------------
     177/      B9 :                     GETC:
     178/      B9 : D7                      RST 10h
     179/      BA : FE 61                   CP 'a'
     180/      BC : F8                      RET M
 AS V1.42 Beta [Bld 137] - source file Z80mon.asm - page 4 - 2019/04/22 19時20分48秒


     181/      BD : FE 7B                   CP 'z'+1
     182/      BF : F0                      RET P
     183/      C0 : D6 20                   SUB A,20H
     184/      C2 : C9                      RET
     185/      C3 :                     
     186/      C3 :                     ;------------------------------------------------------------------------------
     187/      C3 :                     ; 文字列入力 エコーバックつき
     188/      C3 :                     ;------------------------------------------------------------------------------
     189/      C3 :                     STRIN:
     190/      C3 :                     ; INBUF クリア
     191/      C3 : 3E 00                   LD A,00H
     192/      C5 : 32 45 40                LD (INBUF),A
     193/      C8 : 21 45 40                LD HL,INBUF
     194/      CB : 11 46 40                LD DE,INBUF+1
     195/      CE : 01 14 00                LD BC,INMAX
     196/      D1 : ED B0                   LDIR
     197/      D3 :                     ;
     198/      D3 : 21 45 40                LD HL,INBUF
     199/      D6 :                     ;
     200/      D6 :                     _STRIN_LOOP:
     201/      D6 : CD B9 00                CALL GETC
     202/      D9 : FE 0D                   CP 0Dh
     203/      DB : 28 3F                   JR Z,_STRIN_END
     204/      DD : FE 08                   CP BS
     205/      DF : 28 23                   JR Z,_BS_RTN
     206/      E1 : FE 7F               	CP DEL
     207/      E3 : 28 1F                   JR Z,_BS_RTN
     208/      E5 : FE 1B               	CP ESC
     209/      E7 : 28 19               	JR Z,_ESC_RTN
     210/      E9 :                     ;
     211/      E9 :                     ; バッファENDにきた?
     212/      E9 : 47                  	LD B,A
     213/      EA : 11 59 40            	LD DE,INEND
     214/      ED : 7A                  	LD A,D
     215/      EE : BC                  	CP H
     216/      EF : 20 05               	JR NZ,_CHAR_SET
     217/      F1 : 7B                  	LD A,E
     218/      F2 : BD                  	CP L
     219/      F3 : 28 08               	JR Z,_WARN_BEEP
     220/      F5 : 78                  	LD A,B
     221/      F6 :                     _CHAR_SET:
     222/      F6 : 77                      LD (HL),A
     223/      F7 : 23                      INC HL
     224/      F8 : CD 29 01                call CPRINT
     225/      FB : 18 D9                   JR _STRIN_LOOP
     226/      FD :                     ;
     227/      FD :                     _WARN_BEEP:
     228/      FD : 3E 07               	LD A,BEEP
     229/      FF : CF                  	RST 08h
     230/     100 : 18 D4                   JR _STRIN_LOOP
     231/     102 :                     ;
     232/     102 :                     _ESC_RTN:
     233/     102 : 3F                  	CCF
     234/     103 : C9                  	RET
     235/     104 :                     ;
     236/     104 :                     _BS_RTN:
     237/     104 : 11 45 40            	LD DE,INBUF
     238/     107 : 7A                  	LD A,D
     239/     108 : BC                  	CP H
     240/     109 : 20 04               	JR NZ,_BS_RTN2
 AS V1.42 Beta [Bld 137] - source file Z80mon.asm - page 5 - 2019/04/22 19時20分48秒


     241/     10B : 7B                  	LD A,E
     242/     10C : BD                  	CP L
     243/     10D : 28 EE               	JR Z,_WARN_BEEP
     244/     10F :                     ;
     245/     10F :                     _BS_RTN2:
     246/     10F : E5                      PUSH HL
     247/     110 : 21 D6 03                LD HL,BSTXT
     248/     113 : CD 20 01                CALL STRPR
     249/     116 : E1                      POP HL
     250/     117 : 2B                      DEC HL
     251/     118 : 36 00                   LD (HL),00h
     252/     11A : 18 BA                   JR _STRIN_LOOP
     253/     11C :                     ;
     254/     11C :                     _STRIN_END:
     255/     11C : CD 2F 01                CALL CRLF_PRINT
     256/     11F : C9                      RET
     257/     120 :                     
     258/     120 :                     ;------------------------------------------------------------------------------
     259/     120 :                     ; 文字列出力
     260/     120 :                     ;------------------------------------------------------------------------------
     261/     120 :                     STRPR:
     262/     120 : 7E                      LD A,(HL)
     263/     121 : B7                      OR A
     264/     122 : C8                      RET Z
     265/     123 : CD 29 01                CALL CPRINT
     266/     126 : 23                      INC HL
     267/     127 : 18 F7                   JR STRPR
     268/     129 :                     
     269/     129 :                     ;------------------------------------------------------------------------------
     270/     129 :                     ; 文字出力 (CRLF対応)
     271/     129 :                     ; IN: A - キャラクタ
     272/     129 :                     ; RET: なし
     273/     129 :                     ;------------------------------------------------------------------------------
     274/     129 :                     CPRINT:
     275/     129 : FE 0D                   CP 0Dh
     276/     12B : 28 02                   JR Z,CRLF_PRINT
     277/     12D : CF                      RST 08h
     278/     12E : C9                      RET
     279/     12F :                     
     280/     12F :                     ;------------------------------------------------------------------------------
     281/     12F :                     ; CRLF出力 (CRLF対応)
     282/     12F :                     ;------------------------------------------------------------------------------
     283/     12F :                     CRLF_PRINT:
     284/     12F : 3E 0D                   LD A,0DH
     285/     131 : CF                      RST 08H
     286/     132 : 3E 0A                   LD A,0AH
     287/     134 : CF                      RST 08h
     288/     135 : C9                      RET
     289/     136 :                     
     290/     136 :                     ;------------------------------------------------------------------------------
     291/     136 :                     ; ブランク出力 
     292/     136 :                     ;------------------------------------------------------------------------------
     293/     136 :                     SPC_PRINT:
     294/     136 : 3E 20                   LD A,SPC
     295/     138 : CF                      RST 08H
     296/     139 : C9                      RET
     297/     13A :                     
     298/     13A :                     ;------------------------------------------------------------------------------
     299/     13A :                     ; Hex2桁出力
     300/     13A :                     ;------------------------------------------------------------------------------
 AS V1.42 Beta [Bld 137] - source file Z80mon.asm - page 6 - 2019/04/22 19時20分48秒


     301/     13A :                     HEX2OUT:
     302/     13A : C5                  	PUSH BC
     303/     13B : 47                  	LD B,A
     304/     13C : CB 3F               	SRL A
     305/     13E : CB 3F               	SRL A
     306/     140 : CB 3F               	SRL A
     307/     142 : CB 3F               	SRL A
     308/     144 : CD 4F 01            	CALL _HEX_CNV_PR
     309/     147 : 78                  	LD A,B
     310/     148 : E6 0F               	AND 0Fh
     311/     14A : CD 4F 01            	CALL _HEX_CNV_PR
     312/     14D : C1                  	POP BC
     313/     14E : C9                  	RET
     314/     14F :                     ;
     315/     14F :                     _HEX_CNV_PR:	
     316/     14F : C6 90               	ADD A,90h
     317/     151 : 27                  	DAA
     318/     152 : CE 40               	ADC	A,40h
     319/     154 : 27                  	DAA
     320/     155 : CF                  	RST 08h
     321/     156 : C9                  	RET
     322/     157 :                     
     323/     157 :                     
     324/     157 :                     ;==============================================================================
     325/     157 :                     ;------------------------------------------------------------------------------
     326/     157 :                     ; 初期化
     327/     157 :                     ;------------------------------------------------------------------------------
     328/     157 :                     INIT:		
     329/     157 : 31 81 40                LD  SP,STACK
     330/     15A : 21 00 40            	LD	HL,SERBUF
     331/     15D : 22 3F 40            	LD	(SERINP),HL
     332/     160 : 22 41 40            	LD	(SERRDP),HL
     333/     163 : AF                  	XOR	A
     334/     164 : 32 43 40            	LD	(SERCNT),A
     335/     167 : D3 01               	OUT	(UARTRC),A
     336/     169 : D3 01               	OUT	(UARTRC),A
     337/     16B : D3 01               	OUT	(UARTRC),A
     338/     16D : 3E 40               	LD	A,01000000B
     339/     16F : D3 01               	OUT	(UARTRC),A
     340/     171 : 3E 4E               	LD	A,01001110B
     341/     173 : D3 01               	OUT	(UARTRC),A
     342/     175 : 3E 37               	LD	A,RTSLOW
     343/     177 : D3 01               	OUT	(UARTRC),A
     344/     179 : FB                  	EI
     345/     17A :                     ;
     346/     17A :                     ;--------------------------------------------------------------------------------
     347/     17A :                     ; メイン
     348/     17A :                     ;--------------------------------------------------------------------------------
     349/     17A :                     MAIN:
     350/     17A : 21 B3 03                LD HL,OPENMSG
     351/     17D : CD 20 01                CALL STRPR
     352/     180 :                     _MAIN_LOOP:
     353/     180 : 21 80 01            	LD HL,_MAIN_LOOP
     354/     183 : E5                  	PUSH HL
     355/     184 :                     ;
     356/     184 : 3E 3E                   LD A,'>'
     357/     186 : CF                      RST 08h
     358/     187 : DD 21 85 03             LD IX,CMD_TBL
     359/     18B : CD B9 00            	CALL GETC
     360/     18E : CF                      RST 08H
 AS V1.42 Beta [Bld 137] - source file Z80mon.asm - page 7 - 2019/04/22 19時20分48秒


     361/     18F :                     ;
     362/     18F :                     _CMD_LOOP:
     363/     18F : F5                  	PUSH AF
     364/     190 : DD 7E 00                LD A,(IX+0)
     365/     193 : B7                  	OR A
     366/     194 : 28 14               	JR Z,_ERROR_EXIT
     367/     196 : 47                  	LD B,A
     368/     197 : F1                  	POP AF
     369/     198 : B8                      CP B
     370/     199 : 20 07               	JR NZ,_NEXT_CMD
     371/     19B : DD 6E 01                LD L,(IX+1)
     372/     19E : DD 66 02            	LD H,(IX+2)
     373/     1A1 : E9                  	JP (HL)
     374/     1A2 :                     ;
     375/     1A2 :                     _NEXT_CMD:
     376/     1A2 : DD 23               	INC IX
     377/     1A4 : DD 23               	INC IX
     378/     1A6 : DD 23               	INC IX
     379/     1A8 : 18 E5               	JR _CMD_LOOP
     380/     1AA :                     ;;
     381/     1AA :                     _ERROR_EXIT
     382/     1AA : CD 2F 01            	CALL CRLF_PRINT
     383/     1AD : 21 8F 04            	LD HL,HATENA_MSG
     384/     1B0 : CD 20 01            	CALL STRPR
     385/     1B3 : CD 2F 01            	CALL CRLF_PRINT
     386/     1B6 : C9                  	RET
     387/     1B7 :                     
     388/     1B7 :                     ;================================================================================
     389/     1B7 :                     ; ヘルプ出力
     390/     1B7 :                     ;================================================================================
     391/     1B7 :                     HELP_OUT:
     392/     1B7 : 21 DA 03                LD HL,HELP_MSG
     393/     1BA : 18 05               	JR _PRINT_END
     394/     1BC :                     ;
     395/     1BC :                     ;================================================================================
     396/     1BC :                     ; バージョン出力
     397/     1BC :                     ;================================================================================
     398/     1BC :                     VERSION_OUT:
     399/     1BC : 21 98 03                LD HL,VERMSG
     400/     1BF : 18 00               	JR _PRINT_END
     401/     1C1 :                     ;
     402/     1C1 :                     ;--------------------------------------------------------------------------------
     403/     1C1 :                     ; メッセージ出力してメインへリターン
     404/     1C1 :                     ;--------------------------------------------------------------------------------
     405/     1C1 :                     _PRINT_END:
     406/     1C1 : CD 2F 01            	CALL CRLF_PRINT
     407/     1C4 : CD 20 01                CALL STRPR
     408/     1C7 : CD 2F 01            	CALL CRLF_PRINT
     409/     1CA : C9                      RET
     410/     1CB :                     
     411/     1CB :                     ;--------------------------------------------------------------------------------
     412/     1CB :                     ; HEX4桁出力
     413/     1CB :                     ;--------------------------------------------------------------------------------
     414/     1CB :                     HEX4OUT:
     415/     1CB : F5                  	PUSH AF
     416/     1CC : 7C                  	LD A,H
     417/     1CD : CD 3A 01            	CALL HEX2OUT
     418/     1D0 : 7D                  	LD A,L
     419/     1D1 : CD 3A 01            	CALL HEX2OUT
     420/     1D4 : F1                  	POP AF
 AS V1.42 Beta [Bld 137] - source file Z80mon.asm - page 8 - 2019/04/22 19時20分48秒


     421/     1D5 : C9                  	RET
     422/     1D6 :                     
     423/     1D6 :                     ;--------------------------------------------------------------------------------
     424/     1D6 :                     ; 入力行パース
     425/     1D6 :                     ;--------------------------------------------------------------------------------
     426/     1D6 :                     PARSER:
     427/     1D6 :                     ; 編集エリア初期化
     428/     1D6 : 21 5A 40            	LD HL,ARGC
     429/     1D9 : 3E 00               	LD A,0
     430/     1DB : 77                  	LD (HL),A
     431/     1DC : 11 5B 40            	LD DE,ARGC+1
     432/     1DF : 01 06 00            	LD BC,ARG_AREA_LEN-1
     433/     1E2 : ED B0               	LDIR
     434/     1E4 :                     ; 入力パラメーター パース開始
     435/     1E4 : 4F                  	LD C,A
     436/     1E5 : 21 44 40            	LD HL,INBUF-1
     437/     1E8 : DD 21 5B 40         	LD IX,ARGV_1
     438/     1EC :                     ;
     439/     1EC :                     _PARSE_LOOP:
     440/     1EC : 23                  	INC HL
     441/     1ED : 7E                  	LD A,(HL)
     442/     1EE : FE 00               	CP NULL
     443/     1F0 : C8                  	RET Z
     444/     1F1 : FE 20               	CP SPC
     445/     1F3 : 28 F7               	JR Z,_PARSE_LOOP
     446/     1F5 : 0C                      INC C
     447/     1F6 : 79                  	LD A,C
     448/     1F7 : FE 04               	CP ARG_MAX+1
     449/     1F9 : 30 1B               	JR NC,_PARSE_ERR
     450/     1FB : 32 5A 40            	LD (ARGC),A
     451/     1FE : DD 75 00            	LD (IX+0),L
     452/     201 : DD 74 01            	LD (IX+1),H
     453/     204 : DD 23               	INC IX
     454/     206 : DD 23               	INC IX
     455/     208 :                     _PARAM_LOOP:
     456/     208 : 23                  	INC HL
     457/     209 : 7E                  	LD A,(HL)
     458/     20A : FE 00               	CP NULL
     459/     20C : C8                  	RET Z
     460/     20D : FE 20               	CP SPC
     461/     20F : 20 F7               	JR NZ,_PARAM_LOOP
     462/     211 : 3E 00               	LD A,NULL
     463/     213 : 77                  	LD (HL),A
     464/     214 : 18 D6               	JR _PARSE_LOOP
     465/     216 :                     ;
     466/     216 :                     _PARSE_ERR:
     467/     216 : 3F                  	CCF
     468/     217 : C9                  	RET
     469/     218 :                     
     470/     218 :                     ;--------------------------------------------------------------------------------
     471/     218 :                     ; HEX 2桁キャラクタ → Aレジスタ
     472/     218 :                     ;--------------------------------------------------------------------------------
     473/     218 :                     HEX2BIN:
     474/     218 : 7E                  	LD A,(HL)
     475/     219 : CD 2E 02            	CALL _ATOBIN
     476/     21C : D8                  	RET C
     477/     21D : CB 27               	SLA A
     478/     21F : CB 27               	SLA A
     479/     221 : CB 27               	SLA A
     480/     223 : CB 27               	SLA A
 AS V1.42 Beta [Bld 137] - source file Z80mon.asm - page 9 - 2019/04/22 19時20分48秒


     481/     225 : 47                  	LD B,A
     482/     226 : 23                  	INC HL
     483/     227 : 7E                  	LD A,(HL)
     484/     228 : CD 2E 02            	CALL _ATOBIN
     485/     22B : D8                  	RET C
     486/     22C : 80                  	ADD A,B
     487/     22D : C9                  	RET
     488/     22E :                     ;
     489/     22E :                     _ATOBIN:
     490/     22E : FE 30               	CP '0'
     491/     230 : D8                  	RET C
     492/     231 : FE 3A               	CP '9'+1
     493/     233 : 38 09               	JR C,_ATOBIN1
     494/     235 : FE 41               	CP 'A'
     495/     237 : D8                  	RET C
     496/     238 : FE 47               	CP 'F'+1
     497/     23A : 3F                  	CCF
     498/     23B : D8                  	RET C
     499/     23C : C6 09               	ADD A,09H
     500/     23E :                     _ATOBIN1:
     501/     23E : E6 0F               	AND 0Fh
     502/     240 : C9                  	RET
     503/     241 :                     ;
     504/     241 :                     
     505/     241 :                     ;--------------------------------------------------------------------------------
     506/     241 :                     ; 4バイト16進数文字列→バイナリ(HL)へ
     507/     241 :                     ;--------------------------------------------------------------------------------
     508/     241 :                     HEX4BIN:
     509/     241 : CD 18 02            	CALL HEX2BIN
     510/     244 : D8                  	RET C
     511/     245 : 57                  	LD D,A
     512/     246 : 23                  	INC HL
     513/     247 : CD 18 02            	CALL HEX2BIN
     514/     24A : D8                  	RET C
     515/     24B : 5F                  	LD E,A
     516/     24C : D5                  	PUSH DE
     517/     24D : E1                  	POP HL
     518/     24E : C9                  	RET
     519/     24F :                     ;
     520/     24F :                     ;================================================================================
     521/     24F :                     ; メモリーダンプ
     522/     24F :                     ;================================================================================
     523/     24F :                     MEM_DUMP:
     524/     24F : CD 36 01                CALL SPC_PRINT
     525/     252 :                     ;
     526/     252 : CD C3 00                CALL STRIN
     527/     255 : CD D6 01            	CALL PARSER
     528/     258 : 38 41               	JR C,_PARAM_ERR
     529/     25A :                     ; 入力パラメータ数チェック
     530/     25A : 3A 5A 40            	LD A,(ARGC)
     531/     25D : FE 02               	CP 2
     532/     25F : 20 3A               	JR NZ,_PARAM_ERR
     533/     261 :                     ; 開始アドレス取得
     534/     261 : 2A 5B 40            	LD HL,(ARGV_1)
     535/     264 : CD 41 02            	CALL HEX4BIN
     536/     267 : 38 32               	JR C,_PARAM_ERR
     537/     269 : E5                  	PUSH HL
     538/     26A : DD E1               	POP IX
     539/     26C :                     ; 終了アドレス取得
     540/     26C : 2A 5D 40            	LD HL,(ARGV_2)
 AS V1.42 Beta [Bld 137] - source file Z80mon.asm - page 10 - 2019/04/22 19時20分48秒


     541/     26F : CD 41 02            	CALL HEX4BIN
     542/     272 : 38 27               	JR C,_PARAM_ERR
     543/     274 : E5                  	PUSH HL
     544/     275 : D1                  	POP DE
     545/     276 : DD E5               	PUSH IX
     546/     278 : E1                  	POP HL
     547/     279 :                     ; ダンプ実施
     548/     279 :                     _DUMP_LOOP:
     549/     279 : DF                  	RST 18h
     550/     27A : 28 05               	JR Z,_DUMP_GO
     551/     27C : D7                  	RST 10h
     552/     27D : FE 1B               	CP ESC
     553/     27F : 28 20               	JR Z,_ABORT_DUMP
     554/     281 :                     _DUMP_GO:
     555/     281 : E5                  	PUSH HL
     556/     282 : CD D2 02            	CALL DUMP16
     557/     285 : E1                  	POP HL
     558/     286 : CD A7 02            	CALL ASC16
     559/     289 : CD 2F 01            	CALL CRLF_PRINT
     560/     28C :                     ; 終了判定
     561/     28C : 7A                  	LD A,D
     562/     28D : BC                  	CP H
     563/     28E : F8                  	RET M   ; メインループへ
     564/     28F : 7B                  	LD A,E
     565/     290 : BD                  	CP L
     566/     291 : FA 96 02            	JP M,_DUMP_END_CHECK
     567/     294 : 18 E3               	JR _DUMP_LOOP
     568/     296 :                     ;
     569/     296 :                     _DUMP_END_CHECK:
     570/     296 : 7A                  	LD A,D
     571/     297 : BC                  	CP H
     572/     298 : 20 DF               	JR NZ,_DUMP_LOOP
     573/     29A : C9                  	RET
     574/     29B :                     ;
     575/     29B :                     _PARAM_ERR:
     576/     29B : 21 62 04            	LD HL,PARAM_ERRMSG
     577/     29E : C3 C1 01            	JP _PRINT_END
     578/     2A1 :                     ;
     579/     2A1 :                     _ABORT_DUMP:
     580/     2A1 : 21 75 04            	LD HL,ABORT_MSG
     581/     2A4 : C3 C1 01            	JP _PRINT_END
     582/     2A7 :                     ;--------------------------------------------------------------------------------
     583/     2A7 :                     ; 16バイト分 ASCII出力
     584/     2A7 :                     ;--------------------------------------------------------------------------------
     585/     2A7 :                     ASC16:
     586/     2A7 : CD 36 01            	CALL SPC_PRINT
     587/     2AA : 3E 3A               	LD A,':'
     588/     2AC : CF                  	RST 08h
     589/     2AD : CD 36 01            	CALL SPC_PRINT
     590/     2B0 : 0E 10               	LD C,10h
     591/     2B2 :                     ;
     592/     2B2 :                     _ASC16_LOOP:
     593/     2B2 : 7E                  	LD A,(HL)
     594/     2B3 : FE 20               	CP ' '
     595/     2B5 : FA BD 02            	JP M,_ASC16_DOT
     596/     2B8 : FE 7F               	CP 7Fh
     597/     2BA : FA BF 02            	JP M,_ASC16_PRINT
     598/     2BD :                     _ASC16_DOT:
     599/     2BD : 3E 2E               	LD A,'.'
     600/     2BF :                     _ASC16_PRINT:
 AS V1.42 Beta [Bld 137] - source file Z80mon.asm - page 11 - 2019/04/22 19時20分48秒


     601/     2BF : CF                  	RST 08h	
     602/     2C0 : 23                  	INC HL
     603/     2C1 : 0D                  	DEC C
     604/     2C2 : C8                  	RET Z
     605/     2C3 : 18 ED               	JR _ASC16_LOOP
     606/     2C5 :                     
     607/     2C5 :                     ;--------------------------------------------------------------------------------
     608/     2C5 :                     ; アドレス部分出力
     609/     2C5 :                     ;--------------------------------------------------------------------------------
     610/     2C5 :                     ADDR_OUT:
     611/     2C5 : CD CB 01            	CALL HEX4OUT
     612/     2C8 : CD 36 01            	CALL SPC_PRINT
     613/     2CB : 3E 3A               	LD A,':'
     614/     2CD : CF                  	RST 08h
     615/     2CE : CD 36 01            	CALL SPC_PRINT
     616/     2D1 : C9                  	RET
     617/     2D2 :                     
     618/     2D2 :                     ;--------------------------------------------------------------------------------
     619/     2D2 :                     ; 16バイト分 HEXダンプ出力
     620/     2D2 :                     ;--------------------------------------------------------------------------------
     621/     2D2 :                     DUMP16:
     622/     2D2 : CD C5 02            	CALL ADDR_OUT
     623/     2D5 : 0E 10               	LD C,10h
     624/     2D7 :                     _DUMP16_LOOP:
     625/     2D7 : CD E2 02            	CALL DUMP_AT
     626/     2DA : CD 36 01            	CALL SPC_PRINT
     627/     2DD : 23                  	INC HL
     628/     2DE : 0D                  	DEC C
     629/     2DF : C8                  	RET Z
     630/     2E0 : 18 F5               	JR _DUMP16_LOOP
     631/     2E2 :                     
     632/     2E2 :                     ;--------------------------------------------------------------------------------
     633/     2E2 :                     ; 1バイト分 HEXダンプ出力
     634/     2E2 :                     ;--------------------------------------------------------------------------------
     635/     2E2 :                     DUMP_AT:
     636/     2E2 : 7E                  	LD A,(HL)
     637/     2E3 : CD 3A 01            	CALL HEX2OUT
     638/     2E6 : C9                  	RET
     639/     2E7 :                     
     640/     2E7 :                     ;--------------------------------------------------------------------------------
     641/     2E7 :                     ; strlen
     642/     2E7 :                     ;--------------------------------------------------------------------------------
     643/     2E7 :                     STR_LEN:
     644/     2E7 : 0E 00               	LD C,0
     645/     2E9 :                     _STR_LEN_LOOP:
     646/     2E9 : 7E                  	LD A,(HL)
     647/     2EA : FE 00               	CP NULL
     648/     2EC : 28 04               	JR Z,_STR_LEN_EXIT
     649/     2EE : 23                  	INC HL
     650/     2EF : 0C                  	INC C
     651/     2F0 : 18 F7               	JR _STR_LEN_LOOP
     652/     2F2 :                     ;
     653/     2F2 :                     _STR_LEN_EXIT:
     654/     2F2 : 79                  	LD A,C
     655/     2F3 : C9                  	RET
     656/     2F4 :                     ;
     657/     2F4 :                     ;================================================================================
     658/     2F4 :                     ; メモリー変更コマンド
     659/     2F4 :                     ;================================================================================
     660/     2F4 :                     MEM_CHANGE:
 AS V1.42 Beta [Bld 137] - source file Z80mon.asm - page 12 - 2019/04/22 19時20分48秒


     661/     2F4 : CD 36 01                CALL SPC_PRINT
     662/     2F7 :                     ;
     663/     2F7 : CD C3 00                CALL STRIN
     664/     2FA : CD D6 01            	CALL PARSER
     665/     2FD :                     ;
     666/     2FD :                     ; 入力パラメータ数チェック
     667/     2FD : 3A 5A 40            	LD A,(ARGC)
     668/     300 : FE 01               	CP 1
     669/     302 : 20 97               	JR NZ,_PARAM_ERR
     670/     304 :                     ;
     671/     304 :                     ; 開始アドレス取得
     672/     304 : 2A 5B 40            	LD HL,(ARGV_1)
     673/     307 : CD 41 02            	CALL HEX4BIN
     674/     30A : 38 8F               	JR C,_PARAM_ERR
     675/     30C : E5                  	PUSH HL
     676/     30D : DD E1               	POP IX
     677/     30F :                     ;
     678/     30F : CD 2F 01            	CALL CRLF_PRINT
     679/     312 :                     _MEM_CHANGE_LOOP:
     680/     312 : DD E5               	PUSH IX
     681/     314 : E1                  	POP HL
     682/     315 : CD C5 02            	CALL ADDR_OUT
     683/     318 : DD 7E 00            	LD A,(IX+0)
     684/     31B : CD 3A 01            	CALL HEX2OUT
     685/     31E : 3E 2D               	LD A,'-'
     686/     320 : CD 29 01            	CALL CPRINT
     687/     323 : DD E5               	PUSH IX
     688/     325 :                     ;
     689/     325 : CD C3 00                CALL STRIN
     690/     328 : DA 64 03            	JP C,_MEM_CHANGE_EXIT
     691/     32B : CD D6 01            	CALL PARSER
     692/     32E :                     ; 入力パラメータ数/レングスチェック
     693/     32E : 3A 5A 40            	LD A,(ARGC)
     694/     331 : FE 00               	CP 0
     695/     333 : 28 1F               	JR Z,_NEXT_ADDR
     696/     335 : FE 01               	CP 1
     697/     337 : 20 21               	JR NZ,_HATENA_OUT
     698/     339 : 2A 5B 40            	LD HL,(ARGV_1)
     699/     33C : CD E7 02            	CALL STR_LEN
     700/     33F : FE 02               	CP 2
     701/     341 : 20 17               	JR NZ,_HATENA_OUT
     702/     343 : 2A 5B 40            	LD HL,(ARGV_1)
     703/     346 : CD 18 02            	CALL HEX2BIN
     704/     349 : 38 0F               	JR C,_HATENA_OUT
     705/     34B : DD E1               	POP IX
     706/     34D : DD 77 00            	LD (IX+0),A
     707/     350 : DD 23               	INC IX
     708/     352 : 18 BE               	JR _MEM_CHANGE_LOOP
     709/     354 :                     ;
     710/     354 :                     _NEXT_ADDR:
     711/     354 : DD E1               	POP IX
     712/     356 : DD 23               	INC IX
     713/     358 : 18 B8               	JR _MEM_CHANGE_LOOP
     714/     35A :                     ;
     715/     35A :                     _HATENA_OUT:
     716/     35A : 21 8F 04            	LD HL,HATENA_MSG
     717/     35D : CD 20 01            	CALL STRPR
     718/     360 : DD E1               	POP IX
     719/     362 : 18 AE               	JR _MEM_CHANGE_LOOP
     720/     364 :                     ;
 AS V1.42 Beta [Bld 137] - source file Z80mon.asm - page 13 - 2019/04/22 19時20分48秒


     721/     364 :                     _MEM_CHANGE_EXIT:
     722/     364 : DD E1               	POP IX
     723/     366 : CD 2F 01            	CALL CRLF_PRINT
     724/     369 : C9                  	RET ;ESCキーでメイン処理へ
     725/     36A :                     
     726/     36A :                     ;
     727/     36A :                     ;================================================================================
     728/     36A :                     ; プログラム実行(G)コマンド
     729/     36A :                     ;================================================================================
     730/     36A :                     PGM_GO:
     731/     36A : CD 36 01                CALL SPC_PRINT
     732/     36D :                     ;
     733/     36D : CD C3 00                CALL STRIN
     734/     370 : CD D6 01            	CALL PARSER
     735/     373 :                     ;
     736/     373 :                     ; 入力パラメータ数チェック
     737/     373 : 3A 5A 40            	LD A,(ARGC)
     738/     376 : FE 01               	CP 1
     739/     378 : C2 9B 02            	JP NZ,_PARAM_ERR
     740/     37B :                     ;
     741/     37B :                     ; 実行アドレス取得
     742/     37B : 2A 5B 40            	LD HL,(ARGV_1)
     743/     37E : CD 41 02            	CALL HEX4BIN
     744/     381 : DA 9B 02            	JP C,_PARAM_ERR
     745/     384 : E9                  	JP (HL)
     746/     385 :                     ;
     747/     385 :                     ;--------------------------------------------------------------------------------
     748/     385 :                     ; コマンドテーブル
     749/     385 :                     ;--------------------------------------------------------------------------------
     750/     385 :                     CMD_TBL:
     751/     385 : 48                      DB 'H'
     752/     386 : B7 01                   DW HELP_OUT
     753/     388 : 3F                      DB '?'
     754/     389 : B7 01                   DW HELP_OUT
     755/     38B : 56                      DB 'V'
     756/     38C : BC 01                   DW VERSION_OUT
     757/     38E : 44                      DB 'D'
     758/     38F : 4F 02                   DW MEM_DUMP
     759/     391 : 4D                      DB 'M'
     760/     392 : F4 02                   DW MEM_CHANGE
     761/     394 : 47                      DB 'G'
     762/     395 : 6A 03                   DW PGM_GO
     763/     397 :                     ; TABLE END
     764/     397 : 00                      DB 00h
     765/     398 :                     ;
     766/     398 :                     ;--------------------------------------------------------------------------------
     767/     398 :                     ; メッセージなど
     768/     398 :                     ;--------------------------------------------------------------------------------
     769/     398 : =KUNI-NET Z8..      VERNAME EQU "KUNI-NET Z80 MONITOR v0.1"
     770/     398 : 4B 55 4E 49 2D 4E   VERMSG  DB VERNAME,CR,0
                    45 54 20 5A 38 30 
                    20 4D 4F 4E 49 54 
                    4F 52 20 76 30 2E 
                    31 0D 00 
     771/     3B3 : 0D 0D 2A 2A 20 4B   OPENMSG DB CR,CR,"** ",VERNAME," **",CR,0
                    55 4E 49 2D 4E 45 
                    54 20 5A 38 30 20 
                    4D 4F 4E 49 54 4F 
                    52 20 76 30 2E 31 
                    20 2A 2A 0D 00 
 AS V1.42 Beta [Bld 137] - source file Z80mon.asm - page 14 - 2019/04/22 19時20分48秒


     772/     3D6 : 08 20 08 00         BSTXT	DB BS,SPC,BS,0
     773/     3DA : 2D 20 2D 20 2D 20   HELP_MSG DB "- - - COMMAND HELP - - -",CR
                    43 4F 4D 4D 41 4E 
                    44 20 48 45 4C 50 
                    20 2D 20 2D 20 2D 
                    0D 
     774/     3F3 : 4D 20 58 58 58 58            DB "M XXXX ",TAB,TAB,"MEMORY EDIT",CR
                    20 09 09 4D 45 4D 
                    4F 52 59 20 45 44 
                    49 54 0D 
     775/     408 : 44 20 58 58 58 58            DB "D XXXX XXXX ",TAB,"MEMORY DUMP",CR
                    20 58 58 58 58 20 
                    09 4D 45 4D 4F 52 
                    59 20 44 55 4D 50 
                    0D 
     776/     421 : 47 20 58 58 58 58            DB "G XXXX",TAB,TAB,"PROGRAM EXECUTE",CR
                    09 09 50 52 4F 47 
                    52 41 4D 20 45 58 
                    45 43 55 54 45 0D 
     777/     439 : 48 20 09 09 48 45            DB "H ",TAB,TAB,"HELP MESSGAE",CR
                    4C 50 20 4D 45 53 
                    53 47 41 45 0D 
     778/     44A : 56 20 09 09 56 45            DB "V ",TAB,TAB,"VERSION INFOMATION",CR,0
                    52 53 49 4F 4E 20 
                    49 4E 46 4F 4D 41 
                    54 49 4F 4E 0D 00 
     779/     462 : 07 2A 2A 20 50 41   PARAM_ERRMSG DB BEEP,"** PARAMETER ERR",CR,0
                    52 41 4D 45 54 45 
                    52 20 45 52 52 0D 
                    00 
     780/     475 : 07 2A 2A 20 4D 45   ABORT_MSG DB BEEP,"** MEM DUMP ABORTED END",CR,0
                    4D 20 44 55 4D 50 
                    20 41 42 4F 52 54 
                    45 44 20 45 4E 44 
                    0D 00 
     781/     48F : 0D 3F 0D 00         HATENA_MSG DB CR,"?",CR,0
     782/     493 :                     
 AS V1.42 Beta [Bld 137] - source file Z80mon.asm - page 15 - 2019/04/22 19時20分48秒


  symbol table (* = unused):
  ------------------------

 ABORT_MSG :                    475 C |  ADDR_OUT :                     2C5 C |
*ARCHITECTURE :    x86_64-apple-osx - |  ARGC :                        405A C |
 ARGV_1 :                      405B C |  ARGV_2 :                      405D C |
*ARGV_3 :                      405F C |  ARG_AREA_LEN :                   7 - |
 ARG_MAX :                        3 - |  ASC16 :                        2A7 C |
*BASFLG :                      4044 C |  BEEP :                           7 - |
*BIGENDIAN :                      0 - | *BRANCHEXT :                      0 - |
 BS :                             8 - |  BSTXT :                        3D6 C |
 BUFEMP :                         5 - |  BUFFUL :                        30 - |
 BUFSIZ :                        3F - | *CASESENSITIVE :                  0 - |
 CIN :                           79 C |  CKINCHAR :                      B3 C |
*CLS :                            C - |  CMD_TBL :                      385 C |
*CONSTPI :        3.141592653589793 - |  COUT :                          A7 C |
 COUT1 :                         A8 C |  CPRINT :                       129 C |
 CR :                             D - |  CRLF_PRINT :                   12F C |
*CTRLC :                          3 - | *DATE :                  2019/04/22 - |
 DEL :                           7F - |  DUMP16 :                       2D2 C |
 DUMP_AT :                      2E2 C |  ESC :                           1B - |
*FALSE :                          0 - | *FULLPMMU :                       1 - |
 GETC :                          B9 C | *HAS64 :                          1 - |
*HASDSP :                         0 - | *HASFPU :                         0 - |
*HASPMMU :                        0 - |  HATENA_MSG :                   48F C |
 HELP_MSG :                     3DA C |  HELP_OUT :                     1B7 C |
 HEX2BIN :                      218 C |  HEX2OUT :                      13A C |
 HEX4BIN :                      241 C |  HEX4OUT :                      1CB C |
 INBUF :                       4045 C |  INEND :                       4059 C |
*INEXTMODE :                      0 - |  INIT :                         157 C |
*INLWORDMODE :                    0 - |  INMAX :                         14 - |
*INMAXMODE :                      0 - | *INSRCMODE :                      0 - |
*INSUPMODE :                      0 - | *LF :                             A - |
*LISTON :                         1 - | *MACEXP :                         7 - |
*MAIN :                         17A C |  MEM_CHANGE :                   2F4 C |
 MEM_DUMP :                     24F C | *MOMCPU :                        80 - |
*MOMCPUNAME :                   Z80 - | *NESTMAX :                      100 - |
 NOTFUL :                        53 C |  NOTWRP :                        60 C |
 NRWRAP :                        8F C |  NULL :                           0 - |
 OPENMSG :                      3B3 C | *PACKING :                        0 - |
*PADDING :                        1 - |  PARAM_ERRMSG :                 462 C |
 PARSER :                       1D6 C |  PGM_GO :                       36A C |
*RELAXED :                        0 - | *RST00 :                          0 C |
*RST08 :                          8 C | *RST10 :                         10 C |
*RST18 :                         18 C | *RST38 :                         38 C |
 RTS0 :                          75 C |  RTS1 :                          A3 C |
 RTSHIG :                        17 - |  RTSLOW :                        37 - |
 SERBUF :                      4000 C |  SERCNT :                      4043 C |
 SERINP :                      403F C |  SERINT :                        3B C |
 SERRDP :                      4041 C |  SPC :                           20 - |
 SPC_PRINT :                    136 C |  STACK :                       4081 - |
 STRIN :                         C3 C |  STRPR :                        120 C |
 STR_LEN :                      2E7 C |  TAB :                            9 - |
*TIME :                          19\-26\-10\-1220\-27\-12\-1248\-25\-89\-11 - |
*TRUE :                           1 - |  UARTRC :                         1 - |
 UARTRD :                         0 - |  VERMSG :                       398 C |
 VERNAME :                                        KUNI-NET Z80 MONITOR v0.1 - |
*VERSION :                     142F - |  VERSION_OUT :                  1BC C |
 _ABORT_DUMP :                  2A1 C |  _ASC16_DOT :                   2BD C |
 _ASC16_LOOP :                  2B2 C |  _ASC16_PRINT :                 2BF C |
 AS V1.42 Beta [Bld 137] - source file Z80mon.asm - page 16 - 2019/04/22 19時20分48秒


 _ATOBIN :                      22E C |  _ATOBIN1 :                     23E C |
 _BS_RTN :                      104 C |  _BS_RTN2 :                     10F C |
 _CHAR_SET :                     F6 C |  _CMD_LOOP :                    18F C |
 _DUMP16_LOOP :                 2D7 C |  _DUMP_END_CHECK :              296 C |
 _DUMP_GO :                     281 C |  _DUMP_LOOP :                   279 C |
 _ERROR_EXIT :                  1AA C |  _ESC_RTN :                     102 C |
 _HATENA_OUT :                  35A C |  _HEX_CNV_PR :                  14F C |
 _MAIN_LOOP :                   180 C |  _MEM_CHANGE_EXIT :             364 C |
 _MEM_CHANGE_LOOP :             312 C |  _NEXT_ADDR :                   354 C |
 _NEXT_CMD :                    1A2 C |  _PARAM_ERR :                   29B C |
 _PARAM_LOOP :                  208 C |  _PARSE_ERR :                   216 C |
 _PARSE_LOOP :                  1EC C |  _PRINT_END :                   1C1 C |
 _STRIN_END :                   11C C |  _STRIN_LOOP :                   D6 C |
 _STR_LEN_EXIT :                2F2 C |  _STR_LEN_LOOP :                2E9 C |
 _WARN_BEEP :                    FD C |

    141 symbols
     39 unused symbols

 AS V1.42 Beta [Bld 137] - source file Z80mon.asm - page 17 - 2019/04/22 19時20分48秒


  codepages:
  ----------

STANDARD (0 changed characters)


0.09 seconds assembly time

    782 lines source file
      2 passes
      0 errors
      0 warnings
