 AS V1.42 Beta [Bld 137] - source file Z80mon.asm - page 1 - 2019/05/29 20時26分55秒


       1/       0 :                     ;-----------------------------------------------------------------------
       2/       0 :                     ; Z80 Monitor KUNI-NET
       3/       0 :                     ;-----------------------------------------------------------------------
       4/       0 :                     
       5/       0 :                     
       6/       0 : =DH                 CR		EQU	0DH
       7/       0 : =AH                 LF		EQU	0AH
       8/       0 : =1BH                ESC		EQU	1BH
       9/       0 : =3H                 CTRLC	EQU	03H
      10/       0 : =CH                 CLS		EQU	0CH
      11/       0 : =20H                SPC		EQU	20h
      12/       0 : =0H                 NULL	EQU 00h
      13/       0 : =7H                 BEEP	EQU 07h
      14/       0 : =8H                 BS		EQU 08h
      15/       0 : =9H                 TAB		EQU 09h
      16/       0 : =7FH                DEL		EQU 7Fh
      17/       0 :                     
      18/       0 :                     
      19/       0 : =>DEFINED              IFNDEF i8259_8254
      20/       0 :                     		ORG	0000h
      21/       0 :                     ;------------------------------------------------------------------------------
      22/       0 :                     ; RST00 リセット
      23/       0 :                     ;------------------------------------------------------------------------------
      24/       0 :                     RST00		DI		
      25/       0 :                     		JP	INIT	
      26/       0 :                     
      27/       0 :                     ;------------------------------------------------------------------------------
      28/       0 :                     ; RST08 1文字送信
      29/       0 :                     ;------------------------------------------------------------------------------
      30/       0 :                     	ORG	0008H
      31/       0 :                     RST08		JP	COUT
      32/       0 :                     
      33/       0 :                     ;------------------------------------------------------------------------------
      34/       0 :                     ; RST10 1文字受信
      35/       0 :                     ;------------------------------------------------------------------------------
      36/       0 :                     	ORG	0010H
      37/       0 :                     RST10		JP	CIN
      38/       0 :                     
      39/       0 :                     ;------------------------------------------------------------------------------
      40/       0 :                     ; RST18 入力バッファチェック
      41/       0 :                     ;------------------------------------------------------------------------------
      42/       0 :                     	ORG	0018H
      43/       0 :                     RST18		JP	CKINCHAR
      44/       0 :                     
      45/       0 :                     ;------------------------------------------------------------------------------
      46/       0 :                     ; RST38 シリアル割り込みルーチン
      47/       0 :                     ;------------------------------------------------------------------------------
      48/       0 :                     	ORG	0038H
      49/       0 :                     RST38:	JP	SERINT 
      50/       0 :                     ;
      51/       0 :                     		ORG	0060h
      52/       0 :                     		DW	SERINT
      53/       0 :                     
      54/       0 :                     ;
      55/       0 : [19]                   ENDIF
      56/       0 :                     
      57/       0 : =>DEFINED              IFDEF i8259_8254
      58/       0 :                     		ORG	0000h
      59/       0 :                     ;------------------------------------------------------------------------------
      60/       0 :                     ; RST00 リセット
 AS V1.42 Beta [Bld 137] - source file Z80mon.asm - page 2 - 2019/05/29 20時26分55秒


      61/       0 :                     ;------------------------------------------------------------------------------
      62/       0 : F3                  RST00		DI		
      63/       1 : C3 CF 06            		JP	INIT	
      64/       4 :                     
      65/       4 :                     ;------------------------------------------------------------------------------
      66/       4 :                     ; RST08 1文字送信
      67/       4 :                     ;------------------------------------------------------------------------------
      68/       8 :                     	ORG	0008H
      69/       8 : C3 04 40            RST08		JP	RST08HOOK
      70/       B :                     
      71/       B :                     ;------------------------------------------------------------------------------
      72/       B :                     ; RST10 1文字受信
      73/       B :                     ;------------------------------------------------------------------------------
      74/      10 :                     	ORG	0010H
      75/      10 : C3 08 40            RST10		JP	RST10HOOK
      76/      13 :                     
      77/      13 :                     ;------------------------------------------------------------------------------
      78/      13 :                     ; RST18 入力バッファチェック
      79/      13 :                     ;------------------------------------------------------------------------------
      80/      18 :                     	ORG	0018H
      81/      18 : C3 0C 40            RST18		JP	RST18HOOK
      82/      1B :                     
      83/      1B :                     ;------------------------------------------------------------------------------
      84/      1B :                     ; RST20 PIT1 INT
      85/      1B :                     ;------------------------------------------------------------------------------
      86/      20 :                     	ORG	0020H
      87/      20 : C3 10 40            RST20		JP	RST20HOOK
      88/      23 :                     
      89/      23 :                     ;------------------------------------------------------------------------------
      90/      23 :                     ; RST28 PIT0 INT
      91/      23 :                     ;------------------------------------------------------------------------------
      92/      28 :                     	ORG	0028H
      93/      28 : C3 14 40            RST28		JP	RST28HOOK
      94/      2B :                     
      95/      2B :                     ;------------------------------------------------------------------------------
      96/      2B :                     ; RST38 シリアル割り込みルーチン
      97/      2B :                     ;------------------------------------------------------------------------------
      98/      38 :                     	ORG	0038H
      99/      38 : C3 1C 40            RST38:	JP	RST38HOOK 
     100/      3B :                     ;
     101/      3B :                     ;
     102/      3B : [57]                   ENDIF
     103/      3B :                     
     104/     100 :                     	ORG 0100h
     105/     100 :                     
     106/     100 :                     ;==============================================================================
     107/     100 :                     
     108/     100 :                     ;--------------------------------------------------------------------------------
     109/     100 :                     ; メイン
     110/     100 :                     ;--------------------------------------------------------------------------------
     111/     100 :                     MAIN:
     112/     100 : 21 BE 04                LD HL,OPENMSG
     113/     103 : CD A5 01                CALL STRPR
     114/     106 :                     _MAIN_LOOP:
     115/     106 : 21 06 01            	LD HL,_MAIN_LOOP
     116/     109 : E5                  	PUSH HL
     117/     10A :                     ;
     118/     10A : 3E 3E                   LD A,'>'
     119/     10C : CF                      RST 08h
     120/     10D : DD 21 87 04             LD IX,CMD_TBL
 AS V1.42 Beta [Bld 137] - source file Z80mon.asm - page 3 - 2019/05/29 20時26分55秒


     121/     111 : CD 3E 01            	CALL GETC
     122/     114 : CF                      RST 08H
     123/     115 :                     ;
     124/     115 :                     _CMD_LOOP:
     125/     115 : F5                  	PUSH AF
     126/     116 : DD 7E 00                LD A,(IX+0)
     127/     119 : B7                  	OR A
     128/     11A : 28 14               	JR Z,_ERROR_EXIT
     129/     11C : 47                  	LD B,A
     130/     11D : F1                  	POP AF
     131/     11E : B8                      CP B
     132/     11F : 20 07               	JR NZ,_NEXT_CMD
     133/     121 : DD 6E 01                LD L,(IX+1)
     134/     124 : DD 66 02            	LD H,(IX+2)
     135/     127 : E9                  	JP (HL)
     136/     128 :                     ;
     137/     128 :                     _NEXT_CMD:
     138/     128 : DD 23               	INC IX
     139/     12A : DD 23               	INC IX
     140/     12C : DD 23               	INC IX
     141/     12E : 18 E5               	JR _CMD_LOOP
     142/     130 :                     ;;
     143/     130 :                     _ERROR_EXIT
     144/     130 : F1                  	POP AF
     145/     131 : CD B4 01            	CALL CRLF_PRINT
     146/     134 : 21 12 06            	LD HL,HATENA_MSG
     147/     137 : CD A5 01            	CALL STRPR
     148/     13A : CD B4 01            	CALL CRLF_PRINT
     149/     13D : C9                  	RET
     150/     13E :                     
     151/     13E :                     
     152/     13E :                     ;------------------------------------------------------------------------------
     153/     13E :                     ; 1文字入力 英字大文字対応
     154/     13E :                     ;------------------------------------------------------------------------------
     155/     13E :                     GETC:
     156/     13E : D7                      RST 10h
     157/     13F : FE 61                   CP 'a'
     158/     141 : F8                      RET M
     159/     142 : FE 7B                   CP 'z'+1
     160/     144 : F0                      RET P
     161/     145 : D6 20                   SUB A,20H
     162/     147 : C9                      RET
     163/     148 :                     
     164/     148 :                     ;------------------------------------------------------------------------------
     165/     148 :                     ; 文字列入力 エコーバックつき
     166/     148 :                     ;------------------------------------------------------------------------------
     167/     148 :                     STRIN:
     168/     148 :                     ; INBUF クリア
     169/     148 : 3E 00                   LD A,00H
     170/     14A : 32 66 40                LD (INBUF),A
     171/     14D : 21 66 40                LD HL,INBUF
     172/     150 : 11 67 40                LD DE,INBUF+1
     173/     153 : 01 3C 00                LD BC,INMAX
     174/     156 : ED B0                   LDIR
     175/     158 :                     ;
     176/     158 : 21 66 40                LD HL,INBUF
     177/     15B :                     ;
     178/     15B :                     _STRIN_LOOP:
     179/     15B : CD 3E 01                CALL GETC
     180/     15E : FE 0D                   CP 0Dh
 AS V1.42 Beta [Bld 137] - source file Z80mon.asm - page 4 - 2019/05/29 20時26分55秒


     181/     160 : 28 3F                   JR Z,_STRIN_END
     182/     162 : FE 08                   CP BS
     183/     164 : 28 23                   JR Z,_BS_RTN
     184/     166 : FE 7F               	CP DEL
     185/     168 : 28 1F                   JR Z,_BS_RTN
     186/     16A : FE 1B               	CP ESC
     187/     16C : 28 19               	JR Z,_ESC_RTN
     188/     16E :                     ;
     189/     16E :                     ; バッファENDにきた?
     190/     16E : 47                  	LD B,A
     191/     16F : 11 A2 40            	LD DE,INEND
     192/     172 : 7A                  	LD A,D
     193/     173 : BC                  	CP H
     194/     174 : 20 05               	JR NZ,_CHAR_SET
     195/     176 : 7B                  	LD A,E
     196/     177 : BD                  	CP L
     197/     178 : 28 08               	JR Z,_WARN_BEEP
     198/     17A : 78                  	LD A,B
     199/     17B :                     _CHAR_SET:
     200/     17B : 77                      LD (HL),A
     201/     17C : 23                      INC HL
     202/     17D : CD AE 01                call CPRINT
     203/     180 : 18 D9                   JR _STRIN_LOOP
     204/     182 :                     ;
     205/     182 :                     _WARN_BEEP:
     206/     182 : 3E 07               	LD A,BEEP
     207/     184 : CF                  	RST 08h
     208/     185 : 18 D4                   JR _STRIN_LOOP
     209/     187 :                     ;
     210/     187 :                     _ESC_RTN:
     211/     187 : 3F                  	CCF
     212/     188 : C9                  	RET
     213/     189 :                     ;
     214/     189 :                     _BS_RTN:
     215/     189 : 11 66 40            	LD DE,INBUF
     216/     18C : 7A                  	LD A,D
     217/     18D : BC                  	CP H
     218/     18E : 20 04               	JR NZ,_BS_RTN2
     219/     190 : 7B                  	LD A,E
     220/     191 : BD                  	CP L
     221/     192 : 28 EE               	JR Z,_WARN_BEEP
     222/     194 :                     ;
     223/     194 :                     _BS_RTN2:
     224/     194 : E5                      PUSH HL
     225/     195 : 21 E1 04                LD HL,BSTXT
     226/     198 : CD A5 01                CALL STRPR
     227/     19B : E1                      POP HL
     228/     19C : 2B                      DEC HL
     229/     19D : 36 00                   LD (HL),00h
     230/     19F : 18 BA                   JR _STRIN_LOOP
     231/     1A1 :                     ;
     232/     1A1 :                     _STRIN_END:
     233/     1A1 : CD B4 01                CALL CRLF_PRINT
     234/     1A4 : C9                      RET
     235/     1A5 :                     
     236/     1A5 :                     ;------------------------------------------------------------------------------
     237/     1A5 :                     ; 文字列出力
     238/     1A5 :                     ;------------------------------------------------------------------------------
     239/     1A5 :                     STRPR:
     240/     1A5 : 7E                      LD A,(HL)
 AS V1.42 Beta [Bld 137] - source file Z80mon.asm - page 5 - 2019/05/29 20時26分55秒


     241/     1A6 : B7                      OR A
     242/     1A7 : C8                      RET Z
     243/     1A8 : CD AE 01                CALL CPRINT
     244/     1AB : 23                      INC HL
     245/     1AC : 18 F7                   JR STRPR
     246/     1AE :                     
     247/     1AE :                     ;------------------------------------------------------------------------------
     248/     1AE :                     ; 文字出力 (CRLF対応)
     249/     1AE :                     ; IN: A - キャラクタ
     250/     1AE :                     ; RET: なし
     251/     1AE :                     ;------------------------------------------------------------------------------
     252/     1AE :                     CPRINT:
     253/     1AE : FE 0D                   CP 0Dh
     254/     1B0 : 28 02                   JR Z,CRLF_PRINT
     255/     1B2 : CF                      RST 08h
     256/     1B3 : C9                      RET
     257/     1B4 :                     
     258/     1B4 :                     ;------------------------------------------------------------------------------
     259/     1B4 :                     ; CRLF出力 (CRLF対応)
     260/     1B4 :                     ;------------------------------------------------------------------------------
     261/     1B4 :                     CRLF_PRINT:
     262/     1B4 : 3E 0D                   LD A,0DH
     263/     1B6 : CF                      RST 08H
     264/     1B7 : 3E 0A                   LD A,0AH
     265/     1B9 : CF                      RST 08h
     266/     1BA : C9                      RET
     267/     1BB :                     
     268/     1BB :                     ;------------------------------------------------------------------------------
     269/     1BB :                     ; ブランク出力 
     270/     1BB :                     ;------------------------------------------------------------------------------
     271/     1BB :                     SPC_PRINT:
     272/     1BB : 3E 20                   LD A,SPC
     273/     1BD : CF                      RST 08H
     274/     1BE : C9                      RET
     275/     1BF :                     
     276/     1BF :                     ;------------------------------------------------------------------------------
     277/     1BF :                     ; Hex2桁出力
     278/     1BF :                     ;------------------------------------------------------------------------------
     279/     1BF :                     HEX2OUT:
     280/     1BF : C5                  	PUSH BC
     281/     1C0 : 47                  	LD B,A
     282/     1C1 : CB 3F               	SRL A
     283/     1C3 : CB 3F               	SRL A
     284/     1C5 : CB 3F               	SRL A
     285/     1C7 : CB 3F               	SRL A
     286/     1C9 : CD D4 01            	CALL _HEX_CNV_PR
     287/     1CC : 78                  	LD A,B
     288/     1CD : E6 0F               	AND 0Fh
     289/     1CF : CD D4 01            	CALL _HEX_CNV_PR
     290/     1D2 : C1                  	POP BC
     291/     1D3 : C9                  	RET
     292/     1D4 :                     ;
     293/     1D4 :                     _HEX_CNV_PR:	
     294/     1D4 : C6 90               	ADD A,90h
     295/     1D6 : 27                  	DAA
     296/     1D7 : CE 40               	ADC	A,40h
     297/     1D9 : 27                  	DAA
     298/     1DA : CF                  	RST 08h
     299/     1DB : C9                  	RET
     300/     1DC :                     
 AS V1.42 Beta [Bld 137] - source file Z80mon.asm - page 6 - 2019/05/29 20時26分55秒


     301/     1DC :                     ;================================================================================
     302/     1DC :                     ; ヘルプ出力
     303/     1DC :                     ;================================================================================
     304/     1DC :                     HELP_OUT:
     305/     1DC : 21 E5 04                LD HL,HELP_MSG
     306/     1DF : 18 05               	JR _PRINT_END
     307/     1E1 :                     ;
     308/     1E1 :                     ;================================================================================
     309/     1E1 :                     ; バージョン出力
     310/     1E1 :                     ;================================================================================
     311/     1E1 :                     VERSION_OUT:
     312/     1E1 : 21 A3 04                LD HL,VERMSG
     313/     1E4 : 18 00               	JR _PRINT_END
     314/     1E6 :                     ;
     315/     1E6 :                     ;--------------------------------------------------------------------------------
     316/     1E6 :                     ; メッセージ出力してメインへリターン
     317/     1E6 :                     ;--------------------------------------------------------------------------------
     318/     1E6 :                     _PRINT_END:
     319/     1E6 : CD B4 01            	CALL CRLF_PRINT
     320/     1E9 : CD A5 01                CALL STRPR
     321/     1EC : CD B4 01            	CALL CRLF_PRINT
     322/     1EF : C9                      RET
     323/     1F0 :                     
     324/     1F0 :                     ;--------------------------------------------------------------------------------
     325/     1F0 :                     ; HEX4桁出力
     326/     1F0 :                     ;--------------------------------------------------------------------------------
     327/     1F0 :                     HEX4OUT:
     328/     1F0 : F5                  	PUSH AF
     329/     1F1 : 7C                  	LD A,H
     330/     1F2 : CD BF 01            	CALL HEX2OUT
     331/     1F5 : 7D                  	LD A,L
     332/     1F6 : CD BF 01            	CALL HEX2OUT
     333/     1F9 : F1                  	POP AF
     334/     1FA : C9                  	RET
     335/     1FB :                     
     336/     1FB :                     ;--------------------------------------------------------------------------------
     337/     1FB :                     ; 入力行パース
     338/     1FB :                     ;--------------------------------------------------------------------------------
     339/     1FB :                     PARSER:
     340/     1FB :                     ; 編集エリア初期化
     341/     1FB : 21 A3 40            	LD HL,ARGC
     342/     1FE : 3E 00               	LD A,0
     343/     200 : 77                  	LD (HL),A
     344/     201 : 11 A4 40            	LD DE,ARGC+1
     345/     204 : 01 06 00            	LD BC,ARG_AREA_LEN-1
     346/     207 : ED B0               	LDIR
     347/     209 :                     ; 入力パラメーター パース開始
     348/     209 : 4F                  	LD C,A
     349/     20A : 21 65 40            	LD HL,INBUF-1
     350/     20D : DD 21 A4 40         	LD IX,ARGV_1
     351/     211 :                     ;
     352/     211 :                     _PARSE_LOOP:
     353/     211 : 23                  	INC HL
     354/     212 : 7E                  	LD A,(HL)
     355/     213 : FE 00               	CP NULL
     356/     215 : C8                  	RET Z
     357/     216 : FE 20               	CP SPC
     358/     218 : 28 F7               	JR Z,_PARSE_LOOP
     359/     21A : 0C                      INC C
     360/     21B : 79                  	LD A,C
 AS V1.42 Beta [Bld 137] - source file Z80mon.asm - page 7 - 2019/05/29 20時26分55秒


     361/     21C : FE 04               	CP ARG_MAX+1
     362/     21E : 30 1B               	JR NC,_PARSE_ERR
     363/     220 : 32 A3 40            	LD (ARGC),A
     364/     223 : DD 75 00            	LD (IX+0),L
     365/     226 : DD 74 01            	LD (IX+1),H
     366/     229 : DD 23               	INC IX
     367/     22B : DD 23               	INC IX
     368/     22D :                     _PARAM_LOOP:
     369/     22D : 23                  	INC HL
     370/     22E : 7E                  	LD A,(HL)
     371/     22F : FE 00               	CP NULL
     372/     231 : C8                  	RET Z
     373/     232 : FE 20               	CP SPC
     374/     234 : 20 F7               	JR NZ,_PARAM_LOOP
     375/     236 : 3E 00               	LD A,NULL
     376/     238 : 77                  	LD (HL),A
     377/     239 : 18 D6               	JR _PARSE_LOOP
     378/     23B :                     ;
     379/     23B :                     _PARSE_ERR:
     380/     23B : 3F                  	CCF
     381/     23C : C9                  	RET
     382/     23D :                     
     383/     23D :                     ;--------------------------------------------------------------------------------
     384/     23D :                     ; HEX 2桁キャラクタ → Aレジスタ
     385/     23D :                     ;--------------------------------------------------------------------------------
     386/     23D :                     HEX2BIN:
     387/     23D : C5                  	PUSH BC
     388/     23E : 7E                  	LD A,(HL)
     389/     23F : CD 57 02            	CALL _ATOBIN
     390/     242 : 38 11               	JR C,_HEX2BIN_EXIT
     391/     244 : CB 27               	SLA A
     392/     246 : CB 27               	SLA A
     393/     248 : CB 27               	SLA A
     394/     24A : CB 27               	SLA A
     395/     24C : 47                  	LD B,A
     396/     24D : 23                  	INC HL
     397/     24E : 7E                  	LD A,(HL)
     398/     24F : CD 57 02            	CALL _ATOBIN
     399/     252 : 38 01               	JR C,_HEX2BIN_EXIT
     400/     254 : 80                  	ADD A,B
     401/     255 :                     _HEX2BIN_EXIT:
     402/     255 : C1                  	POP BC
     403/     256 : C9                  	RET
     404/     257 :                     ;
     405/     257 :                     _ATOBIN:
     406/     257 : FE 30               	CP '0'
     407/     259 : D8                  	RET C
     408/     25A : FE 3A               	CP '9'+1
     409/     25C : 38 09               	JR C,_ATOBIN1
     410/     25E : FE 41               	CP 'A'
     411/     260 : D8                  	RET C
     412/     261 : FE 47               	CP 'F'+1
     413/     263 : 3F                  	CCF
     414/     264 : D8                  	RET C
     415/     265 : C6 09               	ADD A,09H
     416/     267 :                     _ATOBIN1:
     417/     267 : E6 0F               	AND 0Fh
     418/     269 : C9                  	RET
     419/     26A :                     ;
     420/     26A :                     
 AS V1.42 Beta [Bld 137] - source file Z80mon.asm - page 8 - 2019/05/29 20時26分55秒


     421/     26A :                     ;--------------------------------------------------------------------------------
     422/     26A :                     ; 4バイト16進数文字列→バイナリ(HL)へ
     423/     26A :                     ;--------------------------------------------------------------------------------
     424/     26A :                     HEX4BIN:
     425/     26A : CD 3D 02            	CALL HEX2BIN
     426/     26D : D8                  	RET C
     427/     26E : 57                  	LD D,A
     428/     26F : 23                  	INC HL
     429/     270 : CD 3D 02            	CALL HEX2BIN
     430/     273 : D8                  	RET C
     431/     274 : 5F                  	LD E,A
     432/     275 : D5                  	PUSH DE
     433/     276 : E1                  	POP HL
     434/     277 : C9                  	RET
     435/     278 :                     ;
     436/     278 :                     ;================================================================================
     437/     278 :                     ; メモリーダンプ
     438/     278 :                     ;================================================================================
     439/     278 :                     MEM_DUMP:
     440/     278 : CD BB 01                CALL SPC_PRINT
     441/     27B :                     ;
     442/     27B : CD 48 01                CALL STRIN
     443/     27E : CD FB 01            	CALL PARSER
     444/     281 : 38 41               	JR C,_PARAM_ERR
     445/     283 :                     ; 入力パラメータ数チェック
     446/     283 : 3A A3 40            	LD A,(ARGC)
     447/     286 : FE 02               	CP 2
     448/     288 : 20 3A               	JR NZ,_PARAM_ERR
     449/     28A :                     ; 開始アドレス取得
     450/     28A : 2A A4 40            	LD HL,(ARGV_1)
     451/     28D : CD 6A 02            	CALL HEX4BIN
     452/     290 : 38 32               	JR C,_PARAM_ERR
     453/     292 : E5                  	PUSH HL
     454/     293 : DD E1               	POP IX
     455/     295 :                     ; 終了アドレス取得
     456/     295 : 2A A6 40            	LD HL,(ARGV_2)
     457/     298 : CD 6A 02            	CALL HEX4BIN
     458/     29B : 38 27               	JR C,_PARAM_ERR
     459/     29D : E5                  	PUSH HL
     460/     29E : D1                  	POP DE
     461/     29F : DD E5               	PUSH IX
     462/     2A1 : E1                  	POP HL
     463/     2A2 :                     ; ダンプ実施
     464/     2A2 :                     _DUMP_LOOP:
     465/     2A2 : DF                  	RST 18h
     466/     2A3 : 28 05               	JR Z,_DUMP_GO
     467/     2A5 : D7                  	RST 10h
     468/     2A6 : FE 1B               	CP ESC
     469/     2A8 : 28 20               	JR Z,_ABORT_DUMP
     470/     2AA :                     _DUMP_GO:
     471/     2AA : E5                  	PUSH HL
     472/     2AB : CD FB 02            	CALL DUMP16
     473/     2AE : E1                  	POP HL
     474/     2AF : CD D0 02            	CALL ASC16
     475/     2B2 : CD B4 01            	CALL CRLF_PRINT
     476/     2B5 :                     ; 終了判定
     477/     2B5 : 7A                  	LD A,D
     478/     2B6 : BC                  	CP H
     479/     2B7 : F8                  	RET M   ; メインループへ
     480/     2B8 : 7B                  	LD A,E
 AS V1.42 Beta [Bld 137] - source file Z80mon.asm - page 9 - 2019/05/29 20時26分55秒


     481/     2B9 : BD                  	CP L
     482/     2BA : FA BF 02            	JP M,_DUMP_END_CHECK
     483/     2BD : 18 E3               	JR _DUMP_LOOP
     484/     2BF :                     ;
     485/     2BF :                     _DUMP_END_CHECK:
     486/     2BF : 7A                  	LD A,D
     487/     2C0 : BC                  	CP H
     488/     2C1 : 20 DF               	JR NZ,_DUMP_LOOP
     489/     2C3 : C9                  	RET
     490/     2C4 :                     ;
     491/     2C4 :                     _PARAM_ERR:
     492/     2C4 : 21 D1 05            	LD HL,PARAM_ERRMSG
     493/     2C7 : C3 E6 01            	JP _PRINT_END
     494/     2CA :                     ;
     495/     2CA :                     _ABORT_DUMP:
     496/     2CA : 21 E4 05            	LD HL,ABORT_MSG
     497/     2CD : C3 E6 01            	JP _PRINT_END
     498/     2D0 :                     ;--------------------------------------------------------------------------------
     499/     2D0 :                     ; 16バイト分 ASCII出力
     500/     2D0 :                     ;--------------------------------------------------------------------------------
     501/     2D0 :                     ASC16:
     502/     2D0 : CD BB 01            	CALL SPC_PRINT
     503/     2D3 : 3E 3A               	LD A,':'
     504/     2D5 : CF                  	RST 08h
     505/     2D6 : CD BB 01            	CALL SPC_PRINT
     506/     2D9 : 0E 10               	LD C,10h
     507/     2DB :                     ;
     508/     2DB :                     _ASC16_LOOP:
     509/     2DB : 7E                  	LD A,(HL)
     510/     2DC : FE 20               	CP ' '
     511/     2DE : FA E6 02            	JP M,_ASC16_DOT
     512/     2E1 : FE 7F               	CP 7Fh
     513/     2E3 : FA E8 02            	JP M,_ASC16_PRINT
     514/     2E6 :                     _ASC16_DOT:
     515/     2E6 : 3E 2E               	LD A,'.'
     516/     2E8 :                     _ASC16_PRINT:
     517/     2E8 : CF                  	RST 08h	
     518/     2E9 : 23                  	INC HL
     519/     2EA : 0D                  	DEC C
     520/     2EB : C8                  	RET Z
     521/     2EC : 18 ED               	JR _ASC16_LOOP
     522/     2EE :                     
     523/     2EE :                     ;--------------------------------------------------------------------------------
     524/     2EE :                     ; アドレス部分出力
     525/     2EE :                     ;--------------------------------------------------------------------------------
     526/     2EE :                     ADDR_OUT:
     527/     2EE : CD F0 01            	CALL HEX4OUT
     528/     2F1 : CD BB 01            	CALL SPC_PRINT
     529/     2F4 : 3E 3A               	LD A,':'
     530/     2F6 : CF                  	RST 08h
     531/     2F7 : CD BB 01            	CALL SPC_PRINT
     532/     2FA : C9                  	RET
     533/     2FB :                     
     534/     2FB :                     ;--------------------------------------------------------------------------------
     535/     2FB :                     ; 16バイト分 HEXダンプ出力
     536/     2FB :                     ;--------------------------------------------------------------------------------
     537/     2FB :                     DUMP16:
     538/     2FB : CD EE 02            	CALL ADDR_OUT
     539/     2FE : 0E 10               	LD C,10h
     540/     300 :                     _DUMP16_LOOP:
 AS V1.42 Beta [Bld 137] - source file Z80mon.asm - page 10 - 2019/05/29 20時26分55秒


     541/     300 : CD 0B 03            	CALL DUMP_AT
     542/     303 : CD BB 01            	CALL SPC_PRINT
     543/     306 : 23                  	INC HL
     544/     307 : 0D                  	DEC C
     545/     308 : C8                  	RET Z
     546/     309 : 18 F5               	JR _DUMP16_LOOP
     547/     30B :                     
     548/     30B :                     ;--------------------------------------------------------------------------------
     549/     30B :                     ; 1バイト分 HEXダンプ出力
     550/     30B :                     ;--------------------------------------------------------------------------------
     551/     30B :                     DUMP_AT:
     552/     30B : 7E                  	LD A,(HL)
     553/     30C : CD BF 01            	CALL HEX2OUT
     554/     30F : C9                  	RET
     555/     310 :                     
     556/     310 :                     ;--------------------------------------------------------------------------------
     557/     310 :                     ; strlen
     558/     310 :                     ;--------------------------------------------------------------------------------
     559/     310 :                     STR_LEN:
     560/     310 : E5                  	PUSH HL
     561/     311 : C5                  	PUSH BC
     562/     312 : 0E 00               	LD C,0
     563/     314 :                     _STR_LEN_LOOP:
     564/     314 : 7E                  	LD A,(HL)
     565/     315 : FE 00               	CP NULL
     566/     317 : 28 04               	JR Z,_STR_LEN_EXIT
     567/     319 : 23                  	INC HL
     568/     31A : 0C                  	INC C
     569/     31B : 18 F7               	JR _STR_LEN_LOOP
     570/     31D :                     ;
     571/     31D :                     _STR_LEN_EXIT:
     572/     31D : 79                  	LD A,C
     573/     31E : C1                  	POP BC
     574/     31F : E1                  	POP HL
     575/     320 : C9                  	RET
     576/     321 :                     ;
     577/     321 :                     ;================================================================================
     578/     321 :                     ; メモリー変更コマンド
     579/     321 :                     ;================================================================================
     580/     321 :                     MEM_CHANGE:
     581/     321 : CD BB 01                CALL SPC_PRINT
     582/     324 :                     ;
     583/     324 : CD 48 01                CALL STRIN
     584/     327 : CD FB 01            	CALL PARSER
     585/     32A : 38 98               	JR C,_PARAM_ERR
     586/     32C :                     ;
     587/     32C :                     ; 入力パラメータ数チェック
     588/     32C : 3A A3 40            	LD A,(ARGC)
     589/     32F : FE 01               	CP 1
     590/     331 : 20 91               	JR NZ,_PARAM_ERR
     591/     333 :                     ;
     592/     333 :                     ; 開始アドレス取得
     593/     333 : 2A A4 40            	LD HL,(ARGV_1)
     594/     336 : CD 6A 02            	CALL HEX4BIN
     595/     339 : 38 89               	JR C,_PARAM_ERR
     596/     33B : E5                  	PUSH HL
     597/     33C : DD E1               	POP IX
     598/     33E :                     ;
     599/     33E : CD B4 01            	CALL CRLF_PRINT
     600/     341 :                     _MEM_CHANGE_LOOP:
 AS V1.42 Beta [Bld 137] - source file Z80mon.asm - page 11 - 2019/05/29 20時26分55秒


     601/     341 : DD E5               	PUSH IX
     602/     343 : E1                  	POP HL
     603/     344 : CD EE 02            	CALL ADDR_OUT
     604/     347 : DD 7E 00            	LD A,(IX+0)
     605/     34A : CD BF 01            	CALL HEX2OUT
     606/     34D : 3E 2D               	LD A,'-'
     607/     34F : CD AE 01            	CALL CPRINT
     608/     352 : DD E5               	PUSH IX
     609/     354 :                     ;
     610/     354 : CD 48 01                CALL STRIN
     611/     357 : DA 93 03            	JP C,_MEM_CHANGE_EXIT
     612/     35A : CD FB 01            	CALL PARSER
     613/     35D :                     ; 入力パラメータ数/レングスチェック
     614/     35D : 3A A3 40            	LD A,(ARGC)
     615/     360 : FE 00               	CP 0
     616/     362 : 28 1F               	JR Z,_NEXT_ADDR
     617/     364 : FE 01               	CP 1
     618/     366 : 20 21               	JR NZ,_HATENA_OUT
     619/     368 : 2A A4 40            	LD HL,(ARGV_1)
     620/     36B : CD 10 03            	CALL STR_LEN
     621/     36E : FE 02               	CP 2
     622/     370 : 20 17               	JR NZ,_HATENA_OUT
     623/     372 : 2A A4 40            	LD HL,(ARGV_1)
     624/     375 : CD 3D 02            	CALL HEX2BIN
     625/     378 : 38 0F               	JR C,_HATENA_OUT
     626/     37A : DD E1               	POP IX
     627/     37C : DD 77 00            	LD (IX+0),A
     628/     37F : DD 23               	INC IX
     629/     381 : 18 BE               	JR _MEM_CHANGE_LOOP
     630/     383 :                     ;
     631/     383 :                     _NEXT_ADDR:
     632/     383 : DD E1               	POP IX
     633/     385 : DD 23               	INC IX
     634/     387 : 18 B8               	JR _MEM_CHANGE_LOOP
     635/     389 :                     ;
     636/     389 :                     _HATENA_OUT:
     637/     389 : 21 12 06            	LD HL,HATENA_MSG
     638/     38C : CD A5 01            	CALL STRPR
     639/     38F : DD E1               	POP IX
     640/     391 : 18 AE               	JR _MEM_CHANGE_LOOP
     641/     393 :                     ;
     642/     393 :                     _MEM_CHANGE_EXIT:
     643/     393 : DD E1               	POP IX
     644/     395 : CD B4 01            	CALL CRLF_PRINT
     645/     398 : C9                  	RET ;ESCキーでメイン処理へ
     646/     399 :                     
     647/     399 :                     ;
     648/     399 :                     ;================================================================================
     649/     399 :                     ; プログラム実行(G)コマンド
     650/     399 :                     ;================================================================================
     651/     399 :                     PGM_GO:
     652/     399 : CD BB 01                CALL SPC_PRINT
     653/     39C :                     ;
     654/     39C : CD 48 01                CALL STRIN
     655/     39F : CD FB 01            	CALL PARSER
     656/     3A2 : DA C4 02            	JP C,_PARAM_ERR
     657/     3A5 :                     ;
     658/     3A5 :                     _PGM_EXEC:
     659/     3A5 :                     ;
     660/     3A5 :                     ; 実行アドレス取得
 AS V1.42 Beta [Bld 137] - source file Z80mon.asm - page 12 - 2019/05/29 20時26分55秒


     661/     3A5 :                     ;
     662/     3A5 : 2A A4 40            	LD HL,(ARGV_1)
     663/     3A8 : CD 10 03            	CALL STR_LEN
     664/     3AB : FE 04               	CP 4
     665/     3AD : C2 C4 02            	JP NZ,_PARAM_ERR
     666/     3B0 :                     ;
     667/     3B0 : 2A A4 40            	LD HL,(ARGV_1)
     668/     3B3 : CD 6A 02            	CALL HEX4BIN
     669/     3B6 : DA C4 02            	JP C,_PARAM_ERR
     670/     3B9 :                     ;
     671/     3B9 : 3A A3 40            	LD A,(ARGC)
     672/     3BC : 47                  	LD B,A			; ARGC
     673/     3BD : 11 A4 40            	LD DE,ARGV_1		; ARGV
     674/     3C0 : E9                  	JP (HL)
     675/     3C1 :                     ;
     676/     3C1 :                     ;================================================================================
     677/     3C1 :                     ; I/O入力コマンド
     678/     3C1 :                     ;================================================================================
     679/     3C1 :                     IO_IN:
     680/     3C1 : CD BB 01                CALL SPC_PRINT
     681/     3C4 :                     ;
     682/     3C4 : CD 48 01                CALL STRIN
     683/     3C7 : CD FB 01            	CALL PARSER
     684/     3CA : DA C4 02            	JP C,_PARAM_ERR
     685/     3CD :                     ;
     686/     3CD :                     ; 入力パラメータ数チェック
     687/     3CD : 3A A3 40            	LD A,(ARGC)
     688/     3D0 : FE 01               	CP 1
     689/     3D2 : C2 C4 02            	JP NZ,_PARAM_ERR
     690/     3D5 :                     ;
     691/     3D5 :                     ; I/Oアドレス取得
     692/     3D5 : 2A A4 40            	LD HL,(ARGV_1)
     693/     3D8 : CD 10 03            	CALL STR_LEN
     694/     3DB : FE 02               	CP 2
     695/     3DD : C2 C4 02            	JP NZ,_PARAM_ERR
     696/     3E0 :                     ;
     697/     3E0 : 2A A4 40            	LD HL,(ARGV_1)
     698/     3E3 : CD 3D 02            	CALL HEX2BIN
     699/     3E6 : DA C4 02            	JP C,_PARAM_ERR
     700/     3E9 : 4F                  	LD C,A
     701/     3EA : ED 78               	IN A,(C)
     702/     3EC :                     ;
     703/     3EC : CD BF 01            	CALL HEX2OUT
     704/     3EF : CD B4 01            	CALL CRLF_PRINT
     705/     3F2 : C9                  	RET
     706/     3F3 :                     ;
     707/     3F3 :                     ;================================================================================
     708/     3F3 :                     ; I/O出力コマンド
     709/     3F3 :                     ;================================================================================
     710/     3F3 :                     IO_OUT:
     711/     3F3 : CD BB 01                CALL SPC_PRINT
     712/     3F6 :                     ;
     713/     3F6 : CD 48 01                CALL STRIN
     714/     3F9 : CD FB 01            	CALL PARSER
     715/     3FC : DA C4 02            	JP C,_PARAM_ERR
     716/     3FF :                     ;
     717/     3FF :                     ; 入力パラメータ数チェック
     718/     3FF : 3A A3 40            	LD A,(ARGC)
     719/     402 : FE 02               	CP 2
     720/     404 : C2 C4 02            	JP NZ,_PARAM_ERR
 AS V1.42 Beta [Bld 137] - source file Z80mon.asm - page 13 - 2019/05/29 20時26分55秒


     721/     407 :                     ;
     722/     407 :                     ; I/Oアドレス取得
     723/     407 : 2A A4 40            	LD HL,(ARGV_1)
     724/     40A : CD 10 03            	CALL STR_LEN
     725/     40D : FE 02               	CP 2
     726/     40F : C2 C4 02            	JP NZ,_PARAM_ERR
     727/     412 :                     ;
     728/     412 : 2A A4 40            	LD HL,(ARGV_1)
     729/     415 : CD 3D 02            	CALL HEX2BIN
     730/     418 : DA C4 02            	JP C,_PARAM_ERR
     731/     41B : 4F                  	LD C,A
     732/     41C :                     ;
     733/     41C :                     ; 出力データ取得
     734/     41C : 2A A6 40            	LD HL,(ARGV_2)
     735/     41F : CD 10 03            	CALL STR_LEN
     736/     422 : FE 02               	CP 2
     737/     424 : C2 C4 02            	JP NZ,_PARAM_ERR
     738/     427 :                     ;
     739/     427 : 2A A6 40            	LD HL,(ARGV_2)
     740/     42A : CD 3D 02            	CALL HEX2BIN
     741/     42D : DA C4 02            	JP C,_PARAM_ERR
     742/     430 :                     ;
     743/     430 : ED 79               	OUT (C),A
     744/     432 :                     ;
     745/     432 : CD B4 01            	CALL CRLF_PRINT
     746/     435 : C9                  	RET
     747/     436 :                     ;================================================================================
     748/     436 :                     ; インテルHEXロードコマンド
     749/     436 :                     ;================================================================================
     750/     436 :                     LOAD:
     751/     436 : CD B4 01            	CALL CRLF_PRINT
     752/     439 :                     ;
     753/     439 :                     _LOAD_START:
     754/     439 : D7                  	RST 10h
     755/     43A : FE 1B               	CP ESC
     756/     43C : 28 48               	JR Z,_LOAD_EXIT
     757/     43E : FE 3A               	CP ':'
     758/     440 : 20 F7               	JR NZ,_LOAD_START
     759/     442 : CF                  	RST 08h
     760/     443 :                     ;
     761/     443 :                     ; LENGTH GET
     762/     443 : 06 00               	LD B,0
     763/     445 : CD 48 01                CALL STRIN
     764/     448 :                     ;
     765/     448 : 21 66 40            	LD HL,INBUF
     766/     44B : CD 3D 02            	CALL HEX2BIN
     767/     44E : 4F                  	LD C,A
     768/     44F : 47                  	LD B,A
     769/     450 :                     ;
     770/     450 :                     ; ADDR GET
     771/     450 : 21 68 40            	LD HL,INBUF+2
     772/     453 : CD 6A 02            	CALL HEX4BIN
     773/     456 : E5                  	PUSH HL
     774/     457 : DD E1               	POP IX
     775/     459 : 78                  	LD A,B
     776/     45A : 84                  	ADD A,H
     777/     45B : 85                  	ADD A,L
     778/     45C : 47                  	LD B,A
     779/     45D :                     ;
     780/     45D :                     ; GET RECORD TYPE
 AS V1.42 Beta [Bld 137] - source file Z80mon.asm - page 14 - 2019/05/29 20時26分55秒


     781/     45D : 21 6C 40            	LD HL,INBUF+6
     782/     460 : CD 3D 02            	CALL HEX2BIN
     783/     463 : B7                  	OR A
     784/     464 : 20 20               	JR NZ,_LOAD_EXIT
     785/     466 :                     ;
     786/     466 :                     _MEM_LOAD_START:
     787/     466 : 21 6E 40            	LD HL,INBUF+8
     788/     469 :                     _MEM_LOAD:
     789/     469 : CD 3D 02            	CALL HEX2BIN
     790/     46C : DD 77 00            	LD (IX+0),A
     791/     46F : 80                  	ADD A,B
     792/     470 : 47                  	LD B,A
     793/     471 : 23                  	INC HL
     794/     472 : DD 23               	INC IX
     795/     474 : 0D                  	DEC C
     796/     475 : 20 F2               	JR NZ,_MEM_LOAD
     797/     477 :                     ;
     798/     477 : CD 3D 02            	CALL HEX2BIN
     799/     47A : 80                  	ADD A,B
     800/     47B : B7                  	OR A
     801/     47C : 20 02               	JR NZ,_CHECKSUM_ERROR
     802/     47E : 18 B9               	JR _LOAD_START
     803/     480 :                     ;
     804/     480 :                     _CHECKSUM_ERROR:
     805/     480 : 21 FE 05            	LD HL,CHECKSUM_ERRMSG
     806/     483 : C3 E6 01            	JP _PRINT_END
     807/     486 :                     ;
     808/     486 :                     _LOAD_EXIT:
     809/     486 : C9                  	RET
     810/     487 :                     ;
     811/     487 :                     ;--------------------------------------------------------------------------------
     812/     487 :                     ; コマンドテーブル
     813/     487 :                     ;--------------------------------------------------------------------------------
     814/     487 :                     CMD_TBL:
     815/     487 : 48                      DB 'H'
     816/     488 : DC 01                   DW HELP_OUT
     817/     48A : 3F                      DB '?'
     818/     48B : DC 01                   DW HELP_OUT
     819/     48D : 56                      DB 'V'
     820/     48E : E1 01                   DW VERSION_OUT
     821/     490 : 44                      DB 'D'
     822/     491 : 78 02                   DW MEM_DUMP
     823/     493 : 4D                      DB 'M'
     824/     494 : 21 03                   DW MEM_CHANGE
     825/     496 : 47                      DB 'G'
     826/     497 : 99 03                   DW PGM_GO
     827/     499 : 49                      DB 'I'
     828/     49A : C1 03                   DW IO_IN
     829/     49C : 4F                      DB 'O'
     830/     49D : F3 03                   DW IO_OUT
     831/     49F : 4C                      DB 'L'
     832/     4A0 : 36 04                   DW LOAD
     833/     4A2 :                     ; TABLE END
     834/     4A2 : 00                      DB 00h
     835/     4A3 :                     ;
     836/     4A3 :                     ;--------------------------------------------------------------------------------
     837/     4A3 :                     ; メッセージなど
     838/     4A3 :                     ;--------------------------------------------------------------------------------
     839/     4A3 : =KUNI-NET Z8..      VERNAME EQU "KUNI-NET Z80 MONITOR v0.7"
     840/     4A3 : 4B 55 4E 49 2D 4E   VERMSG  DB VERNAME,CR,0
 AS V1.42 Beta [Bld 137] - source file Z80mon.asm - page 15 - 2019/05/29 20時26分55秒


                    45 54 20 5A 38 30 
                    20 4D 4F 4E 49 54 
                    4F 52 20 76 30 2E 
                    37 0D 00 
     841/     4BE : 0D 0D 2A 2A 20 4B   OPENMSG DB CR,CR,"** ",VERNAME," **",CR,0
                    55 4E 49 2D 4E 45 
                    54 20 5A 38 30 20 
                    4D 4F 4E 49 54 4F 
                    52 20 76 30 2E 37 
                    20 2A 2A 0D 00 
     842/     4E1 : 08 20 08 00         BSTXT	DB BS,SPC,BS,0
     843/     4E5 : 2D 20 2D 20 2D 20   HELP_MSG DB "- - - COMMAND HELP - - -",CR
                    43 4F 4D 4D 41 4E 
                    44 20 48 45 4C 50 
                    20 2D 20 2D 20 2D 
                    0D 
     844/     4FE : 4D 20 58 58 58 58            DB "M XXXX ",TAB,TAB,"MEMORY EDIT",CR
                    20 09 09 4D 45 4D 
                    4F 52 59 20 45 44 
                    49 54 0D 
     845/     513 : 44 20 58 58 58 58            DB "D XXXX XXXX ",TAB,"MEMORY DUMP",CR
                    20 58 58 58 58 20 
                    09 4D 45 4D 4F 52 
                    59 20 44 55 4D 50 
                    0D 
     846/     52C : 47 20 58 58 58 58            DB "G XXXX",TAB,TAB,"PROGRAM EXECUTE",CR
                    09 09 50 52 4F 47 
                    52 41 4D 20 45 58 
                    45 43 55 54 45 0D 
     847/     544 : 47 20 58 58 58 58            DB "G XXXX PARAM1 PARAM2",TAB,"PROGRAM EXECUTE w/PARAM",CR
                    20 50 41 52 41 4D 
                    31 20 50 41 52 41 
                    4D 32 09 50 52 4F 
                    47 52 41 4D 20 45 
                    58 45 43 55 54 45 
                    20 77 2F 50 41 52 
                    41 4D 0D 
     848/     571 : 49 20 58 58 09 09            DB "I XX",TAB,TAB,"I/O INPUT",CR
                    49 2F 4F 20 49 4E 
                    50 55 54 0D 
     849/     581 : 4F 20 58 58 20 58            DB "O XX XX",TAB,TAB,"I/O OUTPUT",CR
                    58 09 09 49 2F 4F 
                    20 4F 55 54 50 55 
                    54 0D 
     850/     595 : 4C 20 09 09 49 4E            DB "L ",TAB,TAB,"INTEL HEX LOAD",CR
                    54 45 4C 20 48 45 
                    58 20 4C 4F 41 44 
                    0D 
     851/     5A8 : 48 20 09 09 48 45            DB "H ",TAB,TAB,"HELP MESSGAE",CR
                    4C 50 20 4D 45 53 
                    53 47 41 45 0D 
     852/     5B9 : 56 20 09 09 56 45            DB "V ",TAB,TAB,"VERSION INFOMATION",CR,0
                    52 53 49 4F 4E 20 
                    49 4E 46 4F 4D 41 
                    54 49 4F 4E 0D 00 
     853/     5D1 : 07 2A 2A 20 50 41   PARAM_ERRMSG DB BEEP,"** PARAMETER ERR",CR,0
                    52 41 4D 45 54 45 
                    52 20 45 52 52 0D 
                    00 
     854/     5E4 : 07 2A 2A 20 4D 45   ABORT_MSG DB BEEP,"** MEM DUMP ABORTED END",CR,0
 AS V1.42 Beta [Bld 137] - source file Z80mon.asm - page 16 - 2019/05/29 20時26分55秒


                    4D 20 44 55 4D 50 
                    20 41 42 4F 52 54 
                    45 44 20 45 4E 44 
                    0D 00 
     855/     5FE : 07 2A 2A 20 43 48   CHECKSUM_ERRMSG DB BEEP,"** CHECKSUM ERROR",CR,0
                    45 43 4B 53 55 4D 
                    20 45 52 52 4F 52 
                    0D 00 
     856/     612 : 0D 3F 0D 00         HATENA_MSG DB CR,"?",CR,0
     857/     616 :                     
     858/     616 :                     ;
     859/     616 :                     ;
     860/     616 :                     ;------------------------------------------------------------------------------
     861/     616 :                     ; デバイス依存ルーチン (deviceディレクトリに配置)
     862/     616 :                     ;------------------------------------------------------------------------------
     863/     616 : =>UNDEFINED         	IFDEF MC6850
     864/     616 :                     	  include "device/KZ80_6850.asm"
     865/     616 : [863]               	ENDIF
     866/     616 :                     
     867/     616 : =>UNDEFINED         	IFDEF SBC8080SUB
     868/     616 :                     	  include "device/SBC8080SUB.asm" 
     869/     616 : [867]               	ENDIF
     870/     616 :                     
     871/     616 : =>UNDEFINED         	IFDEF KZ80
     872/     616 :                     	  include "device/KZ80_8251.asm"
     873/     616 : [871]               	ENDIF
     874/     616 :                     
     875/     616 : =>DEFINED           	IFDEF i8259_8254
     876/     616 :                     	  include "device/KZ80_8259_8254.asm"
(1)    1/     616 :                     ;
(1)    2/     616 :                     ; KZ80_IOBv2用 モジュール
(1)    3/     616 :                     ;    割り込み  8259
(1)    4/     616 :                     ;    タイマー  8254
(1)    5/     616 :                     ;    シリアル　8251x1
(1)    6/     616 :                     ;    パラレル  8255x1
(1)    7/     616 :                     ;--------------------------------------------------------
(1)    8/     616 :                     ; 以下のルーチンはSBC8080データパックのASMソースを参考にさせていただきました。
(1)    9/     616 :                     ;  SERINT 	8251シリアル割り込みルーチン
(1)   10/     616 :                     ;  CIN		シリアル1文字入力ルーチン
(1)   11/     616 :                     ;  COUT		シリアル1文字出力ルーチン
(1)   12/     616 :                     ;  CKINCHAR	シリアルバッファチェックルーチン
(1)   13/     616 :                     
(1)   14/     616 : =0H                 UARTRD	EQU	00H
(1)   15/     616 : =1H                 UARTRC	EQU	01H
(1)   16/     616 :                     ;
(1)   17/     616 : =10H                PICRC	EQU	10h
(1)   18/     616 : =11H                PICRD	EQU	11h
(1)   19/     616 :                     ;
(1)   20/     616 : =18H                PIT_C0	EQU 18h
(1)   21/     616 : =19H                PIT_C1	EQU 19h
(1)   22/     616 : =1AH                PIT_C2	EQU 1Ah
(1)   23/     616 : =1BH                PIT_CWR	EQU 1Bh
(1)   24/     616 :                     ;
(1)   25/     616 : =7530H              PIT_TIMER_INIT EQU 30000
(1)   26/     616 :                     ;
(1)   27/     616 :                     ;
(1)   28/     616 : =3FH                BUFSIZ	EQU	3FH
(1)   29/     616 : =30H                BUFFUL	EQU	30H
(1)   30/     616 : =5H                 BUFEMP	EQU	5
(1)   31/     616 :                     ;
 AS V1.42 Beta [Bld 137] - source file Z80mon.asm(KZ80_8259_8254.asm) - page 17 - 2019/05/29 20時26分55秒


(1)   32/     616 : =17H                RTSHIG	EQU	00010111B
(1)   33/     616 : =37H                RTSLOW	EQU	00110111B
(1)   34/     616 :                     
(1)   35/     616 :                     ;------------------------------------------------------------------------------
(1)   36/     616 :                     ; 8251割り込みルーチン
(1)   37/     616 :                     ;------------------------------------------------------------------------------
(1)   38/     616 : F5                  SERINT:	PUSH	AF
(1)   39/     617 : E5                  	PUSH	HL
(1)   40/     618 : DB 01               	IN	A,(UARTRC)
(1)   41/     61A : E6 02               	AND	00000010B
(1)   42/     61C : CA 50 06            	JP	Z,RTS0
(1)   43/     61F : DB 00               	IN	A,(UARTRD)
(1)   44/     621 : F5                  	PUSH	AF
(1)   45/     622 : 3A 65 40            	LD	A,(SERCNT)
(1)   46/     625 : FE 3F               	CP	BUFSIZ
(1)   47/     627 : C2 2E 06            	JP	NZ,NOTFUL
(1)   48/     62A : F1                  	POP	AF
(1)   49/     62B : C3 50 06            	JP	RTS0
(1)   50/     62E : 2A 61 40            NOTFUL:	LD	HL,(SERINP)
(1)   51/     631 : 23                  	INC	HL
(1)   52/     632 : 7D                  	LD	A,L
(1)   53/     633 : FE 61               	CP	SERINP & 0FFH
(1)   54/     635 : C2 3B 06            	JP	NZ,NOTWRP
(1)   55/     638 : 21 22 40            	LD	HL,SERBUF
(1)   56/     63B : 22 61 40            NOTWRP:	LD	(SERINP),HL
(1)   57/     63E : F1                  	POP	AF
(1)   58/     63F : 77                  	LD	(HL),A
(1)   59/     640 : 3A 65 40            	LD	A,(SERCNT)
(1)   60/     643 : 3C                  	INC	A
(1)   61/     644 : 32 65 40            	LD	(SERCNT),A
(1)   62/     647 : FE 30               	CP	BUFFUL
(1)   63/     649 : DA 50 06            	JP	C,RTS0
(1)   64/     64C : 3E 17               	LD	A,RTSHIG
(1)   65/     64E : D3 01               	OUT	(UARTRC),A
(1)   66/     650 :                     RTS0:
(1)   67/     650 : 3E 20               	LD A,00100000b
(1)   68/     652 : D3 10               	OUT (PICRC),A	
(1)   69/     654 : E1                  	POP	HL
(1)   70/     655 : F1                  	POP	AF
(1)   71/     656 :                     
(1)   72/     656 : FB                  	EI
(1)   73/     657 : C9                  	RET
(1)   74/     658 :                     
(1)   75/     658 :                     ;------------------------------------------------------------------------------
(1)   76/     658 :                     ; 1文字入力(バッファから)
(1)   77/     658 :                     ;------------------------------------------------------------------------------
(1)   78/     658 :                     CIN:
(1)   79/     658 : 3A 65 40            	LD	A,(SERCNT)
(1)   80/     65B : FE 00               	CP	00H
(1)   81/     65D : CA 58 06            	JP	Z,CIN
(1)   82/     660 : E5                  	PUSH	HL
(1)   83/     661 : 2A 63 40            	LD	HL,(SERRDP)
(1)   84/     664 : 23                  	INC	HL
(1)   85/     665 : 7D                  	LD	A,L
(1)   86/     666 : FE 61               	CP	SERINP & 0FFH
(1)   87/     668 : C2 6E 06            	JP	NZ,NRWRAP
(1)   88/     66B : 21 22 40            	LD	HL,SERBUF
(1)   89/     66E : F3                  NRWRAP:	DI
(1)   90/     66F : 22 63 40            	LD	(SERRDP),HL
(1)   91/     672 : 3A 65 40            	LD	A,(SERCNT)
 AS V1.42 Beta [Bld 137] - source file Z80mon.asm(KZ80_8259_8254.asm) - page 18 - 2019/05/29 20時26分55秒


(1)   92/     675 : 3D                  	DEC	A
(1)   93/     676 : 32 65 40            	LD	(SERCNT),A
(1)   94/     679 : FE 05               	CP	BUFEMP
(1)   95/     67B : D2 82 06            	JP	NC,RTS1
(1)   96/     67E : 3E 37               	LD	A,RTSLOW
(1)   97/     680 : D3 01               	OUT	(UARTRC),A
(1)   98/     682 : 7E                  RTS1:	LD	A,(HL)
(1)   99/     683 : FB                  	EI
(1)  100/     684 : E1                  	POP	HL
(1)  101/     685 : C9                  	RET	
(1)  102/     686 :                     
(1)  103/     686 :                     ;------------------------------------------------------------------------------
(1)  104/     686 :                     ; 1文字出力
(1)  105/     686 :                     ;------------------------------------------------------------------------------
(1)  106/     686 : F5                  COUT:		PUSH	AF
(1)  107/     687 : DB 01               COUT1:	IN	A,(UARTRC)
(1)  108/     689 : E6 01               	AND	01H     
(1)  109/     68B : CA 87 06            	JP	Z,COUT1
(1)  110/     68E : F1                  	POP	AF
(1)  111/     68F : D3 00               	OUT	(UARTRD),A
(1)  112/     691 : C9                  	RET
(1)  113/     692 :                     
(1)  114/     692 :                     ;------------------------------------------------------------------------------
(1)  115/     692 :                     ; 入力バッファチェック
(1)  116/     692 :                     ;------------------------------------------------------------------------------
(1)  117/     692 : 3A 65 40            CKINCHAR	LD	A,(SERCNT)
(1)  118/     695 : FE 00               	CP	00H
(1)  119/     697 : C9                  	RET
(1)  120/     698 :                     
(1)  121/     698 :                     ;------------------------------------------------------------------------------
(1)  122/     698 :                     ; PIT 8254 割り込み処理
(1)  123/     698 :                     ;------------------------------------------------------------------------------
(1)  124/     698 :                     ; PIT1
(1)  125/     698 :                     INT_VECTOR4_RTN:
(1)  126/     698 : F5                  	PUSH AF
(1)  127/     699 : E5                  	PUSH HL
(1)  128/     69A : CD C1 06            	CALL PIT_C1_INIT
(1)  129/     69D : 18 05               	JR PIT_INT_EXIT
(1)  130/     69F :                     ; PIT0
(1)  131/     69F :                     INT_VECTOR5_RTN:
(1)  132/     69F : F5                  	PUSH AF
(1)  133/     6A0 : E5                  	PUSH HL
(1)  134/     6A1 : CD B3 06            	CALL PIT_C0_INIT
(1)  135/     6A4 :                     ;
(1)  136/     6A4 :                     PIT_INT_EXIT:
(1)  137/     6A4 : 3E 20               	LD A,00100000b
(1)  138/     6A6 : D3 10               	OUT (PICRC),A
(1)  139/     6A8 : E1                  	POP HL
(1)  140/     6A9 : F1                  	POP AF
(1)  141/     6AA : FB                  	EI
(1)  142/     6AB : C9                  	RET
(1)  143/     6AC :                     ;------------------------------------------------------------------------------
(1)  144/     6AC :                     ; PIT 8254 初期化
(1)  145/     6AC :                     ;------------------------------------------------------------------------------
(1)  146/     6AC :                     PIT_INIT:
(1)  147/     6AC :                     ; COUNTER INIT 
(1)  148/     6AC : CD B3 06            	CALL PIT_C0_INIT
(1)  149/     6AF : CD C1 06            	CALL PIT_C1_INIT
(1)  150/     6B2 : C9                  	RET
(1)  151/     6B3 :                     ;
 AS V1.42 Beta [Bld 137] - source file Z80mon.asm(KZ80_8259_8254.asm) - page 19 - 2019/05/29 20時26分55秒


(1)  152/     6B3 :                     ; PIT TIMER SET
(1)  153/     6B3 :                     ;
(1)  154/     6B3 :                     PIT_C0_INIT:
(1)  155/     6B3 : 2A 20 40            	LD HL,(TIMER_COUNT)
(1)  156/     6B6 : 3E 30               	LD A,00110000b
(1)  157/     6B8 : D3 1B               	OUT (PIT_CWR),A
(1)  158/     6BA : 7C                  	LD A,H
(1)  159/     6BB : D3 18               	OUT (PIT_C0),A
(1)  160/     6BD : 7D                  	LD A,L
(1)  161/     6BE : D3 18               	OUT (PIT_C0),A
(1)  162/     6C0 : C9                  	RET
(1)  163/     6C1 :                     ;
(1)  164/     6C1 :                     PIT_C1_INIT:
(1)  165/     6C1 : 2A 20 40            	LD HL,(TIMER_COUNT)
(1)  166/     6C4 : 3E 70               	LD A,01110000b
(1)  167/     6C6 : D3 1B               	OUT (PIT_CWR),A
(1)  168/     6C8 : 7C                  	LD A,H
(1)  169/     6C9 : D3 19               	OUT (PIT_C1),A
(1)  170/     6CB : 7D                  	LD A,L
(1)  171/     6CC : D3 19               	OUT (PIT_C1),A
(1)  172/     6CE : C9                  	RET
(1)  173/     6CF :                     
(1)  174/     6CF :                     ;------------------------------------------------------------------------------
(1)  175/     6CF :                     ; 初期化
(1)  176/     6CF :                     ;------------------------------------------------------------------------------
(1)  177/     6CF :                     INIT:		
(1)  178/     6CF : 31 CA 40                LD  SP,STACK
(1)  179/     6D2 :                     ; Intrrupt VECTOR SET
(1)  180/     6D2 : 21 10 07            	LD HL,HOOKAREA
(1)  181/     6D5 : 11 00 40            	LD DE,RST00HOOK
(1)  182/     6D8 : 01 20 00            	LD BC,32
(1)  183/     6DB : ED B0               	LDIR
(1)  184/     6DD :                     ;
(1)  185/     6DD : 21 22 40            	LD	HL,SERBUF
(1)  186/     6E0 : 22 61 40            	LD	(SERINP),HL
(1)  187/     6E3 : 22 63 40            	LD	(SERRDP),HL
(1)  188/     6E6 : AF                  	XOR	A
(1)  189/     6E7 : 32 65 40            	LD	(SERCNT),A
(1)  190/     6EA : D3 01               	OUT	(UARTRC),A
(1)  191/     6EC : D3 01               	OUT	(UARTRC),A
(1)  192/     6EE : D3 01               	OUT	(UARTRC),A
(1)  193/     6F0 : 3E 40               	LD	A,01000000B
(1)  194/     6F2 : D3 01               	OUT	(UARTRC),A
(1)  195/     6F4 : 3E 4E               	LD	A,01001110B
(1)  196/     6F6 : D3 01               	OUT	(UARTRC),A
(1)  197/     6F8 : 3E 37               	LD	A,RTSLOW
(1)  198/     6FA : D3 01               	OUT	(UARTRC),A
(1)  199/     6FC :                     ;
(1)  200/     6FC :                     ; 8259 INIT
(1)  201/     6FC : 3E 12               	LD A,00010010b
(1)  202/     6FE : D3 10               	OUT (PICRC),A
(1)  203/     700 : AF                  	XOR A
(1)  204/     701 : D3 11               	OUT (PICRD),A
(1)  205/     703 :                     ; 
(1)  206/     703 :                     ; 8254 INIT
(1)  207/     703 : 21 30 75            	LD HL,PIT_TIMER_INIT
(1)  208/     706 : 22 20 40            	LD (TIMER_COUNT),HL
(1)  209/     709 : CD AC 06            	CALL PIT_INIT
(1)  210/     70C :                     ;
(1)  211/     70C : FB                  	EI
 AS V1.42 Beta [Bld 137] - source file Z80mon.asm(KZ80_8259_8254.asm) - page 20 - 2019/05/29 20時26分55秒


(1)  212/     70D :                     ;
(1)  213/     70D : C3 00 01                JP MAIN
(1)  214/     710 :                     ;
(1)  215/     710 :                     ;------------------------------------------------------------------------------
(1)  216/     710 :                     HOOKAREA: 
(1)  217/     710 :                     ; RST00
(1)  218/     710 : C3                  	DB 0C3h
(1)  219/     711 : CF 06               	DW INIT
(1)  220/     713 : 00                  	DB 00H
(1)  221/     714 :                     ; RST08
(1)  222/     714 : C3                  	DB 0C3h
(1)  223/     715 : 86 06               	DW COUT
(1)  224/     717 : 00                  	DB 00H
(1)  225/     718 :                     ; RST10
(1)  226/     718 : C3                  	DB 0C3h
(1)  227/     719 : 58 06               	DW CIN
(1)  228/     71B : 00                  	DB 00H
(1)  229/     71C :                     ; RST18
(1)  230/     71C : C3                  	DB 0C3h
(1)  231/     71D : 92 06               	DW CKINCHAR
(1)  232/     71F : 00                  	DB 00H
(1)  233/     720 :                     ; RST20
(1)  234/     720 : C3                  	DB 0C3h
(1)  235/     721 : 98 06               	DW INT_VECTOR4_RTN
(1)  236/     723 : 00                  	DB 00H
(1)  237/     724 :                     ; RST28
(1)  238/     724 : C3                  	DB 0C3h
(1)  239/     725 : 9F 06               	DW INT_VECTOR5_RTN
(1)  240/     727 : 00                  	DB 00H
(1)  241/     728 :                     ; RST30
(1)  242/     728 : C3                  	DB 0C3h
(1)  243/     729 : 00 00               	DW 0000h
(1)  244/     72B : 00                  	DB 00H
(1)  245/     72C :                     ; RST38
(1)  246/     72C : C3                  	DB 0C3h
(1)  247/     72D : 16 06               	DW SERINT
(1)  248/     72F : 00                  	DB 00H
(1)  249/     730 :                     ;
(1)  250/     730 : =730H               DEVICE_END EQU $
(1)  251/     730 :                     ;
(1)  252/     730 :                     ; KZ80-1MSRAM用 RAM 4000h〜
(1)  253/     730 :                     ;
(1)  254/    4000 :                         ORG 4000h
(1)  255/    4000 :                     ;
(1)  256/    4000 :                     
(1)  257/    4000 :                     ;
(1)  258/    4000 :                     RST00HOOK DS 4
(1)  259/    4004 :                     RST08HOOK DS 4
(1)  260/    4008 :                     RST10HOOK DS 4
(1)  261/    400C :                     RST18HOOK DS 4
(1)  262/    4010 :                     RST20HOOK DS 4
(1)  263/    4014 :                     RST28HOOK DS 4
(1)  264/    4018 :                     RST30HOOK DS 4
(1)  265/    401C :                     RST38HOOK DS 4
(1)  266/    4020 :                     ;
(1)  267/    4020 :                     TIMER_COUNT DS 2
(1)  268/    4022 :                     ;
(1)  269/    4022 :                     SERBUF	DS	BUFSIZ
(1)  270/    4061 :                     SERINP	DS	2
(1)  271/    4063 :                     SERRDP	DS	2
 AS V1.42 Beta [Bld 137] - source file Z80mon.asm(KZ80_8259_8254.asm) - page 21 - 2019/05/29 20時26分55秒


(1)  272/    4065 :                     SERCNT	DS	1
(1)  273/    4066 :                     ;
(1)  274/    4066 : =4066H              DEVICE_RAM_END EQU $
(1)  275/    4066 :                     
(1)  276/    4066 :                     
     877/    4066 : [875]               	ENDIF
     878/    4066 :                     
     879/    4066 : =>UNDEFINED         	IFDEF SIO
     880/    4066 :                     	  include "device/KZ80_SIO.asm"
     881/    4066 : [879]               	ENDIF
     882/    4066 :                     
     883/    4066 :                     
     884/    4066 :                     ;
     885/    4066 :                     ;------------------------------------------------------------------------------
     886/    4066 :                     ; RAM バッファ & STACK
     887/    4066 :                     ;------------------------------------------------------------------------------
     888/    4066 :                     	ORG DEVICE_RAM_END
     889/    4066 :                     ;
     890/    4066 :                     INBUF   DS  60
     891/    40A2 : =3CH                INMAX   EQU  $-INBUF
     892/    40A2 :                     INEND   DS  1
     893/    40A3 :                     ;
     894/    40A3 :                     ARGC	DS	1
     895/    40A4 :                     ARGV_1	DS	2
     896/    40A6 :                     ARGV_2	DS	2
     897/    40A8 :                     ARGV_3	DS	2
     898/    40AA : =3H                 ARG_MAX	EQU ($-ARGV_1)/2
     899/    40AA : =7H                 ARG_AREA_LEN EQU $-ARGC
     900/    40AA :                     ;
     901/    40AA :                         	DS	32
     902/    40CA : =40CAH              STACK   EQU $
     903/    40CA :                     
 AS V1.42 Beta [Bld 137] - source file Z80mon.asm - page 22 - 2019/05/29 20時26分55秒


  symbol table (* = unused):
  ------------------------

 ABORT_MSG :                    5E4 C |  ADDR_OUT :                     2EE C |
*ARCHITECTURE :    x86_64-apple-osx - |  ARGC :                        40A3 C |
 ARGV_1 :                      40A4 C |  ARGV_2 :                      40A6 C |
*ARGV_3 :                      40A8 C |  ARG_AREA_LEN :                   7 - |
 ARG_MAX :                        3 - |  ASC16 :                        2D0 C |
 BEEP :                           7 - | *BIGENDIAN :                      0 - |
*BRANCHEXT :                      0 - |  BS :                             8 - |
 BSTXT :                        4E1 C |  BUFEMP :                         5 - |
 BUFFUL :                        30 - |  BUFSIZ :                        3F - |
*CASESENSITIVE :                  0 - |  CHECKSUM_ERRMSG :              5FE C |
 CIN :                          658 C |  CKINCHAR :                     692 C |
*CLS :                            C - |  CMD_TBL :                      487 C |
*CONSTPI :        3.141592653589793 - |  COUT :                         686 C |
 COUT1 :                        687 C |  CPRINT :                       1AE C |
 CR :                             D - |  CRLF_PRINT :                   1B4 C |
*CTRLC :                          3 - | *DATE :                  2019/05/29 - |
 DEL :                           7F - | *DEVICE_END :                   730 - |
 DEVICE_RAM_END :              4066 - |  DUMP16 :                       2FB C |
 DUMP_AT :                      30B C |  ESC :                           1B - |
*FALSE :                          0 - | *FULLPMMU :                       1 - |
 GETC :                         13E C | *HAS64 :                          1 - |
*HASDSP :                         0 - | *HASFPU :                         0 - |
*HASPMMU :                        0 - |  HATENA_MSG :                   612 C |
 HELP_MSG :                     4E5 C |  HELP_OUT :                     1DC C |
 HEX2BIN :                      23D C |  HEX2OUT :                      1BF C |
 HEX4BIN :                      26A C |  HEX4OUT :                      1F0 C |
 HOOKAREA :                     710 C | *I8259_8254 :                     1 - |
 INBUF :                       4066 C |  INEND :                       40A2 C |
*INEXTMODE :                      0 - |  INIT :                         6CF C |
*INLWORDMODE :                    0 - |  INMAX :                         3C - |
*INMAXMODE :                      0 - | *INSRCMODE :                      0 - |
*INSUPMODE :                      0 - |  INT_VECTOR4_RTN :              698 C |
 INT_VECTOR5_RTN :              69F C |  IO_IN :                        3C1 C |
 IO_OUT :                       3F3 C | *LF :                             A - |
*LISTON :                         1 - |  LOAD :                         436 C |
*MACEXP :                         7 - |  MAIN :                         100 C |
 MEM_CHANGE :                   321 C |  MEM_DUMP :                     278 C |
*MOMCPU :                        80 - | *MOMCPUNAME :                   Z80 - |
*NESTMAX :                      100 - |  NOTFUL :                       62E C |
 NOTWRP :                       63B C |  NRWRAP :                       66E C |
 NULL :                           0 - |  OPENMSG :                      4BE C |
*PACKING :                        0 - | *PADDING :                        1 - |
 PARAM_ERRMSG :                 5D1 C |  PARSER :                       1FB C |
 PGM_GO :                       399 C |  PICRC :                         10 - |
 PICRD :                         11 - |  PIT_C0 :                        18 - |
 PIT_C0_INIT :                  6B3 C |  PIT_C1 :                        19 - |
 PIT_C1_INIT :                  6C1 C | *PIT_C2 :                        1A - |
 PIT_CWR :                       1B - |  PIT_INIT :                     6AC C |
 PIT_INT_EXIT :                 6A4 C |  PIT_TIMER_INIT :              7530 - |
*RELAXED :                        0 - | *RST00 :                          0 C |
 RST00HOOK :                   4000 C | *RST08 :                          8 C |
 RST08HOOK :                   4004 C | *RST10 :                         10 C |
 RST10HOOK :                   4008 C | *RST18 :                         18 C |
 RST18HOOK :                   400C C | *RST20 :                         20 C |
 RST20HOOK :                   4010 C | *RST28 :                         28 C |
 RST28HOOK :                   4014 C | *RST30HOOK :                   4018 C |
*RST38 :                         38 C |  RST38HOOK :                   401C C |
 AS V1.42 Beta [Bld 137] - source file Z80mon.asm - page 23 - 2019/05/29 20時26分55秒


 RTS0 :                         650 C |  RTS1 :                         682 C |
 RTSHIG :                        17 - |  RTSLOW :                        37 - |
 SERBUF :                      4022 C |  SERCNT :                      4065 C |
 SERINP :                      4061 C |  SERINT :                       616 C |
 SERRDP :                      4063 C |  SPC :                           20 - |
 SPC_PRINT :                    1BB C |  STACK :                       40CA - |
 STRIN :                        148 C |  STRPR :                        1A5 C |
 STR_LEN :                      310 C |  TAB :                            9 - |
*TIME :                          20\-26\-10\-1226\-27\-12\-1255\-25\-89\-11 - |
 TIMER_COUNT :                 4020 C | *TRUE :                           1 - |
 UARTRC :                         1 - |  UARTRD :                         0 - |
 VERMSG :                       4A3 C |
 VERNAME :                                        KUNI-NET Z80 MONITOR v0.7 - |
*VERSION :                     142F - |  VERSION_OUT :                  1E1 C |
 _ABORT_DUMP :                  2CA C |  _ASC16_DOT :                   2E6 C |
 _ASC16_LOOP :                  2DB C |  _ASC16_PRINT :                 2E8 C |
 _ATOBIN :                      257 C |  _ATOBIN1 :                     267 C |
 _BS_RTN :                      189 C |  _BS_RTN2 :                     194 C |
 _CHAR_SET :                    17B C |  _CHECKSUM_ERROR :              480 C |
 _CMD_LOOP :                    115 C |  _DUMP16_LOOP :                 300 C |
 _DUMP_END_CHECK :              2BF C |  _DUMP_GO :                     2AA C |
 _DUMP_LOOP :                   2A2 C |  _ERROR_EXIT :                  130 C |
 _ESC_RTN :                     187 C |  _HATENA_OUT :                  389 C |
 _HEX2BIN_EXIT :                255 C |  _HEX_CNV_PR :                  1D4 C |
 _LOAD_EXIT :                   486 C |  _LOAD_START :                  439 C |
 _MAIN_LOOP :                   106 C |  _MEM_CHANGE_EXIT :             393 C |
 _MEM_CHANGE_LOOP :             341 C |  _MEM_LOAD :                    469 C |
*_MEM_LOAD_START :              466 C |  _NEXT_ADDR :                   383 C |
 _NEXT_CMD :                    128 C |  _PARAM_ERR :                   2C4 C |
 _PARAM_LOOP :                  22D C |  _PARSE_ERR :                   23B C |
 _PARSE_LOOP :                  211 C | *_PGM_EXEC :                    3A5 C |
 _PRINT_END :                   1E6 C |  _STRIN_END :                   1A1 C |
 _STRIN_LOOP :                  15B C |  _STR_LEN_EXIT :                31D C |
 _STR_LEN_LOOP :                314 C |  _WARN_BEEP :                   182 C |

    179 symbols
     45 unused symbols

 AS V1.42 Beta [Bld 137] - source file Z80mon.asm - page 24 - 2019/05/29 20時26分55秒


  codepages:
  ----------

STANDARD (0 changed characters)


0.02 seconds assembly time

   1179 lines source file
      2 passes
      0 errors
      0 warnings
