 AS V1.42 Beta [Bld 137] - source file Z80mon.asm - page 1 - 2019/05/26 15時07分08秒


       1/       0 :                     ;-----------------------------------------------------------------------
       2/       0 :                     ; Z80 Monitor KUNI-NET
       3/       0 :                     ;-----------------------------------------------------------------------
       4/       0 :                     
       5/       0 :                     
       6/       0 : =DH                 CR		EQU	0DH
       7/       0 : =AH                 LF		EQU	0AH
       8/       0 : =1BH                ESC		EQU	1BH
       9/       0 : =3H                 CTRLC	EQU	03H
      10/       0 : =CH                 CLS		EQU	0CH
      11/       0 : =20H                SPC		EQU	20h
      12/       0 : =0H                 NULL	EQU 00h
      13/       0 : =7H                 BEEP	EQU 07h
      14/       0 : =8H                 BS		EQU 08h
      15/       0 : =9H                 TAB		EQU 09h
      16/       0 : =7FH                DEL		EQU 7Fh
      17/       0 :                     
      18/       0 :                     
      19/       0 : =>UNDEFINED            IFNDEF i8259_8254
      20/       0 :                     		ORG	0000h
      21/       0 :                     ;------------------------------------------------------------------------------
      22/       0 :                     ; RST00 リセット
      23/       0 :                     ;------------------------------------------------------------------------------
      24/       0 : F3                  RST00		DI		
      25/       1 : C3 94 06            		JP	INIT	
      26/       4 :                     
      27/       4 :                     ;------------------------------------------------------------------------------
      28/       4 :                     ; RST08 1文字送信
      29/       4 :                     ;------------------------------------------------------------------------------
      30/       8 :                     	ORG	0008H
      31/       8 : C3 82 06            RST08		JP	COUT
      32/       B :                     
      33/       B :                     ;------------------------------------------------------------------------------
      34/       B :                     ; RST10 1文字受信
      35/       B :                     ;------------------------------------------------------------------------------
      36/      10 :                     	ORG	0010H
      37/      10 : C3 54 06            RST10		JP	CIN
      38/      13 :                     
      39/      13 :                     ;------------------------------------------------------------------------------
      40/      13 :                     ; RST18 入力バッファチェック
      41/      13 :                     ;------------------------------------------------------------------------------
      42/      18 :                     	ORG	0018H
      43/      18 : C3 8E 06            RST18		JP	CKINCHAR
      44/      1B :                     
      45/      1B :                     ;------------------------------------------------------------------------------
      46/      1B :                     ; RST38 シリアル割り込みルーチン
      47/      1B :                     ;------------------------------------------------------------------------------
      48/      38 :                     	ORG	0038H
      49/      38 : C3 16 06            RST38:	JP	SERINT 
      50/      3B :                     ;
      51/      3B :                     ;
      52/      3B : [19]                   ENDIF
      53/      3B :                     
      54/      3B : =>UNDEFINED            IFDEF i8259_8254
      55/      3B :                     		ORG	0000h
      56/      3B :                     ;------------------------------------------------------------------------------
      57/      3B :                     ; RST00 リセット
      58/      3B :                     ;------------------------------------------------------------------------------
      59/      3B :                     RST00		DI		
      60/      3B :                     		JP	INIT	
 AS V1.42 Beta [Bld 137] - source file Z80mon.asm - page 2 - 2019/05/26 15時07分08秒


      61/      3B :                     
      62/      3B :                     ;------------------------------------------------------------------------------
      63/      3B :                     ; RST08 1文字送信
      64/      3B :                     ;------------------------------------------------------------------------------
      65/      3B :                     	ORG	0008H
      66/      3B :                     RST08		JP	RST08HOOK
      67/      3B :                     
      68/      3B :                     ;------------------------------------------------------------------------------
      69/      3B :                     ; RST10 1文字受信
      70/      3B :                     ;------------------------------------------------------------------------------
      71/      3B :                     	ORG	0010H
      72/      3B :                     RST10		JP	RST10HOOK
      73/      3B :                     
      74/      3B :                     ;------------------------------------------------------------------------------
      75/      3B :                     ; RST18 入力バッファチェック
      76/      3B :                     ;------------------------------------------------------------------------------
      77/      3B :                     	ORG	0018H
      78/      3B :                     RST18		JP	RST18HOOK
      79/      3B :                     
      80/      3B :                     ;------------------------------------------------------------------------------
      81/      3B :                     ; RST20 PIT1 INT
      82/      3B :                     ;------------------------------------------------------------------------------
      83/      3B :                     	ORG	0020H
      84/      3B :                     RST20		JP	RST20HOOK
      85/      3B :                     
      86/      3B :                     ;------------------------------------------------------------------------------
      87/      3B :                     ; RST28 PIT0 INT
      88/      3B :                     ;------------------------------------------------------------------------------
      89/      3B :                     	ORG	0028H
      90/      3B :                     RST28		JP	RST28HOOK
      91/      3B :                     
      92/      3B :                     ;------------------------------------------------------------------------------
      93/      3B :                     ; RST38 シリアル割り込みルーチン
      94/      3B :                     ;------------------------------------------------------------------------------
      95/      3B :                     	ORG	0038H
      96/      3B :                     RST38:	JP	RST38HOOK 
      97/      3B :                     ;
      98/      3B :                     ;
      99/      3B : [54]                   ENDIF
     100/      3B :                     
     101/     100 :                     	ORG 0100h
     102/     100 :                     
     103/     100 :                     ;==============================================================================
     104/     100 :                     
     105/     100 :                     ;--------------------------------------------------------------------------------
     106/     100 :                     ; メイン
     107/     100 :                     ;--------------------------------------------------------------------------------
     108/     100 :                     MAIN:
     109/     100 : 21 BE 04                LD HL,OPENMSG
     110/     103 : CD A5 01                CALL STRPR
     111/     106 :                     _MAIN_LOOP:
     112/     106 : 21 06 01            	LD HL,_MAIN_LOOP
     113/     109 : E5                  	PUSH HL
     114/     10A :                     ;
     115/     10A : 3E 3E                   LD A,'>'
     116/     10C : CF                      RST 08h
     117/     10D : DD 21 87 04             LD IX,CMD_TBL
     118/     111 : CD 3E 01            	CALL GETC
     119/     114 : CF                      RST 08H
     120/     115 :                     ;
 AS V1.42 Beta [Bld 137] - source file Z80mon.asm - page 3 - 2019/05/26 15時07分08秒


     121/     115 :                     _CMD_LOOP:
     122/     115 : F5                  	PUSH AF
     123/     116 : DD 7E 00                LD A,(IX+0)
     124/     119 : B7                  	OR A
     125/     11A : 28 14               	JR Z,_ERROR_EXIT
     126/     11C : 47                  	LD B,A
     127/     11D : F1                  	POP AF
     128/     11E : B8                      CP B
     129/     11F : 20 07               	JR NZ,_NEXT_CMD
     130/     121 : DD 6E 01                LD L,(IX+1)
     131/     124 : DD 66 02            	LD H,(IX+2)
     132/     127 : E9                  	JP (HL)
     133/     128 :                     ;
     134/     128 :                     _NEXT_CMD:
     135/     128 : DD 23               	INC IX
     136/     12A : DD 23               	INC IX
     137/     12C : DD 23               	INC IX
     138/     12E : 18 E5               	JR _CMD_LOOP
     139/     130 :                     ;;
     140/     130 :                     _ERROR_EXIT
     141/     130 : F1                  	POP AF
     142/     131 : CD B4 01            	CALL CRLF_PRINT
     143/     134 : 21 12 06            	LD HL,HATENA_MSG
     144/     137 : CD A5 01            	CALL STRPR
     145/     13A : CD B4 01            	CALL CRLF_PRINT
     146/     13D : C9                  	RET
     147/     13E :                     
     148/     13E :                     
     149/     13E :                     ;------------------------------------------------------------------------------
     150/     13E :                     ; 1文字入力 英字大文字対応
     151/     13E :                     ;------------------------------------------------------------------------------
     152/     13E :                     GETC:
     153/     13E : D7                      RST 10h
     154/     13F : FE 61                   CP 'a'
     155/     141 : F8                      RET M
     156/     142 : FE 7B                   CP 'z'+1
     157/     144 : F0                      RET P
     158/     145 : D6 20                   SUB A,20H
     159/     147 : C9                      RET
     160/     148 :                     
     161/     148 :                     ;------------------------------------------------------------------------------
     162/     148 :                     ; 文字列入力 エコーバックつき
     163/     148 :                     ;------------------------------------------------------------------------------
     164/     148 :                     STRIN:
     165/     148 :                     ; INBUF クリア
     166/     148 : 3E 00                   LD A,00H
     167/     14A : 32 44 80                LD (INBUF),A
     168/     14D : 21 44 80                LD HL,INBUF
     169/     150 : 11 45 80                LD DE,INBUF+1
     170/     153 : 01 3C 00                LD BC,INMAX
     171/     156 : ED B0                   LDIR
     172/     158 :                     ;
     173/     158 : 21 44 80                LD HL,INBUF
     174/     15B :                     ;
     175/     15B :                     _STRIN_LOOP:
     176/     15B : CD 3E 01                CALL GETC
     177/     15E : FE 0D                   CP 0Dh
     178/     160 : 28 3F                   JR Z,_STRIN_END
     179/     162 : FE 08                   CP BS
     180/     164 : 28 23                   JR Z,_BS_RTN
 AS V1.42 Beta [Bld 137] - source file Z80mon.asm - page 4 - 2019/05/26 15時07分08秒


     181/     166 : FE 7F               	CP DEL
     182/     168 : 28 1F                   JR Z,_BS_RTN
     183/     16A : FE 1B               	CP ESC
     184/     16C : 28 19               	JR Z,_ESC_RTN
     185/     16E :                     ;
     186/     16E :                     ; バッファENDにきた?
     187/     16E : 47                  	LD B,A
     188/     16F : 11 80 80            	LD DE,INEND
     189/     172 : 7A                  	LD A,D
     190/     173 : BC                  	CP H
     191/     174 : 20 05               	JR NZ,_CHAR_SET
     192/     176 : 7B                  	LD A,E
     193/     177 : BD                  	CP L
     194/     178 : 28 08               	JR Z,_WARN_BEEP
     195/     17A : 78                  	LD A,B
     196/     17B :                     _CHAR_SET:
     197/     17B : 77                      LD (HL),A
     198/     17C : 23                      INC HL
     199/     17D : CD AE 01                call CPRINT
     200/     180 : 18 D9                   JR _STRIN_LOOP
     201/     182 :                     ;
     202/     182 :                     _WARN_BEEP:
     203/     182 : 3E 07               	LD A,BEEP
     204/     184 : CF                  	RST 08h
     205/     185 : 18 D4                   JR _STRIN_LOOP
     206/     187 :                     ;
     207/     187 :                     _ESC_RTN:
     208/     187 : 3F                  	CCF
     209/     188 : C9                  	RET
     210/     189 :                     ;
     211/     189 :                     _BS_RTN:
     212/     189 : 11 44 80            	LD DE,INBUF
     213/     18C : 7A                  	LD A,D
     214/     18D : BC                  	CP H
     215/     18E : 20 04               	JR NZ,_BS_RTN2
     216/     190 : 7B                  	LD A,E
     217/     191 : BD                  	CP L
     218/     192 : 28 EE               	JR Z,_WARN_BEEP
     219/     194 :                     ;
     220/     194 :                     _BS_RTN2:
     221/     194 : E5                      PUSH HL
     222/     195 : 21 E1 04                LD HL,BSTXT
     223/     198 : CD A5 01                CALL STRPR
     224/     19B : E1                      POP HL
     225/     19C : 2B                      DEC HL
     226/     19D : 36 00                   LD (HL),00h
     227/     19F : 18 BA                   JR _STRIN_LOOP
     228/     1A1 :                     ;
     229/     1A1 :                     _STRIN_END:
     230/     1A1 : CD B4 01                CALL CRLF_PRINT
     231/     1A4 : C9                      RET
     232/     1A5 :                     
     233/     1A5 :                     ;------------------------------------------------------------------------------
     234/     1A5 :                     ; 文字列出力
     235/     1A5 :                     ;------------------------------------------------------------------------------
     236/     1A5 :                     STRPR:
     237/     1A5 : 7E                      LD A,(HL)
     238/     1A6 : B7                      OR A
     239/     1A7 : C8                      RET Z
     240/     1A8 : CD AE 01                CALL CPRINT
 AS V1.42 Beta [Bld 137] - source file Z80mon.asm - page 5 - 2019/05/26 15時07分08秒


     241/     1AB : 23                      INC HL
     242/     1AC : 18 F7                   JR STRPR
     243/     1AE :                     
     244/     1AE :                     ;------------------------------------------------------------------------------
     245/     1AE :                     ; 文字出力 (CRLF対応)
     246/     1AE :                     ; IN: A - キャラクタ
     247/     1AE :                     ; RET: なし
     248/     1AE :                     ;------------------------------------------------------------------------------
     249/     1AE :                     CPRINT:
     250/     1AE : FE 0D                   CP 0Dh
     251/     1B0 : 28 02                   JR Z,CRLF_PRINT
     252/     1B2 : CF                      RST 08h
     253/     1B3 : C9                      RET
     254/     1B4 :                     
     255/     1B4 :                     ;------------------------------------------------------------------------------
     256/     1B4 :                     ; CRLF出力 (CRLF対応)
     257/     1B4 :                     ;------------------------------------------------------------------------------
     258/     1B4 :                     CRLF_PRINT:
     259/     1B4 : 3E 0D                   LD A,0DH
     260/     1B6 : CF                      RST 08H
     261/     1B7 : 3E 0A                   LD A,0AH
     262/     1B9 : CF                      RST 08h
     263/     1BA : C9                      RET
     264/     1BB :                     
     265/     1BB :                     ;------------------------------------------------------------------------------
     266/     1BB :                     ; ブランク出力 
     267/     1BB :                     ;------------------------------------------------------------------------------
     268/     1BB :                     SPC_PRINT:
     269/     1BB : 3E 20                   LD A,SPC
     270/     1BD : CF                      RST 08H
     271/     1BE : C9                      RET
     272/     1BF :                     
     273/     1BF :                     ;------------------------------------------------------------------------------
     274/     1BF :                     ; Hex2桁出力
     275/     1BF :                     ;------------------------------------------------------------------------------
     276/     1BF :                     HEX2OUT:
     277/     1BF : C5                  	PUSH BC
     278/     1C0 : 47                  	LD B,A
     279/     1C1 : CB 3F               	SRL A
     280/     1C3 : CB 3F               	SRL A
     281/     1C5 : CB 3F               	SRL A
     282/     1C7 : CB 3F               	SRL A
     283/     1C9 : CD D4 01            	CALL _HEX_CNV_PR
     284/     1CC : 78                  	LD A,B
     285/     1CD : E6 0F               	AND 0Fh
     286/     1CF : CD D4 01            	CALL _HEX_CNV_PR
     287/     1D2 : C1                  	POP BC
     288/     1D3 : C9                  	RET
     289/     1D4 :                     ;
     290/     1D4 :                     _HEX_CNV_PR:	
     291/     1D4 : C6 90               	ADD A,90h
     292/     1D6 : 27                  	DAA
     293/     1D7 : CE 40               	ADC	A,40h
     294/     1D9 : 27                  	DAA
     295/     1DA : CF                  	RST 08h
     296/     1DB : C9                  	RET
     297/     1DC :                     
     298/     1DC :                     ;================================================================================
     299/     1DC :                     ; ヘルプ出力
     300/     1DC :                     ;================================================================================
 AS V1.42 Beta [Bld 137] - source file Z80mon.asm - page 6 - 2019/05/26 15時07分08秒


     301/     1DC :                     HELP_OUT:
     302/     1DC : 21 E5 04                LD HL,HELP_MSG
     303/     1DF : 18 05               	JR _PRINT_END
     304/     1E1 :                     ;
     305/     1E1 :                     ;================================================================================
     306/     1E1 :                     ; バージョン出力
     307/     1E1 :                     ;================================================================================
     308/     1E1 :                     VERSION_OUT:
     309/     1E1 : 21 A3 04                LD HL,VERMSG
     310/     1E4 : 18 00               	JR _PRINT_END
     311/     1E6 :                     ;
     312/     1E6 :                     ;--------------------------------------------------------------------------------
     313/     1E6 :                     ; メッセージ出力してメインへリターン
     314/     1E6 :                     ;--------------------------------------------------------------------------------
     315/     1E6 :                     _PRINT_END:
     316/     1E6 : CD B4 01            	CALL CRLF_PRINT
     317/     1E9 : CD A5 01                CALL STRPR
     318/     1EC : CD B4 01            	CALL CRLF_PRINT
     319/     1EF : C9                      RET
     320/     1F0 :                     
     321/     1F0 :                     ;--------------------------------------------------------------------------------
     322/     1F0 :                     ; HEX4桁出力
     323/     1F0 :                     ;--------------------------------------------------------------------------------
     324/     1F0 :                     HEX4OUT:
     325/     1F0 : F5                  	PUSH AF
     326/     1F1 : 7C                  	LD A,H
     327/     1F2 : CD BF 01            	CALL HEX2OUT
     328/     1F5 : 7D                  	LD A,L
     329/     1F6 : CD BF 01            	CALL HEX2OUT
     330/     1F9 : F1                  	POP AF
     331/     1FA : C9                  	RET
     332/     1FB :                     
     333/     1FB :                     ;--------------------------------------------------------------------------------
     334/     1FB :                     ; 入力行パース
     335/     1FB :                     ;--------------------------------------------------------------------------------
     336/     1FB :                     PARSER:
     337/     1FB :                     ; 編集エリア初期化
     338/     1FB : 21 81 80            	LD HL,ARGC
     339/     1FE : 3E 00               	LD A,0
     340/     200 : 77                  	LD (HL),A
     341/     201 : 11 82 80            	LD DE,ARGC+1
     342/     204 : 01 06 00            	LD BC,ARG_AREA_LEN-1
     343/     207 : ED B0               	LDIR
     344/     209 :                     ; 入力パラメーター パース開始
     345/     209 : 4F                  	LD C,A
     346/     20A : 21 43 80            	LD HL,INBUF-1
     347/     20D : DD 21 82 80         	LD IX,ARGV_1
     348/     211 :                     ;
     349/     211 :                     _PARSE_LOOP:
     350/     211 : 23                  	INC HL
     351/     212 : 7E                  	LD A,(HL)
     352/     213 : FE 00               	CP NULL
     353/     215 : C8                  	RET Z
     354/     216 : FE 20               	CP SPC
     355/     218 : 28 F7               	JR Z,_PARSE_LOOP
     356/     21A : 0C                      INC C
     357/     21B : 79                  	LD A,C
     358/     21C : FE 04               	CP ARG_MAX+1
     359/     21E : 30 1B               	JR NC,_PARSE_ERR
     360/     220 : 32 81 80            	LD (ARGC),A
 AS V1.42 Beta [Bld 137] - source file Z80mon.asm - page 7 - 2019/05/26 15時07分08秒


     361/     223 : DD 75 00            	LD (IX+0),L
     362/     226 : DD 74 01            	LD (IX+1),H
     363/     229 : DD 23               	INC IX
     364/     22B : DD 23               	INC IX
     365/     22D :                     _PARAM_LOOP:
     366/     22D : 23                  	INC HL
     367/     22E : 7E                  	LD A,(HL)
     368/     22F : FE 00               	CP NULL
     369/     231 : C8                  	RET Z
     370/     232 : FE 20               	CP SPC
     371/     234 : 20 F7               	JR NZ,_PARAM_LOOP
     372/     236 : 3E 00               	LD A,NULL
     373/     238 : 77                  	LD (HL),A
     374/     239 : 18 D6               	JR _PARSE_LOOP
     375/     23B :                     ;
     376/     23B :                     _PARSE_ERR:
     377/     23B : 3F                  	CCF
     378/     23C : C9                  	RET
     379/     23D :                     
     380/     23D :                     ;--------------------------------------------------------------------------------
     381/     23D :                     ; HEX 2桁キャラクタ → Aレジスタ
     382/     23D :                     ;--------------------------------------------------------------------------------
     383/     23D :                     HEX2BIN:
     384/     23D : C5                  	PUSH BC
     385/     23E : 7E                  	LD A,(HL)
     386/     23F : CD 57 02            	CALL _ATOBIN
     387/     242 : 38 11               	JR C,_HEX2BIN_EXIT
     388/     244 : CB 27               	SLA A
     389/     246 : CB 27               	SLA A
     390/     248 : CB 27               	SLA A
     391/     24A : CB 27               	SLA A
     392/     24C : 47                  	LD B,A
     393/     24D : 23                  	INC HL
     394/     24E : 7E                  	LD A,(HL)
     395/     24F : CD 57 02            	CALL _ATOBIN
     396/     252 : 38 01               	JR C,_HEX2BIN_EXIT
     397/     254 : 80                  	ADD A,B
     398/     255 :                     _HEX2BIN_EXIT:
     399/     255 : C1                  	POP BC
     400/     256 : C9                  	RET
     401/     257 :                     ;
     402/     257 :                     _ATOBIN:
     403/     257 : FE 30               	CP '0'
     404/     259 : D8                  	RET C
     405/     25A : FE 3A               	CP '9'+1
     406/     25C : 38 09               	JR C,_ATOBIN1
     407/     25E : FE 41               	CP 'A'
     408/     260 : D8                  	RET C
     409/     261 : FE 47               	CP 'F'+1
     410/     263 : 3F                  	CCF
     411/     264 : D8                  	RET C
     412/     265 : C6 09               	ADD A,09H
     413/     267 :                     _ATOBIN1:
     414/     267 : E6 0F               	AND 0Fh
     415/     269 : C9                  	RET
     416/     26A :                     ;
     417/     26A :                     
     418/     26A :                     ;--------------------------------------------------------------------------------
     419/     26A :                     ; 4バイト16進数文字列→バイナリ(HL)へ
     420/     26A :                     ;--------------------------------------------------------------------------------
 AS V1.42 Beta [Bld 137] - source file Z80mon.asm - page 8 - 2019/05/26 15時07分08秒


     421/     26A :                     HEX4BIN:
     422/     26A : CD 3D 02            	CALL HEX2BIN
     423/     26D : D8                  	RET C
     424/     26E : 57                  	LD D,A
     425/     26F : 23                  	INC HL
     426/     270 : CD 3D 02            	CALL HEX2BIN
     427/     273 : D8                  	RET C
     428/     274 : 5F                  	LD E,A
     429/     275 : D5                  	PUSH DE
     430/     276 : E1                  	POP HL
     431/     277 : C9                  	RET
     432/     278 :                     ;
     433/     278 :                     ;================================================================================
     434/     278 :                     ; メモリーダンプ
     435/     278 :                     ;================================================================================
     436/     278 :                     MEM_DUMP:
     437/     278 : CD BB 01                CALL SPC_PRINT
     438/     27B :                     ;
     439/     27B : CD 48 01                CALL STRIN
     440/     27E : CD FB 01            	CALL PARSER
     441/     281 : 38 41               	JR C,_PARAM_ERR
     442/     283 :                     ; 入力パラメータ数チェック
     443/     283 : 3A 81 80            	LD A,(ARGC)
     444/     286 : FE 02               	CP 2
     445/     288 : 20 3A               	JR NZ,_PARAM_ERR
     446/     28A :                     ; 開始アドレス取得
     447/     28A : 2A 82 80            	LD HL,(ARGV_1)
     448/     28D : CD 6A 02            	CALL HEX4BIN
     449/     290 : 38 32               	JR C,_PARAM_ERR
     450/     292 : E5                  	PUSH HL
     451/     293 : DD E1               	POP IX
     452/     295 :                     ; 終了アドレス取得
     453/     295 : 2A 84 80            	LD HL,(ARGV_2)
     454/     298 : CD 6A 02            	CALL HEX4BIN
     455/     29B : 38 27               	JR C,_PARAM_ERR
     456/     29D : E5                  	PUSH HL
     457/     29E : D1                  	POP DE
     458/     29F : DD E5               	PUSH IX
     459/     2A1 : E1                  	POP HL
     460/     2A2 :                     ; ダンプ実施
     461/     2A2 :                     _DUMP_LOOP:
     462/     2A2 : DF                  	RST 18h
     463/     2A3 : 28 05               	JR Z,_DUMP_GO
     464/     2A5 : D7                  	RST 10h
     465/     2A6 : FE 1B               	CP ESC
     466/     2A8 : 28 20               	JR Z,_ABORT_DUMP
     467/     2AA :                     _DUMP_GO:
     468/     2AA : E5                  	PUSH HL
     469/     2AB : CD FB 02            	CALL DUMP16
     470/     2AE : E1                  	POP HL
     471/     2AF : CD D0 02            	CALL ASC16
     472/     2B2 : CD B4 01            	CALL CRLF_PRINT
     473/     2B5 :                     ; 終了判定
     474/     2B5 : 7A                  	LD A,D
     475/     2B6 : BC                  	CP H
     476/     2B7 : F8                  	RET M   ; メインループへ
     477/     2B8 : 7B                  	LD A,E
     478/     2B9 : BD                  	CP L
     479/     2BA : FA BF 02            	JP M,_DUMP_END_CHECK
     480/     2BD : 18 E3               	JR _DUMP_LOOP
 AS V1.42 Beta [Bld 137] - source file Z80mon.asm - page 9 - 2019/05/26 15時07分08秒


     481/     2BF :                     ;
     482/     2BF :                     _DUMP_END_CHECK:
     483/     2BF : 7A                  	LD A,D
     484/     2C0 : BC                  	CP H
     485/     2C1 : 20 DF               	JR NZ,_DUMP_LOOP
     486/     2C3 : C9                  	RET
     487/     2C4 :                     ;
     488/     2C4 :                     _PARAM_ERR:
     489/     2C4 : 21 D1 05            	LD HL,PARAM_ERRMSG
     490/     2C7 : C3 E6 01            	JP _PRINT_END
     491/     2CA :                     ;
     492/     2CA :                     _ABORT_DUMP:
     493/     2CA : 21 E4 05            	LD HL,ABORT_MSG
     494/     2CD : C3 E6 01            	JP _PRINT_END
     495/     2D0 :                     ;--------------------------------------------------------------------------------
     496/     2D0 :                     ; 16バイト分 ASCII出力
     497/     2D0 :                     ;--------------------------------------------------------------------------------
     498/     2D0 :                     ASC16:
     499/     2D0 : CD BB 01            	CALL SPC_PRINT
     500/     2D3 : 3E 3A               	LD A,':'
     501/     2D5 : CF                  	RST 08h
     502/     2D6 : CD BB 01            	CALL SPC_PRINT
     503/     2D9 : 0E 10               	LD C,10h
     504/     2DB :                     ;
     505/     2DB :                     _ASC16_LOOP:
     506/     2DB : 7E                  	LD A,(HL)
     507/     2DC : FE 20               	CP ' '
     508/     2DE : FA E6 02            	JP M,_ASC16_DOT
     509/     2E1 : FE 7F               	CP 7Fh
     510/     2E3 : FA E8 02            	JP M,_ASC16_PRINT
     511/     2E6 :                     _ASC16_DOT:
     512/     2E6 : 3E 2E               	LD A,'.'
     513/     2E8 :                     _ASC16_PRINT:
     514/     2E8 : CF                  	RST 08h	
     515/     2E9 : 23                  	INC HL
     516/     2EA : 0D                  	DEC C
     517/     2EB : C8                  	RET Z
     518/     2EC : 18 ED               	JR _ASC16_LOOP
     519/     2EE :                     
     520/     2EE :                     ;--------------------------------------------------------------------------------
     521/     2EE :                     ; アドレス部分出力
     522/     2EE :                     ;--------------------------------------------------------------------------------
     523/     2EE :                     ADDR_OUT:
     524/     2EE : CD F0 01            	CALL HEX4OUT
     525/     2F1 : CD BB 01            	CALL SPC_PRINT
     526/     2F4 : 3E 3A               	LD A,':'
     527/     2F6 : CF                  	RST 08h
     528/     2F7 : CD BB 01            	CALL SPC_PRINT
     529/     2FA : C9                  	RET
     530/     2FB :                     
     531/     2FB :                     ;--------------------------------------------------------------------------------
     532/     2FB :                     ; 16バイト分 HEXダンプ出力
     533/     2FB :                     ;--------------------------------------------------------------------------------
     534/     2FB :                     DUMP16:
     535/     2FB : CD EE 02            	CALL ADDR_OUT
     536/     2FE : 0E 10               	LD C,10h
     537/     300 :                     _DUMP16_LOOP:
     538/     300 : CD 0B 03            	CALL DUMP_AT
     539/     303 : CD BB 01            	CALL SPC_PRINT
     540/     306 : 23                  	INC HL
 AS V1.42 Beta [Bld 137] - source file Z80mon.asm - page 10 - 2019/05/26 15時07分08秒


     541/     307 : 0D                  	DEC C
     542/     308 : C8                  	RET Z
     543/     309 : 18 F5               	JR _DUMP16_LOOP
     544/     30B :                     
     545/     30B :                     ;--------------------------------------------------------------------------------
     546/     30B :                     ; 1バイト分 HEXダンプ出力
     547/     30B :                     ;--------------------------------------------------------------------------------
     548/     30B :                     DUMP_AT:
     549/     30B : 7E                  	LD A,(HL)
     550/     30C : CD BF 01            	CALL HEX2OUT
     551/     30F : C9                  	RET
     552/     310 :                     
     553/     310 :                     ;--------------------------------------------------------------------------------
     554/     310 :                     ; strlen
     555/     310 :                     ;--------------------------------------------------------------------------------
     556/     310 :                     STR_LEN:
     557/     310 : E5                  	PUSH HL
     558/     311 : C5                  	PUSH BC
     559/     312 : 0E 00               	LD C,0
     560/     314 :                     _STR_LEN_LOOP:
     561/     314 : 7E                  	LD A,(HL)
     562/     315 : FE 00               	CP NULL
     563/     317 : 28 04               	JR Z,_STR_LEN_EXIT
     564/     319 : 23                  	INC HL
     565/     31A : 0C                  	INC C
     566/     31B : 18 F7               	JR _STR_LEN_LOOP
     567/     31D :                     ;
     568/     31D :                     _STR_LEN_EXIT:
     569/     31D : 79                  	LD A,C
     570/     31E : C1                  	POP BC
     571/     31F : E1                  	POP HL
     572/     320 : C9                  	RET
     573/     321 :                     ;
     574/     321 :                     ;================================================================================
     575/     321 :                     ; メモリー変更コマンド
     576/     321 :                     ;================================================================================
     577/     321 :                     MEM_CHANGE:
     578/     321 : CD BB 01                CALL SPC_PRINT
     579/     324 :                     ;
     580/     324 : CD 48 01                CALL STRIN
     581/     327 : CD FB 01            	CALL PARSER
     582/     32A : 38 98               	JR C,_PARAM_ERR
     583/     32C :                     ;
     584/     32C :                     ; 入力パラメータ数チェック
     585/     32C : 3A 81 80            	LD A,(ARGC)
     586/     32F : FE 01               	CP 1
     587/     331 : 20 91               	JR NZ,_PARAM_ERR
     588/     333 :                     ;
     589/     333 :                     ; 開始アドレス取得
     590/     333 : 2A 82 80            	LD HL,(ARGV_1)
     591/     336 : CD 6A 02            	CALL HEX4BIN
     592/     339 : 38 89               	JR C,_PARAM_ERR
     593/     33B : E5                  	PUSH HL
     594/     33C : DD E1               	POP IX
     595/     33E :                     ;
     596/     33E : CD B4 01            	CALL CRLF_PRINT
     597/     341 :                     _MEM_CHANGE_LOOP:
     598/     341 : DD E5               	PUSH IX
     599/     343 : E1                  	POP HL
     600/     344 : CD EE 02            	CALL ADDR_OUT
 AS V1.42 Beta [Bld 137] - source file Z80mon.asm - page 11 - 2019/05/26 15時07分08秒


     601/     347 : DD 7E 00            	LD A,(IX+0)
     602/     34A : CD BF 01            	CALL HEX2OUT
     603/     34D : 3E 2D               	LD A,'-'
     604/     34F : CD AE 01            	CALL CPRINT
     605/     352 : DD E5               	PUSH IX
     606/     354 :                     ;
     607/     354 : CD 48 01                CALL STRIN
     608/     357 : DA 93 03            	JP C,_MEM_CHANGE_EXIT
     609/     35A : CD FB 01            	CALL PARSER
     610/     35D :                     ; 入力パラメータ数/レングスチェック
     611/     35D : 3A 81 80            	LD A,(ARGC)
     612/     360 : FE 00               	CP 0
     613/     362 : 28 1F               	JR Z,_NEXT_ADDR
     614/     364 : FE 01               	CP 1
     615/     366 : 20 21               	JR NZ,_HATENA_OUT
     616/     368 : 2A 82 80            	LD HL,(ARGV_1)
     617/     36B : CD 10 03            	CALL STR_LEN
     618/     36E : FE 02               	CP 2
     619/     370 : 20 17               	JR NZ,_HATENA_OUT
     620/     372 : 2A 82 80            	LD HL,(ARGV_1)
     621/     375 : CD 3D 02            	CALL HEX2BIN
     622/     378 : 38 0F               	JR C,_HATENA_OUT
     623/     37A : DD E1               	POP IX
     624/     37C : DD 77 00            	LD (IX+0),A
     625/     37F : DD 23               	INC IX
     626/     381 : 18 BE               	JR _MEM_CHANGE_LOOP
     627/     383 :                     ;
     628/     383 :                     _NEXT_ADDR:
     629/     383 : DD E1               	POP IX
     630/     385 : DD 23               	INC IX
     631/     387 : 18 B8               	JR _MEM_CHANGE_LOOP
     632/     389 :                     ;
     633/     389 :                     _HATENA_OUT:
     634/     389 : 21 12 06            	LD HL,HATENA_MSG
     635/     38C : CD A5 01            	CALL STRPR
     636/     38F : DD E1               	POP IX
     637/     391 : 18 AE               	JR _MEM_CHANGE_LOOP
     638/     393 :                     ;
     639/     393 :                     _MEM_CHANGE_EXIT:
     640/     393 : DD E1               	POP IX
     641/     395 : CD B4 01            	CALL CRLF_PRINT
     642/     398 : C9                  	RET ;ESCキーでメイン処理へ
     643/     399 :                     
     644/     399 :                     ;
     645/     399 :                     ;================================================================================
     646/     399 :                     ; プログラム実行(G)コマンド
     647/     399 :                     ;================================================================================
     648/     399 :                     PGM_GO:
     649/     399 : CD BB 01                CALL SPC_PRINT
     650/     39C :                     ;
     651/     39C : CD 48 01                CALL STRIN
     652/     39F : CD FB 01            	CALL PARSER
     653/     3A2 : DA C4 02            	JP C,_PARAM_ERR
     654/     3A5 :                     ;
     655/     3A5 :                     _PGM_EXEC:
     656/     3A5 :                     ;
     657/     3A5 :                     ; 実行アドレス取得
     658/     3A5 :                     ;
     659/     3A5 : 2A 82 80            	LD HL,(ARGV_1)
     660/     3A8 : CD 10 03            	CALL STR_LEN
 AS V1.42 Beta [Bld 137] - source file Z80mon.asm - page 12 - 2019/05/26 15時07分08秒


     661/     3AB : FE 04               	CP 4
     662/     3AD : C2 C4 02            	JP NZ,_PARAM_ERR
     663/     3B0 :                     ;
     664/     3B0 : 2A 82 80            	LD HL,(ARGV_1)
     665/     3B3 : CD 6A 02            	CALL HEX4BIN
     666/     3B6 : DA C4 02            	JP C,_PARAM_ERR
     667/     3B9 :                     ;
     668/     3B9 : 3A 81 80            	LD A,(ARGC)
     669/     3BC : 47                  	LD B,A			; ARGC
     670/     3BD : 11 82 80            	LD DE,ARGV_1		; ARGV
     671/     3C0 : E9                  	JP (HL)
     672/     3C1 :                     ;
     673/     3C1 :                     ;================================================================================
     674/     3C1 :                     ; I/O入力コマンド
     675/     3C1 :                     ;================================================================================
     676/     3C1 :                     IO_IN:
     677/     3C1 : CD BB 01                CALL SPC_PRINT
     678/     3C4 :                     ;
     679/     3C4 : CD 48 01                CALL STRIN
     680/     3C7 : CD FB 01            	CALL PARSER
     681/     3CA : DA C4 02            	JP C,_PARAM_ERR
     682/     3CD :                     ;
     683/     3CD :                     ; 入力パラメータ数チェック
     684/     3CD : 3A 81 80            	LD A,(ARGC)
     685/     3D0 : FE 01               	CP 1
     686/     3D2 : C2 C4 02            	JP NZ,_PARAM_ERR
     687/     3D5 :                     ;
     688/     3D5 :                     ; I/Oアドレス取得
     689/     3D5 : 2A 82 80            	LD HL,(ARGV_1)
     690/     3D8 : CD 10 03            	CALL STR_LEN
     691/     3DB : FE 02               	CP 2
     692/     3DD : C2 C4 02            	JP NZ,_PARAM_ERR
     693/     3E0 :                     ;
     694/     3E0 : 2A 82 80            	LD HL,(ARGV_1)
     695/     3E3 : CD 3D 02            	CALL HEX2BIN
     696/     3E6 : DA C4 02            	JP C,_PARAM_ERR
     697/     3E9 : 4F                  	LD C,A
     698/     3EA : ED 78               	IN A,(C)
     699/     3EC :                     ;
     700/     3EC : CD BF 01            	CALL HEX2OUT
     701/     3EF : CD B4 01            	CALL CRLF_PRINT
     702/     3F2 : C9                  	RET
     703/     3F3 :                     ;
     704/     3F3 :                     ;================================================================================
     705/     3F3 :                     ; I/O出力コマンド
     706/     3F3 :                     ;================================================================================
     707/     3F3 :                     IO_OUT:
     708/     3F3 : CD BB 01                CALL SPC_PRINT
     709/     3F6 :                     ;
     710/     3F6 : CD 48 01                CALL STRIN
     711/     3F9 : CD FB 01            	CALL PARSER
     712/     3FC : DA C4 02            	JP C,_PARAM_ERR
     713/     3FF :                     ;
     714/     3FF :                     ; 入力パラメータ数チェック
     715/     3FF : 3A 81 80            	LD A,(ARGC)
     716/     402 : FE 02               	CP 2
     717/     404 : C2 C4 02            	JP NZ,_PARAM_ERR
     718/     407 :                     ;
     719/     407 :                     ; I/Oアドレス取得
     720/     407 : 2A 82 80            	LD HL,(ARGV_1)
 AS V1.42 Beta [Bld 137] - source file Z80mon.asm - page 13 - 2019/05/26 15時07分08秒


     721/     40A : CD 10 03            	CALL STR_LEN
     722/     40D : FE 02               	CP 2
     723/     40F : C2 C4 02            	JP NZ,_PARAM_ERR
     724/     412 :                     ;
     725/     412 : 2A 82 80            	LD HL,(ARGV_1)
     726/     415 : CD 3D 02            	CALL HEX2BIN
     727/     418 : DA C4 02            	JP C,_PARAM_ERR
     728/     41B : 4F                  	LD C,A
     729/     41C :                     ;
     730/     41C :                     ; 出力データ取得
     731/     41C : 2A 84 80            	LD HL,(ARGV_2)
     732/     41F : CD 10 03            	CALL STR_LEN
     733/     422 : FE 02               	CP 2
     734/     424 : C2 C4 02            	JP NZ,_PARAM_ERR
     735/     427 :                     ;
     736/     427 : 2A 84 80            	LD HL,(ARGV_2)
     737/     42A : CD 3D 02            	CALL HEX2BIN
     738/     42D : DA C4 02            	JP C,_PARAM_ERR
     739/     430 :                     ;
     740/     430 : ED 79               	OUT (C),A
     741/     432 :                     ;
     742/     432 : CD B4 01            	CALL CRLF_PRINT
     743/     435 : C9                  	RET
     744/     436 :                     ;================================================================================
     745/     436 :                     ; インテルHEXロードコマンド
     746/     436 :                     ;================================================================================
     747/     436 :                     LOAD:
     748/     436 : CD B4 01            	CALL CRLF_PRINT
     749/     439 :                     ;
     750/     439 :                     _LOAD_START:
     751/     439 : D7                  	RST 10h
     752/     43A : FE 1B               	CP ESC
     753/     43C : 28 48               	JR Z,_LOAD_EXIT
     754/     43E : FE 3A               	CP ':'
     755/     440 : 20 F7               	JR NZ,_LOAD_START
     756/     442 : CF                  	RST 08h
     757/     443 :                     ;
     758/     443 :                     ; LENGTH GET
     759/     443 : 06 00               	LD B,0
     760/     445 : CD 48 01                CALL STRIN
     761/     448 :                     ;
     762/     448 : 21 44 80            	LD HL,INBUF
     763/     44B : CD 3D 02            	CALL HEX2BIN
     764/     44E : 4F                  	LD C,A
     765/     44F : 47                  	LD B,A
     766/     450 :                     ;
     767/     450 :                     ; ADDR GET
     768/     450 : 21 46 80            	LD HL,INBUF+2
     769/     453 : CD 6A 02            	CALL HEX4BIN
     770/     456 : E5                  	PUSH HL
     771/     457 : DD E1               	POP IX
     772/     459 : 78                  	LD A,B
     773/     45A : 84                  	ADD A,H
     774/     45B : 85                  	ADD A,L
     775/     45C : 47                  	LD B,A
     776/     45D :                     ;
     777/     45D :                     ; GET RECORD TYPE
     778/     45D : 21 4A 80            	LD HL,INBUF+6
     779/     460 : CD 3D 02            	CALL HEX2BIN
     780/     463 : B7                  	OR A
 AS V1.42 Beta [Bld 137] - source file Z80mon.asm - page 14 - 2019/05/26 15時07分08秒


     781/     464 : 20 20               	JR NZ,_LOAD_EXIT
     782/     466 :                     ;
     783/     466 :                     _MEM_LOAD_START:
     784/     466 : 21 4C 80            	LD HL,INBUF+8
     785/     469 :                     _MEM_LOAD:
     786/     469 : CD 3D 02            	CALL HEX2BIN
     787/     46C : DD 77 00            	LD (IX+0),A
     788/     46F : 80                  	ADD A,B
     789/     470 : 47                  	LD B,A
     790/     471 : 23                  	INC HL
     791/     472 : DD 23               	INC IX
     792/     474 : 0D                  	DEC C
     793/     475 : 20 F2               	JR NZ,_MEM_LOAD
     794/     477 :                     ;
     795/     477 : CD 3D 02            	CALL HEX2BIN
     796/     47A : 80                  	ADD A,B
     797/     47B : B7                  	OR A
     798/     47C : 20 02               	JR NZ,_CHECKSUM_ERROR
     799/     47E : 18 B9               	JR _LOAD_START
     800/     480 :                     ;
     801/     480 :                     _CHECKSUM_ERROR:
     802/     480 : 21 FE 05            	LD HL,CHECKSUM_ERRMSG
     803/     483 : C3 E6 01            	JP _PRINT_END
     804/     486 :                     ;
     805/     486 :                     _LOAD_EXIT:
     806/     486 : C9                  	RET
     807/     487 :                     ;
     808/     487 :                     ;--------------------------------------------------------------------------------
     809/     487 :                     ; コマンドテーブル
     810/     487 :                     ;--------------------------------------------------------------------------------
     811/     487 :                     CMD_TBL:
     812/     487 : 48                      DB 'H'
     813/     488 : DC 01                   DW HELP_OUT
     814/     48A : 3F                      DB '?'
     815/     48B : DC 01                   DW HELP_OUT
     816/     48D : 56                      DB 'V'
     817/     48E : E1 01                   DW VERSION_OUT
     818/     490 : 44                      DB 'D'
     819/     491 : 78 02                   DW MEM_DUMP
     820/     493 : 4D                      DB 'M'
     821/     494 : 21 03                   DW MEM_CHANGE
     822/     496 : 47                      DB 'G'
     823/     497 : 99 03                   DW PGM_GO
     824/     499 : 49                      DB 'I'
     825/     49A : C1 03                   DW IO_IN
     826/     49C : 4F                      DB 'O'
     827/     49D : F3 03                   DW IO_OUT
     828/     49F : 4C                      DB 'L'
     829/     4A0 : 36 04                   DW LOAD
     830/     4A2 :                     ; TABLE END
     831/     4A2 : 00                      DB 00h
     832/     4A3 :                     ;
     833/     4A3 :                     ;--------------------------------------------------------------------------------
     834/     4A3 :                     ; メッセージなど
     835/     4A3 :                     ;--------------------------------------------------------------------------------
     836/     4A3 : =KUNI-NET Z8..      VERNAME EQU "KUNI-NET Z80 MONITOR v0.7"
     837/     4A3 : 4B 55 4E 49 2D 4E   VERMSG  DB VERNAME,CR,0
                    45 54 20 5A 38 30 
                    20 4D 4F 4E 49 54 
                    4F 52 20 76 30 2E 
 AS V1.42 Beta [Bld 137] - source file Z80mon.asm - page 15 - 2019/05/26 15時07分08秒


                    37 0D 00 
     838/     4BE : 0D 0D 2A 2A 20 4B   OPENMSG DB CR,CR,"** ",VERNAME," **",CR,0
                    55 4E 49 2D 4E 45 
                    54 20 5A 38 30 20 
                    4D 4F 4E 49 54 4F 
                    52 20 76 30 2E 37 
                    20 2A 2A 0D 00 
     839/     4E1 : 08 20 08 00         BSTXT	DB BS,SPC,BS,0
     840/     4E5 : 2D 20 2D 20 2D 20   HELP_MSG DB "- - - COMMAND HELP - - -",CR
                    43 4F 4D 4D 41 4E 
                    44 20 48 45 4C 50 
                    20 2D 20 2D 20 2D 
                    0D 
     841/     4FE : 4D 20 58 58 58 58            DB "M XXXX ",TAB,TAB,"MEMORY EDIT",CR
                    20 09 09 4D 45 4D 
                    4F 52 59 20 45 44 
                    49 54 0D 
     842/     513 : 44 20 58 58 58 58            DB "D XXXX XXXX ",TAB,"MEMORY DUMP",CR
                    20 58 58 58 58 20 
                    09 4D 45 4D 4F 52 
                    59 20 44 55 4D 50 
                    0D 
     843/     52C : 47 20 58 58 58 58            DB "G XXXX",TAB,TAB,"PROGRAM EXECUTE",CR
                    09 09 50 52 4F 47 
                    52 41 4D 20 45 58 
                    45 43 55 54 45 0D 
     844/     544 : 47 20 58 58 58 58            DB "G XXXX PARAM1 PARAM2",TAB,"PROGRAM EXECUTE w/PARAM",CR
                    20 50 41 52 41 4D 
                    31 20 50 41 52 41 
                    4D 32 09 50 52 4F 
                    47 52 41 4D 20 45 
                    58 45 43 55 54 45 
                    20 77 2F 50 41 52 
                    41 4D 0D 
     845/     571 : 49 20 58 58 09 09            DB "I XX",TAB,TAB,"I/O INPUT",CR
                    49 2F 4F 20 49 4E 
                    50 55 54 0D 
     846/     581 : 4F 20 58 58 20 58            DB "O XX XX",TAB,TAB,"I/O OUTPUT",CR
                    58 09 09 49 2F 4F 
                    20 4F 55 54 50 55 
                    54 0D 
     847/     595 : 4C 20 09 09 49 4E            DB "L ",TAB,TAB,"INTEL HEX LOAD",CR
                    54 45 4C 20 48 45 
                    58 20 4C 4F 41 44 
                    0D 
     848/     5A8 : 48 20 09 09 48 45            DB "H ",TAB,TAB,"HELP MESSGAE",CR
                    4C 50 20 4D 45 53 
                    53 47 41 45 0D 
     849/     5B9 : 56 20 09 09 56 45            DB "V ",TAB,TAB,"VERSION INFOMATION",CR,0
                    52 53 49 4F 4E 20 
                    49 4E 46 4F 4D 41 
                    54 49 4F 4E 0D 00 
     850/     5D1 : 07 2A 2A 20 50 41   PARAM_ERRMSG DB BEEP,"** PARAMETER ERR",CR,0
                    52 41 4D 45 54 45 
                    52 20 45 52 52 0D 
                    00 
     851/     5E4 : 07 2A 2A 20 4D 45   ABORT_MSG DB BEEP,"** MEM DUMP ABORTED END",CR,0
                    4D 20 44 55 4D 50 
                    20 41 42 4F 52 54 
                    45 44 20 45 4E 44 
 AS V1.42 Beta [Bld 137] - source file Z80mon.asm - page 16 - 2019/05/26 15時07分08秒


                    0D 00 
     852/     5FE : 07 2A 2A 20 43 48   CHECKSUM_ERRMSG DB BEEP,"** CHECKSUM ERROR",CR,0
                    45 43 4B 53 55 4D 
                    20 45 52 52 4F 52 
                    0D 00 
     853/     612 : 0D 3F 0D 00         HATENA_MSG DB CR,"?",CR,0
     854/     616 :                     
     855/     616 :                     ;
     856/     616 :                     ;
     857/     616 :                     ;------------------------------------------------------------------------------
     858/     616 :                     ; デバイス依存ルーチン (deviceディレクトリに配置)
     859/     616 :                     ;------------------------------------------------------------------------------
     860/     616 : =>DEFINED           	IFDEF MC6850
     861/     616 :                     	  include "device/KZ80_6850.asm"
(1)    1/     616 :                     ;
(1)    2/     616 :                     ; KZ80_SB_MC6850用モジュール
(1)    3/     616 :                     ;    シリアル　MC6850
(1)    4/     616 :                     ;--------------------------------------------------------
(1)    5/     616 :                     
(1)    6/     616 : =80H                UARTRC	EQU	80H
(1)    7/     616 : =81H                UARTRD	EQU	81H
(1)    8/     616 :                     ;
(1)    9/     616 : =3FH                BUFSIZ	EQU	3FH
(1)   10/     616 : =30H                BUFFUL	EQU	30H
(1)   11/     616 : =5H                 BUFEMP	EQU	5
(1)   12/     616 :                     ;
(1)   13/     616 : =D6H                RTSHIG	EQU	0D6h
(1)   14/     616 : =96H                RTSLOW	EQU	096h
(1)   15/     616 :                     
(1)   16/     616 :                     ;------------------------------------------------------------------------------
(1)   17/     616 :                     ; 割り込みルーチン
(1)   18/     616 :                     ;------------------------------------------------------------------------------
(1)   19/     616 : F5                  SERINT:	PUSH	AF
(1)   20/     617 : E5                  	PUSH	HL
(1)   21/     618 : DB 80               	IN	A,(UARTRC)
(1)   22/     61A : E6 01               	AND	00000001B
(1)   23/     61C : CA 50 06            	JP	Z,RTS0
(1)   24/     61F : DB 81               	IN	A,(UARTRD)
(1)   25/     621 : F5                  	PUSH	AF
(1)   26/     622 : 3A 43 80            	LD	A,(SERCNT)
(1)   27/     625 : FE 3F               	CP	BUFSIZ
(1)   28/     627 : C2 2E 06            	JP	NZ,NOTFUL
(1)   29/     62A : F1                  	POP	AF
(1)   30/     62B : C3 50 06            	JP	RTS0
(1)   31/     62E : 2A 3F 80            NOTFUL:	LD	HL,(SERINP)
(1)   32/     631 : 23                  	INC	HL
(1)   33/     632 : 7D                  	LD	A,L
(1)   34/     633 : FE 3F               	CP	SERINP & 0FFH
(1)   35/     635 : C2 3B 06            	JP	NZ,NOTWRP
(1)   36/     638 : 21 00 80            	LD	HL,SERBUF
(1)   37/     63B : 22 3F 80            NOTWRP:	LD	(SERINP),HL
(1)   38/     63E : F1                  	POP	AF
(1)   39/     63F : 77                  	LD	(HL),A
(1)   40/     640 : 3A 43 80            	LD	A,(SERCNT)
(1)   41/     643 : 3C                  	INC	A
(1)   42/     644 : 32 43 80            	LD	(SERCNT),A
(1)   43/     647 : FE 30               	CP	BUFFUL
(1)   44/     649 : DA 50 06            	JP	C,RTS0
(1)   45/     64C : 3E D6               	LD	A,RTSHIG
(1)   46/     64E : D3 80               	OUT	(UARTRC),A
 AS V1.42 Beta [Bld 137] - source file Z80mon.asm(KZ80_6850.asm) - page 17 - 2019/05/26 15時07分08秒


(1)   47/     650 : E1                  RTS0:	POP	HL
(1)   48/     651 : F1                  	POP	AF
(1)   49/     652 : FB                  	EI
(1)   50/     653 : C9                  	RET
(1)   51/     654 :                     
(1)   52/     654 :                     ;------------------------------------------------------------------------------
(1)   53/     654 :                     ; 1文字入力(バッファから)
(1)   54/     654 :                     ;------------------------------------------------------------------------------
(1)   55/     654 :                     CIN:
(1)   56/     654 : 3A 43 80            	LD	A,(SERCNT)
(1)   57/     657 : FE 00               	CP	00H
(1)   58/     659 : CA 54 06            	JP	Z,CIN
(1)   59/     65C : E5                  	PUSH	HL
(1)   60/     65D : 2A 41 80            	LD	HL,(SERRDP)
(1)   61/     660 : 23                  	INC	HL
(1)   62/     661 : 7D                  	LD	A,L
(1)   63/     662 : FE 3F               	CP	SERINP & 0FFH
(1)   64/     664 : C2 6A 06            	JP	NZ,NRWRAP
(1)   65/     667 : 21 00 80            	LD	HL,SERBUF
(1)   66/     66A : F3                  NRWRAP:	DI
(1)   67/     66B : 22 41 80            	LD	(SERRDP),HL
(1)   68/     66E : 3A 43 80            	LD	A,(SERCNT)
(1)   69/     671 : 3D                  	DEC	A
(1)   70/     672 : 32 43 80            	LD	(SERCNT),A
(1)   71/     675 : FE 05               	CP	BUFEMP
(1)   72/     677 : D2 7E 06            	JP	NC,RTS1
(1)   73/     67A : 3E 96               	LD	A,RTSLOW
(1)   74/     67C : D3 80               	OUT	(UARTRC),A
(1)   75/     67E : 7E                  RTS1:	LD	A,(HL)
(1)   76/     67F : FB                  	EI
(1)   77/     680 : E1                  	POP	HL
(1)   78/     681 : C9                  	RET	
(1)   79/     682 :                     
(1)   80/     682 :                     ;------------------------------------------------------------------------------
(1)   81/     682 :                     ; 1文字出力
(1)   82/     682 :                     ;------------------------------------------------------------------------------
(1)   83/     682 : F5                  COUT:		PUSH	AF
(1)   84/     683 : DB 80               COUT1:	IN	A,(UARTRC)
(1)   85/     685 : E6 02               	AND	02H     
(1)   86/     687 : CA 83 06            	JP	Z,COUT1
(1)   87/     68A : F1                  	POP	AF
(1)   88/     68B : D3 81               	OUT	(UARTRD),A
(1)   89/     68D : C9                  	RET
(1)   90/     68E :                     
(1)   91/     68E :                     ;------------------------------------------------------------------------------
(1)   92/     68E :                     ; 入力バッファチェック
(1)   93/     68E :                     ;------------------------------------------------------------------------------
(1)   94/     68E : 3A 43 80            CKINCHAR	LD	A,(SERCNT)
(1)   95/     691 : FE 00               	CP	00H
(1)   96/     693 : C9                  	RET
(1)   97/     694 :                     
(1)   98/     694 :                     ;------------------------------------------------------------------------------
(1)   99/     694 :                     ; 初期化
(1)  100/     694 :                     ;------------------------------------------------------------------------------
(1)  101/     694 :                     INIT:		
(1)  102/     694 : 31 A8 80                LD  SP,STACK
(1)  103/     697 : 21 00 80            	LD	HL,SERBUF
(1)  104/     69A : 22 3F 80            	LD	(SERINP),HL
(1)  105/     69D : 22 41 80            	LD	(SERRDP),HL
(1)  106/     6A0 : AF                  	XOR	A
 AS V1.42 Beta [Bld 137] - source file Z80mon.asm(KZ80_6850.asm) - page 18 - 2019/05/26 15時07分08秒


(1)  107/     6A1 : 32 43 80            	LD	(SERCNT),A
(1)  108/     6A4 :                     ;
(1)  109/     6A4 : 3E 96               	LD	A,96h
(1)  110/     6A6 : D3 80               	OUT	(UARTRC),A
(1)  111/     6A8 :                     ;
(1)  112/     6A8 : ED 56               	IM 1
(1)  113/     6AA : FB                  	EI
(1)  114/     6AB :                     ;
(1)  115/     6AB : C3 00 01                JP MAIN
(1)  116/     6AE :                     ;
(1)  117/     6AE :                     ; RAM 8000h〜
(1)  118/     6AE :                     ;
(1)  119/    8000 :                         ORG 8000h
(1)  120/    8000 :                     ;
(1)  121/    8000 :                     SERBUF	DS	BUFSIZ
(1)  122/    803F :                     SERINP	DS	2
(1)  123/    8041 :                     SERRDP	DS	2
(1)  124/    8043 :                     SERCNT	DS	1
(1)  125/    8044 :                     ;
(1)  126/    8044 : =8044H              DEVICE_RAM_END EQU $
(1)  127/    8044 :                     
     862/    8044 : [860]               	ENDIF
     863/    8044 :                     
     864/    8044 : =>UNDEFINED         	IFDEF SBC8080SUB
     865/    8044 :                     	  include "device/SBC8080SUB.asm" 
     866/    8044 : [864]               	ENDIF
     867/    8044 :                     
     868/    8044 : =>UNDEFINED         	IFDEF KZ80
     869/    8044 :                     	  include "device/KZ80_8251.asm"
     870/    8044 : [868]               	ENDIF
     871/    8044 :                     
     872/    8044 : =>UNDEFINED         	IFDEF i8259_8254
     873/    8044 :                     	  include "device/KZ80_8259_8254.asm"
     874/    8044 : [872]               	ENDIF
     875/    8044 :                     
     876/    8044 :                     
     877/    8044 :                     ;
     878/    8044 :                     ;------------------------------------------------------------------------------
     879/    8044 :                     ; RAM バッファ & STACK
     880/    8044 :                     ;------------------------------------------------------------------------------
     881/    8044 :                     	ORG DEVICE_RAM_END
     882/    8044 :                     ;
     883/    8044 :                     INBUF   DS  60
     884/    8080 : =3CH                INMAX   EQU  $-INBUF
     885/    8080 :                     INEND   DS  1
     886/    8081 :                     ;
     887/    8081 :                     ARGC	DS	1
     888/    8082 :                     ARGV_1	DS	2
     889/    8084 :                     ARGV_2	DS	2
     890/    8086 :                     ARGV_3	DS	2
     891/    8088 : =3H                 ARG_MAX	EQU ($-ARGV_1)/2
     892/    8088 : =7H                 ARG_AREA_LEN EQU $-ARGC
     893/    8088 :                     ;
     894/    8088 :                         	DS	32
     895/    80A8 : =80A8H              STACK   EQU $
     896/    80A8 :                     
 AS V1.42 Beta [Bld 137] - source file Z80mon.asm - page 19 - 2019/05/26 15時07分08秒


  symbol table (* = unused):
  ------------------------

 ABORT_MSG :                    5E4 C |  ADDR_OUT :                     2EE C |
*ARCHITECTURE :    x86_64-apple-osx - |  ARGC :                        8081 C |
 ARGV_1 :                      8082 C |  ARGV_2 :                      8084 C |
*ARGV_3 :                      8086 C |  ARG_AREA_LEN :                   7 - |
 ARG_MAX :                        3 - |  ASC16 :                        2D0 C |
 BEEP :                           7 - | *BIGENDIAN :                      0 - |
*BRANCHEXT :                      0 - |  BS :                             8 - |
 BSTXT :                        4E1 C |  BUFEMP :                         5 - |
 BUFFUL :                        30 - |  BUFSIZ :                        3F - |
*CASESENSITIVE :                  0 - |  CHECKSUM_ERRMSG :              5FE C |
 CIN :                          654 C |  CKINCHAR :                     68E C |
*CLS :                            C - |  CMD_TBL :                      487 C |
*CONSTPI :        3.141592653589793 - |  COUT :                         682 C |
 COUT1 :                        683 C |  CPRINT :                       1AE C |
 CR :                             D - |  CRLF_PRINT :                   1B4 C |
*CTRLC :                          3 - | *DATE :                  2019/05/26 - |
 DEL :                           7F - |  DEVICE_RAM_END :              8044 - |
 DUMP16 :                       2FB C |  DUMP_AT :                      30B C |
 ESC :                           1B - | *FALSE :                          0 - |
*FULLPMMU :                       1 - |  GETC :                         13E C |
*HAS64 :                          1 - | *HASDSP :                         0 - |
*HASFPU :                         0 - | *HASPMMU :                        0 - |
 HATENA_MSG :                   612 C |  HELP_MSG :                     4E5 C |
 HELP_OUT :                     1DC C |  HEX2BIN :                      23D C |
 HEX2OUT :                      1BF C |  HEX4BIN :                      26A C |
 HEX4OUT :                      1F0 C |  INBUF :                       8044 C |
 INEND :                       8080 C | *INEXTMODE :                      0 - |
 INIT :                         694 C | *INLWORDMODE :                    0 - |
 INMAX :                         3C - | *INMAXMODE :                      0 - |
*INSRCMODE :                      0 - | *INSUPMODE :                      0 - |
 IO_IN :                        3C1 C |  IO_OUT :                       3F3 C |
*LF :                             A - | *LISTON :                         1 - |
 LOAD :                         436 C | *MACEXP :                         7 - |
 MAIN :                         100 C | *MC6850 :                         1 - |
 MEM_CHANGE :                   321 C |  MEM_DUMP :                     278 C |
*MOMCPU :                        80 - | *MOMCPUNAME :                   Z80 - |
*NESTMAX :                      100 - |  NOTFUL :                       62E C |
 NOTWRP :                       63B C |  NRWRAP :                       66A C |
 NULL :                           0 - |  OPENMSG :                      4BE C |
*PACKING :                        0 - | *PADDING :                        1 - |
 PARAM_ERRMSG :                 5D1 C |  PARSER :                       1FB C |
 PGM_GO :                       399 C | *RELAXED :                        0 - |
*RST00 :                          0 C | *RST08 :                          8 C |
*RST10 :                         10 C | *RST18 :                         18 C |
*RST38 :                         38 C |  RTS0 :                         650 C |
 RTS1 :                         67E C |  RTSHIG :                        D6 - |
 RTSLOW :                        96 - |  SERBUF :                      8000 C |
 SERCNT :                      8043 C |  SERINP :                      803F C |
 SERINT :                       616 C |  SERRDP :                      8041 C |
 SPC :                           20 - |  SPC_PRINT :                    1BB C |
 STACK :                       80A8 - |  STRIN :                        148 C |
 STRPR :                        1A5 C |  STR_LEN :                      310 C |
 TAB :                            9 - |
*TIME :                          15\-26\-10\-1207\-27\-12\-1208\-25\-89\-11 - |
*TRUE :                           1 - |  UARTRC :                        80 - |
 UARTRD :                        81 - |  VERMSG :                       4A3 C |
 VERNAME :                                        KUNI-NET Z80 MONITOR v0.7 - |
 AS V1.42 Beta [Bld 137] - source file Z80mon.asm - page 20 - 2019/05/26 15時07分08秒


*VERSION :                     142F - |  VERSION_OUT :                  1E1 C |
 _ABORT_DUMP :                  2CA C |  _ASC16_DOT :                   2E6 C |
 _ASC16_LOOP :                  2DB C |  _ASC16_PRINT :                 2E8 C |
 _ATOBIN :                      257 C |  _ATOBIN1 :                     267 C |
 _BS_RTN :                      189 C |  _BS_RTN2 :                     194 C |
 _CHAR_SET :                    17B C |  _CHECKSUM_ERROR :              480 C |
 _CMD_LOOP :                    115 C |  _DUMP16_LOOP :                 300 C |
 _DUMP_END_CHECK :              2BF C |  _DUMP_GO :                     2AA C |
 _DUMP_LOOP :                   2A2 C |  _ERROR_EXIT :                  130 C |
 _ESC_RTN :                     187 C |  _HATENA_OUT :                  389 C |
 _HEX2BIN_EXIT :                255 C |  _HEX_CNV_PR :                  1D4 C |
 _LOAD_EXIT :                   486 C |  _LOAD_START :                  439 C |
 _MAIN_LOOP :                   106 C |  _MEM_CHANGE_EXIT :             393 C |
 _MEM_CHANGE_LOOP :             341 C |  _MEM_LOAD :                    469 C |
*_MEM_LOAD_START :              466 C |  _NEXT_ADDR :                   383 C |
 _NEXT_CMD :                    128 C |  _PARAM_ERR :                   2C4 C |
 _PARAM_LOOP :                  22D C |  _PARSE_ERR :                   23B C |
 _PARSE_LOOP :                  211 C | *_PGM_EXEC :                    3A5 C |
 _PRINT_END :                   1E6 C |  _STRIN_END :                   1A1 C |
 _STRIN_LOOP :                  15B C |  _STR_LEN_EXIT :                31D C |
 _STR_LEN_LOOP :                314 C |  _WARN_BEEP :                   182 C |

    153 symbols
     40 unused symbols

 AS V1.42 Beta [Bld 137] - source file Z80mon.asm - page 21 - 2019/05/26 15時07分08秒


  codepages:
  ----------

STANDARD (0 changed characters)


0.02 seconds assembly time

   1023 lines source file
      2 passes
      0 errors
      0 warnings
